// Vitest Snapshot v1, https://vitest.dev/guide/snapshot.html

exports[`simulation determinism (golden regression) > matches the golden behavior snapshot 1`] = `
{
  "final": {
    "counts": {
      "fx": 12,
      "projectiles": 0,
      "zones": 0,
    },
    "phase": "gameover",
    "players": [
      {
        "alive": false,
        "cd": {
          "basic": 0,
          "evade": 0,
          "skill1": 4.905,
          "skill2": 0,
          "ultimate": 0,
        },
        "effects": [],
        "facing": 0.785,
        "hp": 0,
        "id": "p0",
        "kills": 0,
        "mana": 15.6,
        "shield": 0,
        "ult": 100,
        "x": 1163.275,
        "y": 667.686,
      },
      {
        "alive": false,
        "cd": {
          "basic": 0.41,
          "evade": 0,
          "skill1": 0.905,
          "skill2": 7.857,
          "ultimate": 0,
        },
        "effects": [],
        "facing": -1.571,
        "hp": 0,
        "id": "p1",
        "kills": 0,
        "mana": 52.7,
        "shield": 0,
        "ult": 90.54,
        "x": 1288.03,
        "y": 743.997,
      },
      {
        "alive": false,
        "cd": {
          "basic": 0,
          "evade": 0.5,
          "skill1": 3.476,
          "skill2": 0,
          "ultimate": 0,
        },
        "effects": [],
        "facing": 0,
        "hp": 0,
        "id": "p2",
        "kills": 0,
        "mana": 10.4,
        "shield": 0,
        "ult": 82.054,
        "x": 1159.328,
        "y": 709.72,
      },
      {
        "alive": true,
        "cd": {
          "basic": 0.43,
          "evade": 0,
          "skill1": 2.952,
          "skill2": 0,
          "ultimate": 7.952,
        },
        "effects": [
          "bleed",
          "protect",
          "reflect",
        ],
        "facing": 1.571,
        "hp": 303.922,
        "id": "p3",
        "kills": 2,
        "mana": 19.9,
        "shield": 23.267,
        "ult": 29.861,
        "x": 1257.418,
        "y": 896.847,
      },
      {
        "alive": false,
        "cd": {
          "basic": 0.362,
          "evade": 0,
          "skill1": 0,
          "skill2": 0,
          "ultimate": 0,
        },
        "effects": [
          "bleed",
        ],
        "facing": 1.571,
        "hp": 0,
        "id": "p4",
        "kills": 2,
        "mana": 29.7,
        "shield": 0,
        "ult": 100,
        "x": 1183.952,
        "y": 757.803,
      },
      {
        "alive": false,
        "cd": {
          "basic": 0.46,
          "evade": 0,
          "skill1": 2.185,
          "skill2": 0,
          "ultimate": 0,
        },
        "effects": [
          "lifesteal",
          "rage",
        ],
        "facing": 1.571,
        "hp": 0,
        "id": "p5",
        "kills": 1,
        "mana": 28.5,
        "shield": 0,
        "ult": 82.587,
        "x": 1299.712,
        "y": 834.634,
      },
    ],
    "time": 27.367,
    "winner": "p3",
  },
  "trail": [
    {
      "counts": {
        "fx": 14,
        "projectiles": 5,
        "zones": 0,
      },
      "phase": "playing",
      "players": [
        {
          "alive": true,
          "cd": {
            "basic": 0,
            "evade": 1.119,
            "skill1": 7.619,
            "skill2": 9.619,
            "ultimate": 0,
          },
          "effects": [],
          "facing": 3.142,
          "hp": 300,
          "id": "p0",
          "kills": 0,
          "mana": 7.9,
          "shield": 0,
          "ult": 8,
          "x": 1168.095,
          "y": 692.278,
        },
        {
          "alive": true,
          "cd": {
            "basic": 0.171,
            "evade": 1.738,
            "skill1": 4.952,
            "skill2": 7.143,
            "ultimate": 0,
          },
          "effects": [],
          "facing": 2.356,
          "hp": 170,
          "id": "p1",
          "kills": 0,
          "mana": 52.2,
          "shield": 0,
          "ult": 8,
          "x": 1541.295,
          "y": 681.249,
        },
        {
          "alive": true,
          "cd": {
            "basic": 0.007,
            "evade": 2.357,
            "skill1": 6.286,
            "skill2": 8.667,
            "ultimate": 0,
          },
          "effects": [
            "evading",
            "invis",
            "lifesteal",
          ],
          "facing": 3.142,
          "hp": 190,
          "id": "p2",
          "kills": 0,
          "mana": 11.5,
          "shield": 0,
          "ult": 8,
          "x": 1223.996,
          "y": 799.271,
        },
        {
          "alive": true,
          "cd": {
            "basic": 0.382,
            "evade": 0,
            "skill1": 10.619,
            "skill2": 0,
            "ultimate": 0,
          },
          "effects": [
            "reflect",
          ],
          "facing": -1.571,
          "hp": 460,
          "id": "p3",
          "kills": 0,
          "mana": 40.8,
          "shield": 260,
          "ult": 8,
          "x": 1200,
          "y": 1273.333,
        },
        {
          "alive": true,
          "cd": {
            "basic": 0.457,
            "evade": 0,
            "skill1": 6.952,
            "skill2": 0,
            "ultimate": 0,
          },
          "effects": [],
          "facing": -0.785,
          "hp": 200,
          "id": "p4",
          "kills": 0,
          "mana": 95.1,
          "shield": 0,
          "ult": 8,
          "x": 789.085,
          "y": 988.371,
        },
        {
          "alive": true,
          "cd": {
            "basic": 0.412,
            "evade": 0,
            "skill1": 0,
            "skill2": 0,
            "ultimate": 0,
          },
          "effects": [],
          "facing": 0.785,
          "hp": 290,
          "id": "p5",
          "kills": 0,
          "mana": 50,
          "shield": 0,
          "ult": 8,
          "x": 789.249,
          "y": 611.792,
        },
      ],
      "time": 1,
      "winner": null,
    },
    {
      "counts": {
        "fx": 9,
        "projectiles": 5,
        "zones": 2,
      },
      "phase": "playing",
      "players": [
        {
          "alive": true,
          "cd": {
            "basic": 0.312,
            "evade": 0,
            "skill1": 6.19,
            "skill2": 8.19,
            "ultimate": 0,
          },
          "effects": [],
          "facing": 3.142,
          "hp": 300,
          "id": "p0",
          "kills": 0,
          "mana": 10.9,
          "shield": 0,
          "ult": 16,
          "x": 1192.671,
          "y": 730.879,
        },
        {
          "alive": true,
          "cd": {
            "basic": 0.457,
            "evade": 0.31,
            "skill1": 3.524,
            "skill2": 5.714,
            "ultimate": 0,
          },
          "effects": [],
          "facing": 2.356,
          "hp": 170,
          "id": "p1",
          "kills": 0,
          "mana": 55.2,
          "shield": 0,
          "ult": 16,
          "x": 1429.572,
          "y": 792.971,
        },
        {
          "alive": true,
          "cd": {
            "basic": 0.292,
            "evade": 0.929,
            "skill1": 4.857,
            "skill2": 7.238,
            "ultimate": 0,
          },
          "effects": [
            "lifesteal",
          ],
          "facing": 3.142,
          "hp": 190,
          "id": "p2",
          "kills": 0,
          "mana": 14.5,
          "shield": 0,
          "ult": 16,
          "x": 1241.085,
          "y": 798.441,
        },
        {
          "alive": true,
          "cd": {
            "basic": 0,
            "evade": 1.548,
            "skill1": 9.19,
            "skill2": 10.762,
            "ultimate": 0,
          },
          "effects": [
            "reflect",
          ],
          "facing": -1.571,
          "hp": 460,
          "id": "p3",
          "kills": 0,
          "mana": 3.8,
          "shield": 260,
          "ult": 16,
          "x": 1200,
          "y": 1054.001,
        },
        {
          "alive": true,
          "cd": {
            "basic": 0,
            "evade": 2.167,
            "skill1": 5.524,
            "skill2": 10.286,
            "ultimate": 0,
          },
          "effects": [
            "evading",
            "haste",
          ],
          "facing": -0.785,
          "hp": 200,
          "id": "p4",
          "kills": 0,
          "mana": 58.1,
          "shield": 0,
          "ult": 16.16,
          "x": 965.969,
          "y": 811.487,
        },
        {
          "alive": true,
          "cd": {
            "basic": 0,
            "evade": 0,
            "skill1": 5.857,
            "skill2": 9.81,
            "ultimate": 0,
          },
          "effects": [
            "burn",
            "lifesteal",
            "rage",
          ],
          "facing": 0,
          "hp": 283.2,
          "id": "p5",
          "kills": 0,
          "mana": 32.4,
          "shield": 0,
          "ult": 16.272,
          "x": 1051.389,
          "y": 803.073,
        },
      ],
      "time": 2,
      "winner": null,
    },
    {
      "counts": {
        "fx": 14,
        "projectiles": 2,
        "zones": 1,
      },
      "phase": "playing",
      "players": [
        {
          "alive": true,
          "cd": {
            "basic": 0,
            "evade": 0,
            "skill1": 4.762,
            "skill2": 6.762,
            "ultimate": 0,
          },
          "effects": [
            "burn",
          ],
          "facing": 3.142,
          "hp": 296.2,
          "id": "p0",
          "kills": 0,
          "mana": 13.9,
          "shield": 0,
          "ult": 24.272,
          "x": 1204.208,
          "y": 729.37,
        },
        {
          "alive": true,
          "cd": {
            "basic": 0,
            "evade": 0,
            "skill1": 2.095,
            "skill2": 4.286,
            "ultimate": 0,
          },
          "effects": [],
          "facing": 3.142,
          "hp": 157.477,
          "id": "p1",
          "kills": 0,
          "mana": 58.2,
          "shield": 0,
          "ult": 25.659,
          "x": 1313.767,
          "y": 837.66,
        },
        {
          "alive": true,
          "cd": {
            "basic": 0,
            "evade": 0,
            "skill1": 3.429,
            "skill2": 5.81,
            "ultimate": 0,
          },
          "effects": [
            "burn",
            "lifesteal",
          ],
          "facing": 3.142,
          "hp": 185.1,
          "id": "p2",
          "kills": 0,
          "mana": 17.5,
          "shield": 0,
          "ult": 24.272,
          "x": 1256.907,
          "y": 796.371,
        },
        {
          "alive": true,
          "cd": {
            "basic": 0.096,
            "evade": 0.119,
            "skill1": 7.762,
            "skill2": 9.333,
            "ultimate": 0,
          },
          "effects": [
            "burn",
            "reflect",
          ],
          "facing": -1.571,
          "hp": 460,
          "id": "p3",
          "kills": 0,
          "mana": 6.8,
          "shield": 209,
          "ult": 24.357,
          "x": 1193.227,
          "y": 929.351,
        },
        {
          "alive": true,
          "cd": {
            "basic": 0.171,
            "evade": 0.738,
            "skill1": 4.095,
            "skill2": 8.857,
            "ultimate": 0,
          },
          "effects": [
            "haste",
          ],
          "facing": 3.142,
          "hp": 178.307,
          "id": "p4",
          "kills": 0,
          "mana": 61.1,
          "shield": 0,
          "ult": 26.87,
          "x": 1097.932,
          "y": 861.562,
        },
        {
          "alive": true,
          "cd": {
            "basic": 0.122,
            "evade": 1.317,
            "skill1": 4.384,
            "skill2": 8.336,
            "ultimate": 0,
          },
          "effects": [
            "burn",
            "lifesteal",
            "rage",
          ],
          "facing": 3.142,
          "hp": 277.181,
          "id": "p5",
          "kills": 0,
          "mana": 35.4,
          "shield": 0,
          "ult": 26.18,
          "x": 1156.247,
          "y": 766.685,
        },
      ],
      "time": 3,
      "winner": null,
    },
    {
      "counts": {
        "fx": 26,
        "projectiles": 4,
        "zones": 1,
      },
      "phase": "playing",
      "players": [
        {
          "alive": true,
          "cd": {
            "basic": 0.026,
            "evade": 0,
            "skill1": 3.333,
            "skill2": 5.333,
            "ultimate": 0,
          },
          "effects": [
            "burn",
          ],
          "facing": 1.571,
          "hp": 280.984,
          "id": "p0",
          "kills": 0,
          "mana": 16.9,
          "shield": 0,
          "ult": 33.676,
          "x": 1211.897,
          "y": 724.063,
        },
        {
          "alive": true,
          "cd": {
            "basic": 0.171,
            "evade": 0,
            "skill1": 0.667,
            "skill2": 2.857,
            "ultimate": 0,
          },
          "effects": [],
          "facing": 1.571,
          "hp": 160.877,
          "id": "p1",
          "kills": 0,
          "mana": 61.2,
          "shield": 0,
          "ult": 33.659,
          "x": 1319.943,
          "y": 833.381,
        },
        {
          "alive": true,
          "cd": {
            "basic": 0.007,
            "evade": 0,
            "skill1": 2,
            "skill2": 4.381,
            "ultimate": 0,
          },
          "effects": [
            "burn",
            "lifesteal",
          ],
          "facing": 1.571,
          "hp": 144.463,
          "id": "p2",
          "kills": 0,
          "mana": 20.5,
          "shield": 0,
          "ult": 34.78,
          "x": 1277.642,
          "y": 751.977,
        },
        {
          "alive": true,
          "cd": {
            "basic": 0.382,
            "evade": 0,
            "skill1": 6.333,
            "skill2": 7.905,
            "ultimate": 0,
          },
          "effects": [
            "burn",
            "reflect",
          ],
          "facing": 1.571,
          "hp": 460,
          "id": "p3",
          "kills": 0,
          "mana": 9.8,
          "shield": 191.15,
          "ult": 32.842,
          "x": 1202.308,
          "y": 918.941,
        },
        {
          "alive": true,
          "cd": {
            "basic": 0.457,
            "evade": 0,
            "skill1": 2.667,
            "skill2": 7.429,
            "ultimate": 0,
          },
          "effects": [
            "haste",
          ],
          "facing": 1.571,
          "hp": 171.242,
          "id": "p4",
          "kills": 0,
          "mana": 64.1,
          "shield": 0,
          "ult": 38.813,
          "x": 1137.806,
          "y": 849.338,
        },
        {
          "alive": true,
          "cd": {
            "basic": 0.409,
            "evade": 0,
            "skill1": 2.814,
            "skill2": 6.767,
            "ultimate": 0,
          },
          "effects": [
            "burn",
            "lifesteal",
            "rage",
          ],
          "facing": 1.571,
          "hp": 244.515,
          "id": "p5",
          "kills": 0,
          "mana": 38.4,
          "shield": 0,
          "ult": 37.356,
          "x": 1154.508,
          "y": 771.146,
        },
      ],
      "time": 4,
      "winner": null,
    },
    {
      "counts": {
        "fx": 24,
        "projectiles": 4,
        "zones": 1,
      },
      "phase": "playing",
      "players": [
        {
          "alive": true,
          "cd": {
            "basic": 0.312,
            "evade": 0,
            "skill1": 1.905,
            "skill2": 3.905,
            "ultimate": 0,
          },
          "effects": [
            "burn",
          ],
          "facing": 1.571,
          "hp": 265.109,
          "id": "p0",
          "kills": 0,
          "mana": 19.9,
          "shield": 0,
          "ult": 43.071,
          "x": 1211.775,
          "y": 711.12,
        },
        {
          "alive": true,
          "cd": {
            "basic": 0.457,
            "evade": 0,
            "skill1": 0,
            "skill2": 1.429,
            "ultimate": 0,
          },
          "effects": [],
          "facing": 1.571,
          "hp": 134.277,
          "id": "p1",
          "kills": 0,
          "mana": 64.2,
          "shield": 0,
          "ult": 42.859,
          "x": 1320.925,
          "y": 825.386,
        },
        {
          "alive": true,
          "cd": {
            "basic": 0.292,
            "evade": 0,
            "skill1": 0.571,
            "skill2": 2.952,
            "ultimate": 0,
          },
          "effects": [
            "burn",
          ],
          "facing": 1.571,
          "hp": 140.963,
          "id": "p2",
          "kills": 0,
          "mana": 23.5,
          "shield": 0,
          "ult": 43.52,
          "x": 1279.078,
          "y": 734.317,
        },
        {
          "alive": true,
          "cd": {
            "basic": 0,
            "evade": 0,
            "skill1": 4.905,
            "skill2": 6.476,
            "ultimate": 0,
          },
          "effects": [
            "burn",
            "reflect",
          ],
          "facing": 1.571,
          "hp": 460,
          "id": "p3",
          "kills": 0,
          "mana": 12.8,
          "shield": 146.95,
          "ult": 41.151,
          "x": 1201.06,
          "y": 931.386,
        },
        {
          "alive": true,
          "cd": {
            "basic": 0,
            "evade": 0,
            "skill1": 1.238,
            "skill2": 6,
            "ultimate": 0,
          },
          "effects": [
            "haste",
          ],
          "facing": 1.571,
          "hp": 162.964,
          "id": "p4",
          "kills": 0,
          "mana": 67.1,
          "shield": 0,
          "ult": 50.584,
          "x": 1143.753,
          "y": 875.792,
        },
        {
          "alive": true,
          "cd": {
            "basic": 0,
            "evade": 0,
            "skill1": 1.245,
            "skill2": 5.198,
            "ultimate": 0,
          },
          "effects": [
            "burn",
            "lifesteal",
            "rage",
          ],
          "facing": 1.571,
          "hp": 237.125,
          "id": "p5",
          "kills": 0,
          "mana": 41.4,
          "shield": 0,
          "ult": 47.507,
          "x": 1149.678,
          "y": 757.577,
        },
      ],
      "time": 5,
      "winner": null,
    },
    {
      "counts": {
        "fx": 23,
        "projectiles": 4,
        "zones": 1,
      },
      "phase": "playing",
      "players": [
        {
          "alive": true,
          "cd": {
            "basic": 0,
            "evade": 0,
            "skill1": 0.476,
            "skill2": 2.476,
            "ultimate": 0,
          },
          "effects": [
            "burn",
          ],
          "facing": 1.571,
          "hp": 221.595,
          "id": "p0",
          "kills": 0,
          "mana": 22.9,
          "shield": 0,
          "ult": 53.052,
          "x": 1224.198,
          "y": 687.738,
        },
        {
          "alive": true,
          "cd": {
            "basic": 0,
            "evade": 0,
            "skill1": 0,
            "skill2": 0,
            "ultimate": 0,
          },
          "effects": [
            "burn",
          ],
          "facing": 1.571,
          "hp": 129.677,
          "id": "p1",
          "kills": 0,
          "mana": 67.2,
          "shield": 0,
          "ult": 51.179,
          "x": 1324.684,
          "y": 824.473,
        },
        {
          "alive": true,
          "cd": {
            "basic": 0,
            "evade": 0,
            "skill1": 0,
            "skill2": 1.524,
            "ultimate": 0,
          },
          "effects": [
            "burn",
          ],
          "facing": 1.571,
          "hp": 99.499,
          "id": "p2",
          "kills": 0,
          "mana": 26.5,
          "shield": 0,
          "ult": 53.331,
          "x": 1273.898,
          "y": 715.255,
        },
        {
          "alive": true,
          "cd": {
            "basic": 0.096,
            "evade": 0,
            "skill1": 3.476,
            "skill2": 5.048,
            "ultimate": 0,
          },
          "effects": [
            "burn",
            "reflect",
          ],
          "facing": 1.571,
          "hp": 460,
          "id": "p3",
          "kills": 0,
          "mana": 15.8,
          "shield": 124.85,
          "ult": 49.306,
          "x": 1213.007,
          "y": 902.823,
        },
        {
          "alive": true,
          "cd": {
            "basic": 0.171,
            "evade": 0,
            "skill1": 0,
            "skill2": 4.571,
            "ultimate": 0,
          },
          "effects": [
            "haste",
          ],
          "facing": 1.571,
          "hp": 194.229,
          "id": "p4",
          "kills": 0,
          "mana": 70.1,
          "shield": 0,
          "ult": 60.713,
          "x": 1166.512,
          "y": 854.045,
        },
        {
          "alive": true,
          "cd": {
            "basic": 0.108,
            "evade": 0,
            "skill1": 0,
            "skill2": 3.618,
            "ultimate": 0,
          },
          "effects": [
            "burn",
            "lifesteal",
            "rage",
          ],
          "facing": 1.571,
          "hp": 256.789,
          "id": "p5",
          "kills": 0,
          "mana": 44.4,
          "shield": 0,
          "ult": 58.001,
          "x": 1154.771,
          "y": 755.04,
        },
      ],
      "time": 6,
      "winner": null,
    },
    {
      "counts": {
        "fx": 35,
        "projectiles": 4,
        "zones": 1,
      },
      "phase": "playing",
      "players": [
        {
          "alive": true,
          "cd": {
            "basic": 0.026,
            "evade": 2.071,
            "skill1": 0,
            "skill2": 1.048,
            "ultimate": 0,
          },
          "effects": [
            "burn",
          ],
          "facing": 1.571,
          "hp": 187.904,
          "id": "p0",
          "kills": 0,
          "mana": 25.9,
          "shield": 0,
          "ult": 63.715,
          "x": 1280.84,
          "y": 714.604,
        },
        {
          "alive": true,
          "cd": {
            "basic": 0.171,
            "evade": 0,
            "skill1": 4.952,
            "skill2": 0,
            "ultimate": 0,
          },
          "effects": [
            "burn",
          ],
          "facing": 1.571,
          "hp": 108.722,
          "id": "p1",
          "kills": 0,
          "mana": 65.2,
          "shield": 0,
          "ult": 62.213,
          "x": 1327.164,
          "y": 793.475,
        },
        {
          "alive": true,
          "cd": {
            "basic": 0.007,
            "evade": 0,
            "skill1": 6.286,
            "skill2": 0.095,
            "ultimate": 0,
          },
          "effects": [
            "burn",
            "invis",
          ],
          "facing": 1.571,
          "hp": 36.319,
          "id": "p2",
          "kills": 0,
          "mana": 4.5,
          "shield": 0,
          "ult": 64.451,
          "x": 1204.701,
          "y": 539.38,
        },
        {
          "alive": true,
          "cd": {
            "basic": 0.382,
            "evade": 0,
            "skill1": 2.048,
            "skill2": 3.619,
            "ultimate": 0,
          },
          "effects": [
            "burn",
            "reflect",
          ],
          "facing": 1.571,
          "hp": 460,
          "id": "p3",
          "kills": 0,
          "mana": 18.8,
          "shield": 65.35,
          "ult": 58.083,
          "x": 1218.656,
          "y": 898.533,
        },
        {
          "alive": true,
          "cd": {
            "basic": 0.457,
            "evade": 0,
            "skill1": 6.952,
            "skill2": 3.143,
            "ultimate": 0,
          },
          "effects": [
            "haste",
          ],
          "facing": 1.571,
          "hp": 172.363,
          "id": "p4",
          "kills": 0,
          "mana": 28.1,
          "shield": 0,
          "ult": 73.768,
          "x": 1127.223,
          "y": 813.6,
        },
        {
          "alive": true,
          "cd": {
            "basic": 0.409,
            "evade": 0,
            "skill1": 0,
            "skill2": 2.056,
            "ultimate": 0,
          },
          "effects": [
            "burn",
            "lifesteal",
            "rage",
          ],
          "facing": 1.571,
          "hp": 246.065,
          "id": "p5",
          "kills": 0,
          "mana": 47.4,
          "shield": 0,
          "ult": 68.289,
          "x": 1147.225,
          "y": 739.122,
        },
      ],
      "time": 7,
      "winner": null,
    },
    {
      "counts": {
        "fx": 16,
        "projectiles": 5,
        "zones": 0,
      },
      "phase": "playing",
      "players": [
        {
          "alive": true,
          "cd": {
            "basic": 0.312,
            "evade": 0.643,
            "skill1": 0,
            "skill2": 0,
            "ultimate": 0,
          },
          "effects": [],
          "facing": 0,
          "hp": 190.538,
          "id": "p0",
          "kills": 0,
          "mana": 28.9,
          "shield": 0,
          "ult": 72.405,
          "x": 1284.443,
          "y": 710.929,
        },
        {
          "alive": true,
          "cd": {
            "basic": 0.457,
            "evade": 1.262,
            "skill1": 3.524,
            "skill2": 0,
            "ultimate": 0,
          },
          "effects": [],
          "facing": 0,
          "hp": 102.122,
          "id": "p1",
          "kills": 0,
          "mana": 84.2,
          "shield": 0,
          "ult": 70.813,
          "x": 1322.915,
          "y": 852.558,
        },
        {
          "alive": true,
          "cd": {
            "basic": 0.292,
            "evade": 1.881,
            "skill1": 4.857,
            "skill2": 0,
            "ultimate": 0,
          },
          "effects": [
            "burn",
          ],
          "facing": 1.571,
          "hp": 31.619,
          "id": "p2",
          "kills": 0,
          "mana": 7.5,
          "shield": 0,
          "ult": 72.791,
          "x": 1204.753,
          "y": 660.451,
        },
        {
          "alive": true,
          "cd": {
            "basic": 0,
            "evade": 2.5,
            "skill1": 0.619,
            "skill2": 2.19,
            "ultimate": 0,
          },
          "effects": [
            "burn",
            "evading",
            "reflect",
          ],
          "facing": 0,
          "hp": 460,
          "id": "p3",
          "kills": 0,
          "mana": 21.8,
          "shield": 50.05,
          "ult": 66.91,
          "x": 1216.133,
          "y": 889.84,
        },
        {
          "alive": true,
          "cd": {
            "basic": 0,
            "evade": 0,
            "skill1": 5.524,
            "skill2": 1.714,
            "ultimate": 0,
          },
          "effects": [],
          "facing": 0,
          "hp": 174.008,
          "id": "p4",
          "kills": 0,
          "mana": 31.1,
          "shield": 0,
          "ult": 83.722,
          "x": 1110.128,
          "y": 806.422,
        },
        {
          "alive": true,
          "cd": {
            "basic": 0,
            "evade": 0,
            "skill1": 5.656,
            "skill2": 0.398,
            "ultimate": 0,
          },
          "effects": [
            "burn",
            "lifesteal",
            "rage",
          ],
          "facing": -0.785,
          "hp": 199.165,
          "id": "p5",
          "kills": 0,
          "mana": 30.4,
          "shield": 0,
          "ult": 78.397,
          "x": 1137.634,
          "y": 990.431,
        },
      ],
      "time": 8,
      "winner": null,
    },
    {
      "counts": {
        "fx": 9,
        "projectiles": 3,
        "zones": 0,
      },
      "phase": "playing",
      "players": [
        {
          "alive": true,
          "cd": {
            "basic": 0,
            "evade": 0,
            "skill1": 0,
            "skill2": 0,
            "ultimate": 0,
          },
          "effects": [],
          "facing": 0,
          "hp": 197.422,
          "id": "p0",
          "kills": 0,
          "mana": 31.9,
          "shield": 0,
          "ult": 80.925,
          "x": 1271.508,
          "y": 711.055,
        },
        {
          "alive": true,
          "cd": {
            "basic": 0,
            "evade": 0,
            "skill1": 2.095,
            "skill2": 0,
            "ultimate": 0,
          },
          "effects": [],
          "facing": 0,
          "hp": 87.522,
          "id": "p1",
          "kills": 0,
          "mana": 95.2,
          "shield": 0,
          "ult": 79.633,
          "x": 1296.269,
          "y": 768.885,
        },
        {
          "alive": false,
          "cd": {
            "basic": 0,
            "evade": 0.5,
            "skill1": 3.476,
            "skill2": 0,
            "ultimate": 0,
          },
          "effects": [],
          "facing": 0,
          "hp": 0,
          "id": "p2",
          "kills": 0,
          "mana": 10.4,
          "shield": 0,
          "ult": 82.054,
          "x": 1159.328,
          "y": 709.72,
        },
        {
          "alive": true,
          "cd": {
            "basic": 0.096,
            "evade": 1.071,
            "skill1": 0,
            "skill2": 0.762,
            "ultimate": 0,
          },
          "effects": [
            "burn",
          ],
          "facing": 0,
          "hp": 460,
          "id": "p3",
          "kills": 0,
          "mana": 24.8,
          "shield": 0,
          "ult": 75.27,
          "x": 1299.969,
          "y": 850.027,
        },
        {
          "alive": true,
          "cd": {
            "basic": 0.171,
            "evade": 1.69,
            "skill1": 4.095,
            "skill2": 0.286,
            "ultimate": 0,
          },
          "effects": [],
          "facing": 0,
          "hp": 185.008,
          "id": "p4",
          "kills": 1,
          "mana": 34.1,
          "shield": 0,
          "ult": 92.302,
          "x": 1066.375,
          "y": 803.541,
        },
        {
          "alive": true,
          "cd": {
            "basic": 0.062,
            "evade": 2.272,
            "skill1": 3.949,
            "skill2": 0,
            "ultimate": 0,
          },
          "effects": [
            "burn",
            "evading",
            "lifesteal",
            "rage",
          ],
          "facing": 0,
          "hp": 196.465,
          "id": "p5",
          "kills": 0,
          "mana": 33.4,
          "shield": 0,
          "ult": 86.737,
          "x": 1243.484,
          "y": 839.494,
        },
      ],
      "time": 9,
      "winner": null,
    },
    {
      "counts": {
        "fx": 12,
        "projectiles": 5,
        "zones": 0,
      },
      "phase": "playing",
      "players": [
        {
          "alive": true,
          "cd": {
            "basic": 0.026,
            "evade": 0,
            "skill1": 7.619,
            "skill2": 0,
            "ultimate": 0,
          },
          "effects": [],
          "facing": 0,
          "hp": 188.122,
          "id": "p0",
          "kills": 0,
          "mana": 9.9,
          "shield": 0,
          "ult": 90.937,
          "x": 1243.803,
          "y": 676.515,
        },
        {
          "alive": false,
          "cd": {
            "basic": 0.41,
            "evade": 0,
            "skill1": 0.905,
            "skill2": 7.857,
            "ultimate": 0,
          },
          "effects": [],
          "facing": -1.571,
          "hp": 0,
          "id": "p1",
          "kills": 0,
          "mana": 52.7,
          "shield": 0,
          "ult": 90.54,
          "x": 1288.03,
          "y": 743.997,
        },
        {
          "alive": false,
          "cd": {
            "basic": 0,
            "evade": 0.5,
            "skill1": 3.476,
            "skill2": 0,
            "ultimate": 0,
          },
          "effects": [],
          "facing": 0,
          "hp": 0,
          "id": "p2",
          "kills": 0,
          "mana": 10.4,
          "shield": 0,
          "ult": 82.054,
          "x": 1159.328,
          "y": 709.72,
        },
        {
          "alive": true,
          "cd": {
            "basic": 0.382,
            "evade": 0,
            "skill1": 0,
            "skill2": 0,
            "ultimate": 0,
          },
          "effects": [],
          "facing": 0,
          "hp": 434.95,
          "id": "p3",
          "kills": 1,
          "mana": 27.8,
          "shield": 0,
          "ult": 85.894,
          "x": 1291.16,
          "y": 829.298,
        },
        {
          "alive": true,
          "cd": {
            "basic": 0.457,
            "evade": 0.262,
            "skill1": 2.667,
            "skill2": 0,
            "ultimate": 0,
          },
          "effects": [],
          "facing": 0,
          "hp": 196.008,
          "id": "p4",
          "kills": 1,
          "mana": 37.1,
          "shield": 0,
          "ult": 100,
          "x": 1094.794,
          "y": 796.388,
        },
        {
          "alive": true,
          "cd": {
            "basic": 0.403,
            "evade": 0.54,
            "skill1": 2.217,
            "skill2": 0,
            "ultimate": 0,
          },
          "effects": [],
          "facing": 0,
          "hp": 192.749,
          "id": "p5",
          "kills": 0,
          "mana": 36.4,
          "shield": 0,
          "ult": 95.946,
          "x": 1201.949,
          "y": 814.168,
        },
      ],
      "time": 10,
      "winner": null,
    },
    {
      "counts": {
        "fx": 23,
        "projectiles": 2,
        "zones": 2,
      },
      "phase": "playing",
      "players": [
        {
          "alive": true,
          "cd": {
            "basic": 0.312,
            "evade": 0,
            "skill1": 6.19,
            "skill2": 0,
            "ultimate": 0,
          },
          "effects": [],
          "facing": 2.356,
          "hp": 93.006,
          "id": "p0",
          "kills": 0,
          "mana": 12.9,
          "shield": 0,
          "ult": 100,
          "x": 1213.489,
          "y": 659.843,
        },
        {
          "alive": false,
          "cd": {
            "basic": 0.41,
            "evade": 0,
            "skill1": 0.905,
            "skill2": 7.857,
            "ultimate": 0,
          },
          "effects": [],
          "facing": -1.571,
          "hp": 0,
          "id": "p1",
          "kills": 0,
          "mana": 52.7,
          "shield": 0,
          "ult": 90.54,
          "x": 1288.03,
          "y": 743.997,
        },
        {
          "alive": false,
          "cd": {
            "basic": 0,
            "evade": 0.5,
            "skill1": 3.476,
            "skill2": 0,
            "ultimate": 0,
          },
          "effects": [],
          "facing": 0,
          "hp": 0,
          "id": "p2",
          "kills": 0,
          "mana": 10.4,
          "shield": 0,
          "ult": 82.054,
          "x": 1159.328,
          "y": 709.72,
        },
        {
          "alive": true,
          "cd": {
            "basic": 0,
            "evade": 0,
            "skill1": 0,
            "skill2": 0,
            "ultimate": 0,
          },
          "effects": [],
          "facing": 0,
          "hp": 342.762,
          "id": "p3",
          "kills": 1,
          "mana": 30.8,
          "shield": 0,
          "ult": 98.334,
          "x": 1327.031,
          "y": 799.354,
        },
        {
          "alive": true,
          "cd": {
            "basic": 0,
            "evade": 0,
            "skill1": 1.238,
            "skill2": 11,
            "ultimate": 11.571,
          },
          "effects": [
            "haste",
          ],
          "facing": 0.785,
          "hp": 200,
          "id": "p4",
          "kills": 1,
          "mana": 0.1,
          "shield": 160,
          "ult": 4.36,
          "x": 1062.49,
          "y": 778.139,
        },
        {
          "alive": true,
          "cd": {
            "basic": 0,
            "evade": 0,
            "skill1": 0.449,
            "skill2": 0,
            "ultimate": 10.81,
          },
          "effects": [
            "burn",
            "lifesteal",
            "rage",
          ],
          "facing": 0,
          "hp": 283.2,
          "id": "p5",
          "kills": 0,
          "mana": 39.4,
          "shield": 0,
          "ult": 6.739,
          "x": 1167.586,
          "y": 763.532,
        },
      ],
      "time": 11,
      "winner": null,
    },
    {
      "counts": {
        "fx": 17,
        "projectiles": 2,
        "zones": 2,
      },
      "phase": "playing",
      "players": [
        {
          "alive": false,
          "cd": {
            "basic": 0,
            "evade": 0,
            "skill1": 4.905,
            "skill2": 0,
            "ultimate": 0,
          },
          "effects": [],
          "facing": 0.785,
          "hp": 0,
          "id": "p0",
          "kills": 0,
          "mana": 15.6,
          "shield": 0,
          "ult": 100,
          "x": 1163.275,
          "y": 667.686,
        },
        {
          "alive": false,
          "cd": {
            "basic": 0.41,
            "evade": 0,
            "skill1": 0.905,
            "skill2": 7.857,
            "ultimate": 0,
          },
          "effects": [],
          "facing": -1.571,
          "hp": 0,
          "id": "p1",
          "kills": 0,
          "mana": 52.7,
          "shield": 0,
          "ult": 90.54,
          "x": 1288.03,
          "y": 743.997,
        },
        {
          "alive": false,
          "cd": {
            "basic": 0,
            "evade": 0.5,
            "skill1": 3.476,
            "skill2": 0,
            "ultimate": 0,
          },
          "effects": [],
          "facing": 0,
          "hp": 0,
          "id": "p2",
          "kills": 0,
          "mana": 10.4,
          "shield": 0,
          "ult": 82.054,
          "x": 1159.328,
          "y": 709.72,
        },
        {
          "alive": true,
          "cd": {
            "basic": 0.096,
            "evade": 0,
            "skill1": 0,
            "skill2": 0,
            "ultimate": 0,
          },
          "effects": [],
          "facing": -1.571,
          "hp": 276.074,
          "id": "p3",
          "kills": 1,
          "mana": 33.8,
          "shield": 0,
          "ult": 100,
          "x": 1310.945,
          "y": 776.648,
        },
        {
          "alive": true,
          "cd": {
            "basic": 0.171,
            "evade": 0,
            "skill1": 0,
            "skill2": 9.571,
            "ultimate": 10.143,
          },
          "effects": [
            "haste",
          ],
          "facing": -1.571,
          "hp": 200,
          "id": "p4",
          "kills": 2,
          "mana": 3.1,
          "shield": 160,
          "ult": 18.02,
          "x": 1076.635,
          "y": 785.907,
        },
        {
          "alive": true,
          "cd": {
            "basic": 0.092,
            "evade": 0,
            "skill1": 0,
            "skill2": 8.767,
            "ultimate": 9.28,
          },
          "effects": [
            "burn",
            "lifesteal",
            "rage",
          ],
          "facing": -1.571,
          "hp": 218.938,
          "id": "p5",
          "kills": 0,
          "mana": 42.4,
          "shield": 0,
          "ult": 19.644,
          "x": 1163.14,
          "y": 672.443,
        },
      ],
      "time": 12,
      "winner": null,
    },
    {
      "counts": {
        "fx": 11,
        "projectiles": 2,
        "zones": 2,
      },
      "phase": "playing",
      "players": [
        {
          "alive": false,
          "cd": {
            "basic": 0,
            "evade": 0,
            "skill1": 4.905,
            "skill2": 0,
            "ultimate": 0,
          },
          "effects": [],
          "facing": 0.785,
          "hp": 0,
          "id": "p0",
          "kills": 0,
          "mana": 15.6,
          "shield": 0,
          "ult": 100,
          "x": 1163.275,
          "y": 667.686,
        },
        {
          "alive": false,
          "cd": {
            "basic": 0.41,
            "evade": 0,
            "skill1": 0.905,
            "skill2": 7.857,
            "ultimate": 0,
          },
          "effects": [],
          "facing": -1.571,
          "hp": 0,
          "id": "p1",
          "kills": 0,
          "mana": 52.7,
          "shield": 0,
          "ult": 90.54,
          "x": 1288.03,
          "y": 743.997,
        },
        {
          "alive": false,
          "cd": {
            "basic": 0,
            "evade": 0.5,
            "skill1": 3.476,
            "skill2": 0,
            "ultimate": 0,
          },
          "effects": [],
          "facing": 0,
          "hp": 0,
          "id": "p2",
          "kills": 0,
          "mana": 10.4,
          "shield": 0,
          "ult": 82.054,
          "x": 1159.328,
          "y": 709.72,
        },
        {
          "alive": true,
          "cd": {
            "basic": 0.382,
            "evade": 0,
            "skill1": 10.619,
            "skill2": 0,
            "ultimate": 11.333,
          },
          "effects": [
            "protect",
            "reflect",
          ],
          "facing": -1.571,
          "hp": 285.274,
          "id": "p3",
          "kills": 1,
          "mana": 6.8,
          "shield": 260,
          "ult": 3.733,
          "x": 1286.691,
          "y": 797.834,
        },
        {
          "alive": true,
          "cd": {
            "basic": 0.457,
            "evade": 0,
            "skill1": 0,
            "skill2": 8.143,
            "ultimate": 8.714,
          },
          "effects": [
            "haste",
          ],
          "facing": -1.571,
          "hp": 200,
          "id": "p4",
          "kills": 2,
          "mana": 6.1,
          "shield": 160,
          "ult": 26.54,
          "x": 1076.862,
          "y": 799.395,
        },
        {
          "alive": true,
          "cd": {
            "basic": 0.404,
            "evade": 0,
            "skill1": 0,
            "skill2": 7.109,
            "ultimate": 7.621,
          },
          "effects": [
            "burn",
            "lifesteal",
            "rage",
          ],
          "facing": -1.571,
          "hp": 202.638,
          "id": "p5",
          "kills": 0,
          "mana": 45.4,
          "shield": 0,
          "ult": 28.528,
          "x": 1158.549,
          "y": 697.461,
        },
      ],
      "time": 13,
      "winner": null,
    },
    {
      "counts": {
        "fx": 3,
        "projectiles": 2,
        "zones": 1,
      },
      "phase": "playing",
      "players": [
        {
          "alive": false,
          "cd": {
            "basic": 0,
            "evade": 0,
            "skill1": 4.905,
            "skill2": 0,
            "ultimate": 0,
          },
          "effects": [],
          "facing": 0.785,
          "hp": 0,
          "id": "p0",
          "kills": 0,
          "mana": 15.6,
          "shield": 0,
          "ult": 100,
          "x": 1163.275,
          "y": 667.686,
        },
        {
          "alive": false,
          "cd": {
            "basic": 0.41,
            "evade": 0,
            "skill1": 0.905,
            "skill2": 7.857,
            "ultimate": 0,
          },
          "effects": [],
          "facing": -1.571,
          "hp": 0,
          "id": "p1",
          "kills": 0,
          "mana": 52.7,
          "shield": 0,
          "ult": 90.54,
          "x": 1288.03,
          "y": 743.997,
        },
        {
          "alive": false,
          "cd": {
            "basic": 0,
            "evade": 0.5,
            "skill1": 3.476,
            "skill2": 0,
            "ultimate": 0,
          },
          "effects": [],
          "facing": 0,
          "hp": 0,
          "id": "p2",
          "kills": 0,
          "mana": 10.4,
          "shield": 0,
          "ult": 82.054,
          "x": 1159.328,
          "y": 709.72,
        },
        {
          "alive": true,
          "cd": {
            "basic": 0,
            "evade": 0,
            "skill1": 9.19,
            "skill2": 0,
            "ultimate": 9.905,
          },
          "effects": [
            "protect",
            "reflect",
          ],
          "facing": -1.571,
          "hp": 294.474,
          "id": "p3",
          "kills": 1,
          "mana": 9.8,
          "shield": 260,
          "ult": 11.733,
          "x": 1287.004,
          "y": 806.855,
        },
        {
          "alive": true,
          "cd": {
            "basic": 0,
            "evade": 0,
            "skill1": 0,
            "skill2": 6.714,
            "ultimate": 7.286,
          },
          "effects": [
            "haste",
          ],
          "facing": -1.571,
          "hp": 200,
          "id": "p4",
          "kills": 2,
          "mana": 9.1,
          "shield": 160,
          "ult": 34.74,
          "x": 1077.308,
          "y": 812.543,
        },
        {
          "alive": true,
          "cd": {
            "basic": 0,
            "evade": 0,
            "skill1": 5.643,
            "skill2": 5.412,
            "ultimate": 5.925,
          },
          "effects": [
            "burn",
            "lifesteal",
            "rage",
          ],
          "facing": 2.356,
          "hp": 199.938,
          "id": "p5",
          "kills": 0,
          "mana": 28.4,
          "shield": 0,
          "ult": 36.868,
          "x": 1402.013,
          "y": 723.194,
        },
      ],
      "time": 14,
      "winner": null,
    },
    {
      "counts": {
        "fx": 4,
        "projectiles": 2,
        "zones": 1,
      },
      "phase": "playing",
      "players": [
        {
          "alive": false,
          "cd": {
            "basic": 0,
            "evade": 0,
            "skill1": 4.905,
            "skill2": 0,
            "ultimate": 0,
          },
          "effects": [],
          "facing": 0.785,
          "hp": 0,
          "id": "p0",
          "kills": 0,
          "mana": 15.6,
          "shield": 0,
          "ult": 100,
          "x": 1163.275,
          "y": 667.686,
        },
        {
          "alive": false,
          "cd": {
            "basic": 0.41,
            "evade": 0,
            "skill1": 0.905,
            "skill2": 7.857,
            "ultimate": 0,
          },
          "effects": [],
          "facing": -1.571,
          "hp": 0,
          "id": "p1",
          "kills": 0,
          "mana": 52.7,
          "shield": 0,
          "ult": 90.54,
          "x": 1288.03,
          "y": 743.997,
        },
        {
          "alive": false,
          "cd": {
            "basic": 0,
            "evade": 0.5,
            "skill1": 3.476,
            "skill2": 0,
            "ultimate": 0,
          },
          "effects": [],
          "facing": 0,
          "hp": 0,
          "id": "p2",
          "kills": 0,
          "mana": 10.4,
          "shield": 0,
          "ult": 82.054,
          "x": 1159.328,
          "y": 709.72,
        },
        {
          "alive": true,
          "cd": {
            "basic": 0.096,
            "evade": 2.024,
            "skill1": 7.762,
            "skill2": 0,
            "ultimate": 8.476,
          },
          "effects": [
            "burn",
            "protect",
            "reflect",
          ],
          "facing": -1.571,
          "hp": 303.674,
          "id": "p3",
          "kills": 1,
          "mana": 12.8,
          "shield": 227.091,
          "ult": 19.964,
          "x": 1237.893,
          "y": 903.181,
        },
        {
          "alive": true,
          "cd": {
            "basic": 0.171,
            "evade": 0,
            "skill1": 0,
            "skill2": 5.286,
            "ultimate": 5.857,
          },
          "effects": [
            "haste",
          ],
          "facing": -1.571,
          "hp": 200,
          "id": "p4",
          "kills": 2,
          "mana": 12.1,
          "shield": 158.215,
          "ult": 43.1,
          "x": 1078.88,
          "y": 824.55,
        },
        {
          "alive": true,
          "cd": {
            "basic": 0.056,
            "evade": 0,
            "skill1": 3.918,
            "skill2": 3.688,
            "ultimate": 4.2,
          },
          "effects": [
            "lifesteal",
            "rage",
          ],
          "facing": -1.571,
          "hp": 188.965,
          "id": "p5",
          "kills": 0,
          "mana": 31.4,
          "shield": 0,
          "ult": 46.412,
          "x": 1263.666,
          "y": 834.995,
        },
      ],
      "time": 15,
      "winner": null,
    },
    {
      "counts": {
        "fx": 7,
        "projectiles": 1,
        "zones": 1,
      },
      "phase": "playing",
      "players": [
        {
          "alive": false,
          "cd": {
            "basic": 0,
            "evade": 0,
            "skill1": 4.905,
            "skill2": 0,
            "ultimate": 0,
          },
          "effects": [],
          "facing": 0.785,
          "hp": 0,
          "id": "p0",
          "kills": 0,
          "mana": 15.6,
          "shield": 0,
          "ult": 100,
          "x": 1163.275,
          "y": 667.686,
        },
        {
          "alive": false,
          "cd": {
            "basic": 0.41,
            "evade": 0,
            "skill1": 0.905,
            "skill2": 7.857,
            "ultimate": 0,
          },
          "effects": [],
          "facing": -1.571,
          "hp": 0,
          "id": "p1",
          "kills": 0,
          "mana": 52.7,
          "shield": 0,
          "ult": 90.54,
          "x": 1288.03,
          "y": 743.997,
        },
        {
          "alive": false,
          "cd": {
            "basic": 0,
            "evade": 0.5,
            "skill1": 3.476,
            "skill2": 0,
            "ultimate": 0,
          },
          "effects": [],
          "facing": 0,
          "hp": 0,
          "id": "p2",
          "kills": 0,
          "mana": 10.4,
          "shield": 0,
          "ult": 82.054,
          "x": 1159.328,
          "y": 709.72,
        },
        {
          "alive": true,
          "cd": {
            "basic": 0.382,
            "evade": 0.595,
            "skill1": 6.333,
            "skill2": 0,
            "ultimate": 7.048,
          },
          "effects": [
            "burn",
            "protect",
            "reflect",
          ],
          "facing": 3.142,
          "hp": 312.874,
          "id": "p3",
          "kills": 1,
          "mana": 15.8,
          "shield": 211.791,
          "ult": 28.071,
          "x": 1248.882,
          "y": 911.07,
        },
        {
          "alive": true,
          "cd": {
            "basic": 0.457,
            "evade": 1.214,
            "skill1": 0,
            "skill2": 3.857,
            "ultimate": 4.429,
          },
          "effects": [
            "haste",
          ],
          "facing": 3.142,
          "hp": 200,
          "id": "p4",
          "kills": 2,
          "mana": 15.1,
          "shield": 0,
          "ult": 51.705,
          "x": 1070.867,
          "y": 776.737,
        },
        {
          "alive": true,
          "cd": {
            "basic": 0.403,
            "evade": 1.7,
            "skill1": 2.199,
            "skill2": 1.969,
            "ultimate": 2.481,
          },
          "effects": [
            "lifesteal",
            "rage",
          ],
          "facing": 3.142,
          "hp": 194.765,
          "id": "p5",
          "kills": 0,
          "mana": 34.4,
          "shield": 0,
          "ult": 54.412,
          "x": 1272.74,
          "y": 842.673,
        },
      ],
      "time": 16,
      "winner": null,
    },
    {
      "counts": {
        "fx": 3,
        "projectiles": 2,
        "zones": 0,
      },
      "phase": "playing",
      "players": [
        {
          "alive": false,
          "cd": {
            "basic": 0,
            "evade": 0,
            "skill1": 4.905,
            "skill2": 0,
            "ultimate": 0,
          },
          "effects": [],
          "facing": 0.785,
          "hp": 0,
          "id": "p0",
          "kills": 0,
          "mana": 15.6,
          "shield": 0,
          "ult": 100,
          "x": 1163.275,
          "y": 667.686,
        },
        {
          "alive": false,
          "cd": {
            "basic": 0.41,
            "evade": 0,
            "skill1": 0.905,
            "skill2": 7.857,
            "ultimate": 0,
          },
          "effects": [],
          "facing": -1.571,
          "hp": 0,
          "id": "p1",
          "kills": 0,
          "mana": 52.7,
          "shield": 0,
          "ult": 90.54,
          "x": 1288.03,
          "y": 743.997,
        },
        {
          "alive": false,
          "cd": {
            "basic": 0,
            "evade": 0.5,
            "skill1": 3.476,
            "skill2": 0,
            "ultimate": 0,
          },
          "effects": [],
          "facing": 0,
          "hp": 0,
          "id": "p2",
          "kills": 0,
          "mana": 10.4,
          "shield": 0,
          "ult": 82.054,
          "x": 1159.328,
          "y": 709.72,
        },
        {
          "alive": true,
          "cd": {
            "basic": 0,
            "evade": 0,
            "skill1": 4.905,
            "skill2": 0,
            "ultimate": 5.619,
          },
          "effects": [
            "protect",
            "reflect",
          ],
          "facing": 3.142,
          "hp": 322.074,
          "id": "p3",
          "kills": 1,
          "mana": 18.8,
          "shield": 180.896,
          "ult": 36.287,
          "x": 1246.163,
          "y": 911.203,
        },
        {
          "alive": true,
          "cd": {
            "basic": 0,
            "evade": 0,
            "skill1": 0,
            "skill2": 2.429,
            "ultimate": 3,
          },
          "effects": [
            "haste",
          ],
          "facing": 3.142,
          "hp": 200,
          "id": "p4",
          "kills": 2,
          "mana": 18.1,
          "shield": 0,
          "ult": 59.85,
          "x": 1098.757,
          "y": 811.288,
        },
        {
          "alive": true,
          "cd": {
            "basic": 0,
            "evade": 0,
            "skill1": 0.487,
            "skill2": 0.256,
            "ultimate": 0.769,
          },
          "effects": [
            "lifesteal",
            "rage",
          ],
          "facing": 3.142,
          "hp": 192.322,
          "id": "p5",
          "kills": 0,
          "mana": 37.4,
          "shield": 0,
          "ult": 63.611,
          "x": 1284.028,
          "y": 831.831,
        },
      ],
      "time": 17,
      "winner": null,
    },
    {
      "counts": {
        "fx": 2,
        "projectiles": 2,
        "zones": 0,
      },
      "phase": "playing",
      "players": [
        {
          "alive": false,
          "cd": {
            "basic": 0,
            "evade": 0,
            "skill1": 4.905,
            "skill2": 0,
            "ultimate": 0,
          },
          "effects": [],
          "facing": 0.785,
          "hp": 0,
          "id": "p0",
          "kills": 0,
          "mana": 15.6,
          "shield": 0,
          "ult": 100,
          "x": 1163.275,
          "y": 667.686,
        },
        {
          "alive": false,
          "cd": {
            "basic": 0.41,
            "evade": 0,
            "skill1": 0.905,
            "skill2": 7.857,
            "ultimate": 0,
          },
          "effects": [],
          "facing": -1.571,
          "hp": 0,
          "id": "p1",
          "kills": 0,
          "mana": 52.7,
          "shield": 0,
          "ult": 90.54,
          "x": 1288.03,
          "y": 743.997,
        },
        {
          "alive": false,
          "cd": {
            "basic": 0,
            "evade": 0.5,
            "skill1": 3.476,
            "skill2": 0,
            "ultimate": 0,
          },
          "effects": [],
          "facing": 0,
          "hp": 0,
          "id": "p2",
          "kills": 0,
          "mana": 10.4,
          "shield": 0,
          "ult": 82.054,
          "x": 1159.328,
          "y": 709.72,
        },
        {
          "alive": true,
          "cd": {
            "basic": 0.096,
            "evade": 0,
            "skill1": 3.476,
            "skill2": 0,
            "ultimate": 4.19,
          },
          "effects": [
            "protect",
            "reflect",
          ],
          "facing": 3.142,
          "hp": 331.274,
          "id": "p3",
          "kills": 1,
          "mana": 21.8,
          "shield": 153.095,
          "ult": 44.482,
          "x": 1249.768,
          "y": 917.963,
        },
        {
          "alive": true,
          "cd": {
            "basic": 0.171,
            "evade": 0,
            "skill1": 0,
            "skill2": 1,
            "ultimate": 1.571,
          },
          "effects": [],
          "facing": 3.142,
          "hp": 200,
          "id": "p4",
          "kills": 2,
          "mana": 21.1,
          "shield": 0,
          "ult": 67.85,
          "x": 1108.447,
          "y": 810.945,
        },
        {
          "alive": true,
          "cd": {
            "basic": 0.057,
            "evade": 0,
            "skill1": 0,
            "skill2": 0,
            "ultimate": 0,
          },
          "effects": [
            "lifesteal",
            "rage",
          ],
          "facing": 3.142,
          "hp": 189.851,
          "id": "p5",
          "kills": 0,
          "mana": 40.4,
          "shield": 0,
          "ult": 72.814,
          "x": 1299.32,
          "y": 831.145,
        },
      ],
      "time": 18,
      "winner": null,
    },
    {
      "counts": {
        "fx": 2,
        "projectiles": 2,
        "zones": 0,
      },
      "phase": "playing",
      "players": [
        {
          "alive": false,
          "cd": {
            "basic": 0,
            "evade": 0,
            "skill1": 4.905,
            "skill2": 0,
            "ultimate": 0,
          },
          "effects": [],
          "facing": 0.785,
          "hp": 0,
          "id": "p0",
          "kills": 0,
          "mana": 15.6,
          "shield": 0,
          "ult": 100,
          "x": 1163.275,
          "y": 667.686,
        },
        {
          "alive": false,
          "cd": {
            "basic": 0.41,
            "evade": 0,
            "skill1": 0.905,
            "skill2": 7.857,
            "ultimate": 0,
          },
          "effects": [],
          "facing": -1.571,
          "hp": 0,
          "id": "p1",
          "kills": 0,
          "mana": 52.7,
          "shield": 0,
          "ult": 90.54,
          "x": 1288.03,
          "y": 743.997,
        },
        {
          "alive": false,
          "cd": {
            "basic": 0,
            "evade": 0.5,
            "skill1": 3.476,
            "skill2": 0,
            "ultimate": 0,
          },
          "effects": [],
          "facing": 0,
          "hp": 0,
          "id": "p2",
          "kills": 0,
          "mana": 10.4,
          "shield": 0,
          "ult": 82.054,
          "x": 1159.328,
          "y": 709.72,
        },
        {
          "alive": true,
          "cd": {
            "basic": 0.382,
            "evade": 0,
            "skill1": 2.048,
            "skill2": 0,
            "ultimate": 2.762,
          },
          "effects": [
            "reflect",
          ],
          "facing": -2.356,
          "hp": 341.086,
          "id": "p3",
          "kills": 1,
          "mana": 24.8,
          "shield": 153.095,
          "ult": 52.842,
          "x": 1258.299,
          "y": 914.796,
        },
        {
          "alive": true,
          "cd": {
            "basic": 0.457,
            "evade": 0,
            "skill1": 0,
            "skill2": 0,
            "ultimate": 0.143,
          },
          "effects": [],
          "facing": 3.142,
          "hp": 200,
          "id": "p4",
          "kills": 2,
          "mana": 24.1,
          "shield": 0,
          "ult": 75.85,
          "x": 1118.454,
          "y": 809.635,
        },
        {
          "alive": true,
          "cd": {
            "basic": 0.402,
            "evade": 0,
            "skill1": 0,
            "skill2": 0,
            "ultimate": 0,
          },
          "effects": [
            "lifesteal",
            "rage",
          ],
          "facing": 3.142,
          "hp": 180.351,
          "id": "p5",
          "kills": 0,
          "mana": 43.4,
          "shield": 0,
          "ult": 81.426,
          "x": 1297.502,
          "y": 796.836,
        },
      ],
      "time": 19,
      "winner": null,
    },
    {
      "counts": {
        "fx": 4,
        "projectiles": 2,
        "zones": 0,
      },
      "phase": "playing",
      "players": [
        {
          "alive": false,
          "cd": {
            "basic": 0,
            "evade": 0,
            "skill1": 4.905,
            "skill2": 0,
            "ultimate": 0,
          },
          "effects": [],
          "facing": 0.785,
          "hp": 0,
          "id": "p0",
          "kills": 0,
          "mana": 15.6,
          "shield": 0,
          "ult": 100,
          "x": 1163.275,
          "y": 667.686,
        },
        {
          "alive": false,
          "cd": {
            "basic": 0.41,
            "evade": 0,
            "skill1": 0.905,
            "skill2": 7.857,
            "ultimate": 0,
          },
          "effects": [],
          "facing": -1.571,
          "hp": 0,
          "id": "p1",
          "kills": 0,
          "mana": 52.7,
          "shield": 0,
          "ult": 90.54,
          "x": 1288.03,
          "y": 743.997,
        },
        {
          "alive": false,
          "cd": {
            "basic": 0,
            "evade": 0.5,
            "skill1": 3.476,
            "skill2": 0,
            "ultimate": 0,
          },
          "effects": [],
          "facing": 0,
          "hp": 0,
          "id": "p2",
          "kills": 0,
          "mana": 10.4,
          "shield": 0,
          "ult": 82.054,
          "x": 1159.328,
          "y": 709.72,
        },
        {
          "alive": true,
          "cd": {
            "basic": 0,
            "evade": 0,
            "skill1": 0.619,
            "skill2": 0,
            "ultimate": 1.333,
          },
          "effects": [
            "reflect",
          ],
          "facing": 1.571,
          "hp": 350.286,
          "id": "p3",
          "kills": 1,
          "mana": 27.8,
          "shield": 153.095,
          "ult": 60.842,
          "x": 1264.907,
          "y": 908.309,
        },
        {
          "alive": true,
          "cd": {
            "basic": 0,
            "evade": 0,
            "skill1": 0,
            "skill2": 0,
            "ultimate": 0,
          },
          "effects": [
            "bleed",
          ],
          "facing": 1.571,
          "hp": 123.667,
          "id": "p4",
          "kills": 2,
          "mana": 27.1,
          "shield": 0,
          "ult": 87.05,
          "x": 1151.741,
          "y": 792.727,
        },
        {
          "alive": true,
          "cd": {
            "basic": 0,
            "evade": 0,
            "skill1": 5.624,
            "skill2": 0,
            "ultimate": 0,
          },
          "effects": [],
          "facing": 0,
          "hp": 204.425,
          "id": "p5",
          "kills": 0,
          "mana": 26.4,
          "shield": 0,
          "ult": 91.026,
          "x": 1032.679,
          "y": 799.197,
        },
      ],
      "time": 20,
      "winner": null,
    },
    {
      "counts": {
        "fx": 20,
        "projectiles": 1,
        "zones": 0,
      },
      "phase": "playing",
      "players": [
        {
          "alive": false,
          "cd": {
            "basic": 0,
            "evade": 0,
            "skill1": 4.905,
            "skill2": 0,
            "ultimate": 0,
          },
          "effects": [],
          "facing": 0.785,
          "hp": 0,
          "id": "p0",
          "kills": 0,
          "mana": 15.6,
          "shield": 0,
          "ult": 100,
          "x": 1163.275,
          "y": 667.686,
        },
        {
          "alive": false,
          "cd": {
            "basic": 0.41,
            "evade": 0,
            "skill1": 0.905,
            "skill2": 7.857,
            "ultimate": 0,
          },
          "effects": [],
          "facing": -1.571,
          "hp": 0,
          "id": "p1",
          "kills": 0,
          "mana": 52.7,
          "shield": 0,
          "ult": 90.54,
          "x": 1288.03,
          "y": 743.997,
        },
        {
          "alive": false,
          "cd": {
            "basic": 0,
            "evade": 0.5,
            "skill1": 3.476,
            "skill2": 0,
            "ultimate": 0,
          },
          "effects": [],
          "facing": 0,
          "hp": 0,
          "id": "p2",
          "kills": 0,
          "mana": 10.4,
          "shield": 0,
          "ult": 82.054,
          "x": 1159.328,
          "y": 709.72,
        },
        {
          "alive": true,
          "cd": {
            "basic": 0.096,
            "evade": 0,
            "skill1": 0,
            "skill2": 0,
            "ultimate": 0,
          },
          "effects": [],
          "facing": -2.356,
          "hp": 244.736,
          "id": "p3",
          "kills": 1,
          "mana": 30.8,
          "shield": 0,
          "ult": 73.432,
          "x": 1283.801,
          "y": 913.217,
        },
        {
          "alive": false,
          "cd": {
            "basic": 0.362,
            "evade": 0,
            "skill1": 0,
            "skill2": 0,
            "ultimate": 0,
          },
          "effects": [
            "bleed",
          ],
          "facing": 1.571,
          "hp": 0,
          "id": "p4",
          "kills": 2,
          "mana": 29.7,
          "shield": 0,
          "ult": 100,
          "x": 1183.952,
          "y": 757.803,
        },
        {
          "alive": true,
          "cd": {
            "basic": 0.114,
            "evade": 0,
            "skill1": 3.999,
            "skill2": 9.273,
            "ultimate": 10.81,
          },
          "effects": [
            "lifesteal",
            "rage",
          ],
          "facing": 1.571,
          "hp": 290,
          "id": "p5",
          "kills": 1,
          "mana": 29.4,
          "shield": 0,
          "ult": 11.867,
          "x": 1170.931,
          "y": 891.833,
        },
      ],
      "time": 21,
      "winner": null,
    },
    {
      "counts": {
        "fx": 5,
        "projectiles": 0,
        "zones": 0,
      },
      "phase": "playing",
      "players": [
        {
          "alive": false,
          "cd": {
            "basic": 0,
            "evade": 0,
            "skill1": 4.905,
            "skill2": 0,
            "ultimate": 0,
          },
          "effects": [],
          "facing": 0.785,
          "hp": 0,
          "id": "p0",
          "kills": 0,
          "mana": 15.6,
          "shield": 0,
          "ult": 100,
          "x": 1163.275,
          "y": 667.686,
        },
        {
          "alive": false,
          "cd": {
            "basic": 0.41,
            "evade": 0,
            "skill1": 0.905,
            "skill2": 7.857,
            "ultimate": 0,
          },
          "effects": [],
          "facing": -1.571,
          "hp": 0,
          "id": "p1",
          "kills": 0,
          "mana": 52.7,
          "shield": 0,
          "ult": 90.54,
          "x": 1288.03,
          "y": 743.997,
        },
        {
          "alive": false,
          "cd": {
            "basic": 0,
            "evade": 0.5,
            "skill1": 3.476,
            "skill2": 0,
            "ultimate": 0,
          },
          "effects": [],
          "facing": 0,
          "hp": 0,
          "id": "p2",
          "kills": 0,
          "mana": 10.4,
          "shield": 0,
          "ult": 82.054,
          "x": 1159.328,
          "y": 709.72,
        },
        {
          "alive": true,
          "cd": {
            "basic": 0.382,
            "evade": 1.548,
            "skill1": 10.619,
            "skill2": 0,
            "ultimate": 0,
          },
          "effects": [
            "reflect",
          ],
          "facing": 1.571,
          "hp": 253.936,
          "id": "p3",
          "kills": 1,
          "mana": 3.8,
          "shield": 260,
          "ult": 81.432,
          "x": 1246.593,
          "y": 851.504,
        },
        {
          "alive": false,
          "cd": {
            "basic": 0.362,
            "evade": 0,
            "skill1": 0,
            "skill2": 0,
            "ultimate": 0,
          },
          "effects": [
            "bleed",
          ],
          "facing": 1.571,
          "hp": 0,
          "id": "p4",
          "kills": 2,
          "mana": 29.7,
          "shield": 0,
          "ult": 100,
          "x": 1183.952,
          "y": 757.803,
        },
        {
          "alive": true,
          "cd": {
            "basic": 0.412,
            "evade": 0,
            "skill1": 2.571,
            "skill2": 7.845,
            "ultimate": 9.381,
          },
          "effects": [
            "lifesteal",
            "rage",
          ],
          "facing": 1.571,
          "hp": 290,
          "id": "p5",
          "kills": 1,
          "mana": 32.4,
          "shield": 0,
          "ult": 19.867,
          "x": 1234.185,
          "y": 897.069,
        },
      ],
      "time": 22,
      "winner": null,
    },
    {
      "counts": {
        "fx": 0,
        "projectiles": 0,
        "zones": 0,
      },
      "phase": "playing",
      "players": [
        {
          "alive": false,
          "cd": {
            "basic": 0,
            "evade": 0,
            "skill1": 4.905,
            "skill2": 0,
            "ultimate": 0,
          },
          "effects": [],
          "facing": 0.785,
          "hp": 0,
          "id": "p0",
          "kills": 0,
          "mana": 15.6,
          "shield": 0,
          "ult": 100,
          "x": 1163.275,
          "y": 667.686,
        },
        {
          "alive": false,
          "cd": {
            "basic": 0.41,
            "evade": 0,
            "skill1": 0.905,
            "skill2": 7.857,
            "ultimate": 0,
          },
          "effects": [],
          "facing": -1.571,
          "hp": 0,
          "id": "p1",
          "kills": 0,
          "mana": 52.7,
          "shield": 0,
          "ult": 90.54,
          "x": 1288.03,
          "y": 743.997,
        },
        {
          "alive": false,
          "cd": {
            "basic": 0,
            "evade": 0.5,
            "skill1": 3.476,
            "skill2": 0,
            "ultimate": 0,
          },
          "effects": [],
          "facing": 0,
          "hp": 0,
          "id": "p2",
          "kills": 0,
          "mana": 10.4,
          "shield": 0,
          "ult": 82.054,
          "x": 1159.328,
          "y": 709.72,
        },
        {
          "alive": true,
          "cd": {
            "basic": 0,
            "evade": 0.119,
            "skill1": 9.19,
            "skill2": 0,
            "ultimate": 0,
          },
          "effects": [
            "reflect",
          ],
          "facing": 1.571,
          "hp": 263.136,
          "id": "p3",
          "kills": 1,
          "mana": 6.8,
          "shield": 260,
          "ult": 89.432,
          "x": 1244.779,
          "y": 843.191,
        },
        {
          "alive": false,
          "cd": {
            "basic": 0.362,
            "evade": 0,
            "skill1": 0,
            "skill2": 0,
            "ultimate": 0,
          },
          "effects": [
            "bleed",
          ],
          "facing": 1.571,
          "hp": 0,
          "id": "p4",
          "kills": 2,
          "mana": 29.7,
          "shield": 0,
          "ult": 100,
          "x": 1183.952,
          "y": 757.803,
        },
        {
          "alive": true,
          "cd": {
            "basic": 0,
            "evade": 1.357,
            "skill1": 1.142,
            "skill2": 6.416,
            "ultimate": 7.952,
          },
          "effects": [
            "lifesteal",
            "rage",
          ],
          "facing": 1.571,
          "hp": 290,
          "id": "p5",
          "kills": 1,
          "mana": 35.4,
          "shield": 0,
          "ult": 27.867,
          "x": 1182.171,
          "y": 830.289,
        },
      ],
      "time": 23,
      "winner": null,
    },
    {
      "counts": {
        "fx": 2,
        "projectiles": 0,
        "zones": 0,
      },
      "phase": "playing",
      "players": [
        {
          "alive": false,
          "cd": {
            "basic": 0,
            "evade": 0,
            "skill1": 4.905,
            "skill2": 0,
            "ultimate": 0,
          },
          "effects": [],
          "facing": 0.785,
          "hp": 0,
          "id": "p0",
          "kills": 0,
          "mana": 15.6,
          "shield": 0,
          "ult": 100,
          "x": 1163.275,
          "y": 667.686,
        },
        {
          "alive": false,
          "cd": {
            "basic": 0.41,
            "evade": 0,
            "skill1": 0.905,
            "skill2": 7.857,
            "ultimate": 0,
          },
          "effects": [],
          "facing": -1.571,
          "hp": 0,
          "id": "p1",
          "kills": 0,
          "mana": 52.7,
          "shield": 0,
          "ult": 90.54,
          "x": 1288.03,
          "y": 743.997,
        },
        {
          "alive": false,
          "cd": {
            "basic": 0,
            "evade": 0.5,
            "skill1": 3.476,
            "skill2": 0,
            "ultimate": 0,
          },
          "effects": [],
          "facing": 0,
          "hp": 0,
          "id": "p2",
          "kills": 0,
          "mana": 10.4,
          "shield": 0,
          "ult": 82.054,
          "x": 1159.328,
          "y": 709.72,
        },
        {
          "alive": true,
          "cd": {
            "basic": 0.096,
            "evade": 0,
            "skill1": 7.762,
            "skill2": 0,
            "ultimate": 0,
          },
          "effects": [
            "reflect",
          ],
          "facing": 0,
          "hp": 272.336,
          "id": "p3",
          "kills": 1,
          "mana": 9.8,
          "shield": 228.21,
          "ult": 97.654,
          "x": 1257.532,
          "y": 840.35,
        },
        {
          "alive": false,
          "cd": {
            "basic": 0.362,
            "evade": 0,
            "skill1": 0,
            "skill2": 0,
            "ultimate": 0,
          },
          "effects": [
            "bleed",
          ],
          "facing": 1.571,
          "hp": 0,
          "id": "p4",
          "kills": 2,
          "mana": 29.7,
          "shield": 0,
          "ult": 100,
          "x": 1183.952,
          "y": 757.803,
        },
        {
          "alive": true,
          "cd": {
            "basic": 0.121,
            "evade": 0,
            "skill1": 0,
            "skill2": 4.982,
            "ultimate": 6.518,
          },
          "effects": [
            "lifesteal",
            "rage",
          ],
          "facing": 0,
          "hp": 281.896,
          "id": "p5",
          "kills": 1,
          "mana": 38.4,
          "shield": 0,
          "ult": 36.993,
          "x": 1174.042,
          "y": 818.888,
        },
      ],
      "time": 24,
      "winner": null,
    },
    {
      "counts": {
        "fx": 5,
        "projectiles": 0,
        "zones": 1,
      },
      "phase": "playing",
      "players": [
        {
          "alive": false,
          "cd": {
            "basic": 0,
            "evade": 0,
            "skill1": 4.905,
            "skill2": 0,
            "ultimate": 0,
          },
          "effects": [],
          "facing": 0.785,
          "hp": 0,
          "id": "p0",
          "kills": 0,
          "mana": 15.6,
          "shield": 0,
          "ult": 100,
          "x": 1163.275,
          "y": 667.686,
        },
        {
          "alive": false,
          "cd": {
            "basic": 0.41,
            "evade": 0,
            "skill1": 0.905,
            "skill2": 7.857,
            "ultimate": 0,
          },
          "effects": [],
          "facing": -1.571,
          "hp": 0,
          "id": "p1",
          "kills": 0,
          "mana": 52.7,
          "shield": 0,
          "ult": 90.54,
          "x": 1288.03,
          "y": 743.997,
        },
        {
          "alive": false,
          "cd": {
            "basic": 0,
            "evade": 0.5,
            "skill1": 3.476,
            "skill2": 0,
            "ultimate": 0,
          },
          "effects": [],
          "facing": 0,
          "hp": 0,
          "id": "p2",
          "kills": 0,
          "mana": 10.4,
          "shield": 0,
          "ult": 82.054,
          "x": 1159.328,
          "y": 709.72,
        },
        {
          "alive": true,
          "cd": {
            "basic": 0.382,
            "evade": 0,
            "skill1": 6.333,
            "skill2": 0,
            "ultimate": 11.333,
          },
          "effects": [
            "protect",
            "reflect",
          ],
          "facing": 0,
          "hp": 281.536,
          "id": "p3",
          "kills": 1,
          "mana": 12.8,
          "shield": 228.21,
          "ult": 9.133,
          "x": 1252.298,
          "y": 841.08,
        },
        {
          "alive": false,
          "cd": {
            "basic": 0.362,
            "evade": 0,
            "skill1": 0,
            "skill2": 0,
            "ultimate": 0,
          },
          "effects": [
            "bleed",
          ],
          "facing": 1.571,
          "hp": 0,
          "id": "p4",
          "kills": 2,
          "mana": 29.7,
          "shield": 0,
          "ult": 100,
          "x": 1183.952,
          "y": 757.803,
        },
        {
          "alive": true,
          "cd": {
            "basic": 0,
            "evade": 0,
            "skill1": 0,
            "skill2": 3.356,
            "ultimate": 4.893,
          },
          "effects": [
            "lifesteal",
            "rage",
            "stun",
          ],
          "facing": 3.142,
          "hp": 58.196,
          "id": "p5",
          "kills": 1,
          "mana": 41.4,
          "shield": 0,
          "ult": 54.173,
          "x": 1050.461,
          "y": 1008.923,
        },
      ],
      "time": 25,
      "winner": null,
    },
    {
      "counts": {
        "fx": 4,
        "projectiles": 0,
        "zones": 0,
      },
      "phase": "playing",
      "players": [
        {
          "alive": false,
          "cd": {
            "basic": 0,
            "evade": 0,
            "skill1": 4.905,
            "skill2": 0,
            "ultimate": 0,
          },
          "effects": [],
          "facing": 0.785,
          "hp": 0,
          "id": "p0",
          "kills": 0,
          "mana": 15.6,
          "shield": 0,
          "ult": 100,
          "x": 1163.275,
          "y": 667.686,
        },
        {
          "alive": false,
          "cd": {
            "basic": 0.41,
            "evade": 0,
            "skill1": 0.905,
            "skill2": 7.857,
            "ultimate": 0,
          },
          "effects": [],
          "facing": -1.571,
          "hp": 0,
          "id": "p1",
          "kills": 0,
          "mana": 52.7,
          "shield": 0,
          "ult": 90.54,
          "x": 1288.03,
          "y": 743.997,
        },
        {
          "alive": false,
          "cd": {
            "basic": 0,
            "evade": 0.5,
            "skill1": 3.476,
            "skill2": 0,
            "ultimate": 0,
          },
          "effects": [],
          "facing": 0,
          "hp": 0,
          "id": "p2",
          "kills": 0,
          "mana": 10.4,
          "shield": 0,
          "ult": 82.054,
          "x": 1159.328,
          "y": 709.72,
        },
        {
          "alive": true,
          "cd": {
            "basic": 0,
            "evade": 0,
            "skill1": 4.905,
            "skill2": 0,
            "ultimate": 9.905,
          },
          "effects": [
            "bleed",
            "protect",
            "reflect",
          ],
          "facing": 0,
          "hp": 291.348,
          "id": "p3",
          "kills": 1,
          "mana": 15.8,
          "shield": 141.51,
          "ult": 18.1,
          "x": 1252.83,
          "y": 878.632,
        },
        {
          "alive": false,
          "cd": {
            "basic": 0.362,
            "evade": 0,
            "skill1": 0,
            "skill2": 0,
            "ultimate": 0,
          },
          "effects": [
            "bleed",
          ],
          "facing": 1.571,
          "hp": 0,
          "id": "p4",
          "kills": 2,
          "mana": 29.7,
          "shield": 0,
          "ult": 100,
          "x": 1183.952,
          "y": 757.803,
        },
        {
          "alive": true,
          "cd": {
            "basic": 0,
            "evade": 0,
            "skill1": 5.264,
            "skill2": 1.198,
            "ultimate": 2.735,
          },
          "effects": [
            "lifesteal",
            "rage",
          ],
          "facing": 0,
          "hp": 22.903,
          "id": "p5",
          "kills": 1,
          "mana": 24.4,
          "shield": 0,
          "ult": 66.537,
          "x": 1267.989,
          "y": 826.862,
        },
      ],
      "time": 26,
      "winner": null,
    },
    {
      "counts": {
        "fx": 4,
        "projectiles": 0,
        "zones": 0,
      },
      "phase": "playing",
      "players": [
        {
          "alive": false,
          "cd": {
            "basic": 0,
            "evade": 0,
            "skill1": 4.905,
            "skill2": 0,
            "ultimate": 0,
          },
          "effects": [],
          "facing": 0.785,
          "hp": 0,
          "id": "p0",
          "kills": 0,
          "mana": 15.6,
          "shield": 0,
          "ult": 100,
          "x": 1163.275,
          "y": 667.686,
        },
        {
          "alive": false,
          "cd": {
            "basic": 0.41,
            "evade": 0,
            "skill1": 0.905,
            "skill2": 7.857,
            "ultimate": 0,
          },
          "effects": [],
          "facing": -1.571,
          "hp": 0,
          "id": "p1",
          "kills": 0,
          "mana": 52.7,
          "shield": 0,
          "ult": 90.54,
          "x": 1288.03,
          "y": 743.997,
        },
        {
          "alive": false,
          "cd": {
            "basic": 0,
            "evade": 0.5,
            "skill1": 3.476,
            "skill2": 0,
            "ultimate": 0,
          },
          "effects": [],
          "facing": 0,
          "hp": 0,
          "id": "p2",
          "kills": 0,
          "mana": 10.4,
          "shield": 0,
          "ult": 82.054,
          "x": 1159.328,
          "y": 709.72,
        },
        {
          "alive": true,
          "cd": {
            "basic": 0.096,
            "evade": 0,
            "skill1": 3.476,
            "skill2": 0,
            "ultimate": 8.476,
          },
          "effects": [
            "bleed",
            "protect",
            "reflect",
          ],
          "facing": 0,
          "hp": 300.548,
          "id": "p3",
          "kills": 1,
          "mana": 18.8,
          "shield": 80.363,
          "ult": 26.528,
          "x": 1225.874,
          "y": 880.075,
        },
        {
          "alive": false,
          "cd": {
            "basic": 0.362,
            "evade": 0,
            "skill1": 0,
            "skill2": 0,
            "ultimate": 0,
          },
          "effects": [
            "bleed",
          ],
          "facing": 1.571,
          "hp": 0,
          "id": "p4",
          "kills": 2,
          "mana": 29.7,
          "shield": 0,
          "ult": 100,
          "x": 1183.952,
          "y": 757.803,
        },
        {
          "alive": true,
          "cd": {
            "basic": 0,
            "evade": 0,
            "skill1": 3.012,
            "skill2": 0,
            "ultimate": 0.482,
          },
          "effects": [
            "lifesteal",
            "rage",
          ],
          "facing": 0,
          "hp": 10.511,
          "id": "p5",
          "kills": 1,
          "mana": 27.4,
          "shield": 0,
          "ult": 77.183,
          "x": 1234.437,
          "y": 800.058,
        },
      ],
      "time": 27,
      "winner": null,
    },
    {
      "counts": {
        "fx": 12,
        "projectiles": 0,
        "zones": 0,
      },
      "phase": "gameover",
      "players": [
        {
          "alive": false,
          "cd": {
            "basic": 0,
            "evade": 0,
            "skill1": 4.905,
            "skill2": 0,
            "ultimate": 0,
          },
          "effects": [],
          "facing": 0.785,
          "hp": 0,
          "id": "p0",
          "kills": 0,
          "mana": 15.6,
          "shield": 0,
          "ult": 100,
          "x": 1163.275,
          "y": 667.686,
        },
        {
          "alive": false,
          "cd": {
            "basic": 0.41,
            "evade": 0,
            "skill1": 0.905,
            "skill2": 7.857,
            "ultimate": 0,
          },
          "effects": [],
          "facing": -1.571,
          "hp": 0,
          "id": "p1",
          "kills": 0,
          "mana": 52.7,
          "shield": 0,
          "ult": 90.54,
          "x": 1288.03,
          "y": 743.997,
        },
        {
          "alive": false,
          "cd": {
            "basic": 0,
            "evade": 0.5,
            "skill1": 3.476,
            "skill2": 0,
            "ultimate": 0,
          },
          "effects": [],
          "facing": 0,
          "hp": 0,
          "id": "p2",
          "kills": 0,
          "mana": 10.4,
          "shield": 0,
          "ult": 82.054,
          "x": 1159.328,
          "y": 709.72,
        },
        {
          "alive": true,
          "cd": {
            "basic": 0.43,
            "evade": 0,
            "skill1": 2.952,
            "skill2": 0,
            "ultimate": 7.952,
          },
          "effects": [
            "bleed",
            "protect",
            "reflect",
          ],
          "facing": 1.571,
          "hp": 303.922,
          "id": "p3",
          "kills": 2,
          "mana": 19.9,
          "shield": 23.267,
          "ult": 29.861,
          "x": 1257.418,
          "y": 896.847,
        },
        {
          "alive": false,
          "cd": {
            "basic": 0.362,
            "evade": 0,
            "skill1": 0,
            "skill2": 0,
            "ultimate": 0,
          },
          "effects": [
            "bleed",
          ],
          "facing": 1.571,
          "hp": 0,
          "id": "p4",
          "kills": 2,
          "mana": 29.7,
          "shield": 0,
          "ult": 100,
          "x": 1183.952,
          "y": 757.803,
        },
        {
          "alive": false,
          "cd": {
            "basic": 0.46,
            "evade": 0,
            "skill1": 2.185,
            "skill2": 0,
            "ultimate": 0,
          },
          "effects": [
            "lifesteal",
            "rage",
          ],
          "facing": 1.571,
          "hp": 0,
          "id": "p5",
          "kills": 1,
          "mana": 28.5,
          "shield": 0,
          "ult": 82.587,
          "x": 1299.712,
          "y": 834.634,
        },
      ],
      "time": 27.367,
      "winner": "p3",
    },
    {
      "counts": {
        "fx": 12,
        "projectiles": 0,
        "zones": 0,
      },
      "phase": "gameover",
      "players": [
        {
          "alive": false,
          "cd": {
            "basic": 0,
            "evade": 0,
            "skill1": 4.905,
            "skill2": 0,
            "ultimate": 0,
          },
          "effects": [],
          "facing": 0.785,
          "hp": 0,
          "id": "p0",
          "kills": 0,
          "mana": 15.6,
          "shield": 0,
          "ult": 100,
          "x": 1163.275,
          "y": 667.686,
        },
        {
          "alive": false,
          "cd": {
            "basic": 0.41,
            "evade": 0,
            "skill1": 0.905,
            "skill2": 7.857,
            "ultimate": 0,
          },
          "effects": [],
          "facing": -1.571,
          "hp": 0,
          "id": "p1",
          "kills": 0,
          "mana": 52.7,
          "shield": 0,
          "ult": 90.54,
          "x": 1288.03,
          "y": 743.997,
        },
        {
          "alive": false,
          "cd": {
            "basic": 0,
            "evade": 0.5,
            "skill1": 3.476,
            "skill2": 0,
            "ultimate": 0,
          },
          "effects": [],
          "facing": 0,
          "hp": 0,
          "id": "p2",
          "kills": 0,
          "mana": 10.4,
          "shield": 0,
          "ult": 82.054,
          "x": 1159.328,
          "y": 709.72,
        },
        {
          "alive": true,
          "cd": {
            "basic": 0.43,
            "evade": 0,
            "skill1": 2.952,
            "skill2": 0,
            "ultimate": 7.952,
          },
          "effects": [
            "bleed",
            "protect",
            "reflect",
          ],
          "facing": 1.571,
          "hp": 303.922,
          "id": "p3",
          "kills": 2,
          "mana": 19.9,
          "shield": 23.267,
          "ult": 29.861,
          "x": 1257.418,
          "y": 896.847,
        },
        {
          "alive": false,
          "cd": {
            "basic": 0.362,
            "evade": 0,
            "skill1": 0,
            "skill2": 0,
            "ultimate": 0,
          },
          "effects": [
            "bleed",
          ],
          "facing": 1.571,
          "hp": 0,
          "id": "p4",
          "kills": 2,
          "mana": 29.7,
          "shield": 0,
          "ult": 100,
          "x": 1183.952,
          "y": 757.803,
        },
        {
          "alive": false,
          "cd": {
            "basic": 0.46,
            "evade": 0,
            "skill1": 2.185,
            "skill2": 0,
            "ultimate": 0,
          },
          "effects": [
            "lifesteal",
            "rage",
          ],
          "facing": 1.571,
          "hp": 0,
          "id": "p5",
          "kills": 1,
          "mana": 28.5,
          "shield": 0,
          "ult": 82.587,
          "x": 1299.712,
          "y": 834.634,
        },
      ],
      "time": 27.367,
      "winner": "p3",
    },
    {
      "counts": {
        "fx": 12,
        "projectiles": 0,
        "zones": 0,
      },
      "phase": "gameover",
      "players": [
        {
          "alive": false,
          "cd": {
            "basic": 0,
            "evade": 0,
            "skill1": 4.905,
            "skill2": 0,
            "ultimate": 0,
          },
          "effects": [],
          "facing": 0.785,
          "hp": 0,
          "id": "p0",
          "kills": 0,
          "mana": 15.6,
          "shield": 0,
          "ult": 100,
          "x": 1163.275,
          "y": 667.686,
        },
        {
          "alive": false,
          "cd": {
            "basic": 0.41,
            "evade": 0,
            "skill1": 0.905,
            "skill2": 7.857,
            "ultimate": 0,
          },
          "effects": [],
          "facing": -1.571,
          "hp": 0,
          "id": "p1",
          "kills": 0,
          "mana": 52.7,
          "shield": 0,
          "ult": 90.54,
          "x": 1288.03,
          "y": 743.997,
        },
        {
          "alive": false,
          "cd": {
            "basic": 0,
            "evade": 0.5,
            "skill1": 3.476,
            "skill2": 0,
            "ultimate": 0,
          },
          "effects": [],
          "facing": 0,
          "hp": 0,
          "id": "p2",
          "kills": 0,
          "mana": 10.4,
          "shield": 0,
          "ult": 82.054,
          "x": 1159.328,
          "y": 709.72,
        },
        {
          "alive": true,
          "cd": {
            "basic": 0.43,
            "evade": 0,
            "skill1": 2.952,
            "skill2": 0,
            "ultimate": 7.952,
          },
          "effects": [
            "bleed",
            "protect",
            "reflect",
          ],
          "facing": 1.571,
          "hp": 303.922,
          "id": "p3",
          "kills": 2,
          "mana": 19.9,
          "shield": 23.267,
          "ult": 29.861,
          "x": 1257.418,
          "y": 896.847,
        },
        {
          "alive": false,
          "cd": {
            "basic": 0.362,
            "evade": 0,
            "skill1": 0,
            "skill2": 0,
            "ultimate": 0,
          },
          "effects": [
            "bleed",
          ],
          "facing": 1.571,
          "hp": 0,
          "id": "p4",
          "kills": 2,
          "mana": 29.7,
          "shield": 0,
          "ult": 100,
          "x": 1183.952,
          "y": 757.803,
        },
        {
          "alive": false,
          "cd": {
            "basic": 0.46,
            "evade": 0,
            "skill1": 2.185,
            "skill2": 0,
            "ultimate": 0,
          },
          "effects": [
            "lifesteal",
            "rage",
          ],
          "facing": 1.571,
          "hp": 0,
          "id": "p5",
          "kills": 1,
          "mana": 28.5,
          "shield": 0,
          "ult": 82.587,
          "x": 1299.712,
          "y": 834.634,
        },
      ],
      "time": 27.367,
      "winner": "p3",
    },
  ],
}
`;
