// Vitest Snapshot v1, https://vitest.dev/guide/snapshot.html

exports[`simulation determinism (golden regression) > matches the golden behavior snapshot 1`] = `
{
  "final": {
    "counts": {
      "fx": 6,
      "projectiles": 0,
      "zones": 0,
    },
    "phase": "gameover",
    "players": [
      {
        "alive": false,
        "cd": {
          "basic": 0,
          "evade": 0,
          "skill1": 0,
          "skill2": 1.762,
          "ultimate": 0,
        },
        "effects": [
          "bleed",
          "burn",
          "mark",
        ],
        "facing": -1.571,
        "hp": 0,
        "id": "p0",
        "kills": 1,
        "mana": 24.4,
        "shield": 0,
        "ult": 77.926,
        "x": 1239.766,
        "y": 851.4,
      },
      {
        "alive": false,
        "cd": {
          "basic": 0.029,
          "evade": 0,
          "skill1": 5.667,
          "skill2": 0,
          "ultimate": 0,
        },
        "effects": [
          "mark",
        ],
        "facing": -1.571,
        "hp": 0,
        "id": "p1",
        "kills": 0,
        "mana": 47.7,
        "shield": 0,
        "ult": 62.662,
        "x": 1279.035,
        "y": 804.353,
      },
      {
        "alive": false,
        "cd": {
          "basic": 0.205,
          "evade": 1.429,
          "skill1": 2.952,
          "skill2": 0,
          "ultimate": 4.905,
        },
        "effects": [
          "lifesteal",
          "slow",
        ],
        "facing": -2.356,
        "hp": 0,
        "id": "p2",
        "kills": 3,
        "mana": 11.4,
        "shield": 0,
        "ult": 46.675,
        "x": 1317.21,
        "y": 847.947,
      },
      {
        "alive": true,
        "cd": {
          "basic": 0.55,
          "evade": 0,
          "skill1": 3,
          "skill2": 0,
          "ultimate": 11,
        },
        "effects": [
          "bleed",
          "protect",
          "reflect",
        ],
        "facing": 1.571,
        "hp": 480,
        "id": "p3",
        "kills": 1,
        "mana": 31.7,
        "shield": 215.861,
        "ult": 19.069,
        "x": 1320.364,
        "y": 801.167,
      },
      {
        "alive": false,
        "cd": {
          "basic": 0.171,
          "evade": 0,
          "skill1": 2.381,
          "skill2": 7.143,
          "ultimate": 0,
        },
        "effects": [
          "bleed",
          "haste",
        ],
        "facing": 3.142,
        "hp": 0,
        "id": "p4",
        "kills": 0,
        "mana": 64.7,
        "shield": 0,
        "ult": 50.896,
        "x": 1137.316,
        "y": 903.916,
      },
      {
        "alive": false,
        "cd": {
          "basic": 0,
          "evade": 0,
          "skill1": 0.237,
          "skill2": 0,
          "ultimate": 0,
        },
        "effects": [],
        "facing": 1.571,
        "hp": 0,
        "id": "p5",
        "kills": 0,
        "mana": 37.4,
        "shield": 0,
        "ult": 100,
        "x": 1315.897,
        "y": 832.284,
      },
    ],
    "time": 14.633,
    "winner": "p3",
  },
  "trail": [
    {
      "counts": {
        "fx": 16,
        "projectiles": 3,
        "zones": 0,
      },
      "phase": "playing",
      "players": [
        {
          "alive": true,
          "cd": {
            "basic": 0,
            "evade": 0.619,
            "skill1": 7.619,
            "skill2": 9.619,
            "ultimate": 0,
          },
          "effects": [],
          "facing": 3.142,
          "hp": 300,
          "id": "p0",
          "kills": 0,
          "mana": 7.9,
          "shield": 0,
          "ult": 8,
          "x": 1166.181,
          "y": 732.366,
        },
        {
          "alive": true,
          "cd": {
            "basic": 0.171,
            "evade": 1.238,
            "skill1": 4.952,
            "skill2": 7.143,
            "ultimate": 0,
          },
          "effects": [],
          "facing": 2.356,
          "hp": 170,
          "id": "p1",
          "kills": 0,
          "mana": 52.2,
          "shield": 0,
          "ult": 8,
          "x": 1503.027,
          "y": 719.516,
        },
        {
          "alive": true,
          "cd": {
            "basic": 0,
            "evade": 1.857,
            "skill1": 5.286,
            "skill2": 7.667,
            "ultimate": 0,
          },
          "effects": [
            "evading",
            "lifesteal",
          ],
          "facing": 3.142,
          "hp": 190,
          "id": "p2",
          "kills": 0,
          "mana": 14.5,
          "shield": 0,
          "ult": 8,
          "x": 1390.866,
          "y": 782.891,
        },
        {
          "alive": true,
          "cd": {
            "basic": 0.312,
            "evade": 0,
            "skill1": 9.619,
            "skill2": 0,
            "ultimate": 0,
          },
          "effects": [
            "reflect",
          ],
          "facing": -1.571,
          "hp": 480,
          "id": "p3",
          "kills": 0,
          "mana": 45.8,
          "shield": 280,
          "ult": 8,
          "x": 1200,
          "y": 1261.827,
        },
        {
          "alive": true,
          "cd": {
            "basic": 0.457,
            "evade": 0,
            "skill1": 6.952,
            "skill2": 0,
            "ultimate": 0,
          },
          "effects": [],
          "facing": -0.785,
          "hp": 200,
          "id": "p4",
          "kills": 0,
          "mana": 95.1,
          "shield": 0,
          "ult": 8,
          "x": 796.023,
          "y": 981.433,
        },
        {
          "alive": true,
          "cd": {
            "basic": 0.412,
            "evade": 0,
            "skill1": 0,
            "skill2": 0,
            "ultimate": 0,
          },
          "effects": [],
          "facing": 0.785,
          "hp": 290,
          "id": "p5",
          "kills": 0,
          "mana": 50,
          "shield": 0,
          "ult": 8,
          "x": 796.196,
          "y": 618.74,
        },
      ],
      "time": 1,
      "winner": null,
    },
    {
      "counts": {
        "fx": 22,
        "projectiles": 4,
        "zones": 2,
      },
      "phase": "playing",
      "players": [
        {
          "alive": true,
          "cd": {
            "basic": 0.312,
            "evade": 0,
            "skill1": 6.19,
            "skill2": 8.19,
            "ultimate": 0,
          },
          "effects": [
            "slow",
          ],
          "facing": 3.142,
          "hp": 290.446,
          "id": "p0",
          "kills": 0,
          "mana": 10.9,
          "shield": 0,
          "ult": 18.538,
          "x": 1182.768,
          "y": 779.859,
        },
        {
          "alive": true,
          "cd": {
            "basic": 0.457,
            "evade": 0,
            "skill1": 3.524,
            "skill2": 5.714,
            "ultimate": 0,
          },
          "effects": [],
          "facing": 3.142,
          "hp": 144.68,
          "id": "p1",
          "kills": 0,
          "mana": 55.2,
          "shield": 0,
          "ult": 17.04,
          "x": 1388.688,
          "y": 806.996,
        },
        {
          "alive": true,
          "cd": {
            "basic": 0.252,
            "evade": 0.429,
            "skill1": 3.857,
            "skill2": 6.238,
            "ultimate": 0,
          },
          "effects": [
            "lifesteal",
            "slow",
          ],
          "facing": 3.142,
          "hp": 159.03,
          "id": "p2",
          "kills": 0,
          "mana": 17.5,
          "shield": 0,
          "ult": 17.629,
          "x": 1237.904,
          "y": 912.83,
        },
        {
          "alive": true,
          "cd": {
            "basic": 0,
            "evade": 0,
            "skill1": 8.19,
            "skill2": 10.762,
            "ultimate": 0,
          },
          "effects": [
            "bleed",
            "reflect",
          ],
          "facing": -1.571,
          "hp": 480,
          "id": "p3",
          "kills": 0,
          "mana": 18.8,
          "shield": 248.828,
          "ult": 16.578,
          "x": 1198.017,
          "y": 934.709,
        },
        {
          "alive": true,
          "cd": {
            "basic": 0,
            "evade": 1.667,
            "skill1": 5.524,
            "skill2": 10.286,
            "ultimate": 0,
          },
          "effects": [
            "bleed",
            "evading",
            "haste",
          ],
          "facing": 0,
          "hp": 137.667,
          "id": "p4",
          "kills": 0,
          "mana": 58.1,
          "shield": 0,
          "ult": 19.36,
          "x": 976.971,
          "y": 794.556,
        },
        {
          "alive": true,
          "cd": {
            "basic": 0,
            "evade": 0,
            "skill1": 5.85,
            "skill2": 9.806,
            "ultimate": 0,
          },
          "effects": [
            "burn",
            "lifesteal",
            "rage",
            "slow",
          ],
          "facing": 3.142,
          "hp": 271.337,
          "id": "p5",
          "kills": 0,
          "mana": 32.4,
          "shield": 0,
          "ult": 18.993,
          "x": 1097.099,
          "y": 876.156,
        },
      ],
      "time": 2,
      "winner": null,
    },
    {
      "counts": {
        "fx": 53,
        "projectiles": 3,
        "zones": 1,
      },
      "phase": "playing",
      "players": [
        {
          "alive": true,
          "cd": {
            "basic": 0,
            "evade": 0,
            "skill1": 4.762,
            "skill2": 6.762,
            "ultimate": 0,
          },
          "effects": [
            "bleed",
            "burn",
            "slow",
          ],
          "facing": 3.142,
          "hp": 183.884,
          "id": "p0",
          "kills": 0,
          "mana": 13.9,
          "shield": 0,
          "ult": 32.157,
          "x": 1241.117,
          "y": 923.262,
        },
        {
          "alive": true,
          "cd": {
            "basic": 0,
            "evade": 0,
            "skill1": 2.095,
            "skill2": 4.286,
            "ultimate": 0,
          },
          "effects": [
            "burn",
            "slow",
          ],
          "facing": 3.142,
          "hp": 81.948,
          "id": "p1",
          "kills": 0,
          "mana": 66.2,
          "shield": 0,
          "ult": 28.205,
          "x": 1301.981,
          "y": 874.748,
        },
        {
          "alive": true,
          "cd": {
            "basic": 0,
            "evade": 0,
            "skill1": 2.429,
            "skill2": 4.81,
            "ultimate": 0,
          },
          "effects": [
            "burn",
            "lifesteal",
          ],
          "facing": -1.571,
          "hp": 120.138,
          "id": "p2",
          "kills": 0,
          "mana": 20.5,
          "shield": 0,
          "ult": 30.901,
          "x": 1207.38,
          "y": 945.234,
        },
        {
          "alive": true,
          "cd": {
            "basic": 0,
            "evade": 0,
            "skill1": 6.762,
            "skill2": 9.333,
            "ultimate": 0,
          },
          "effects": [
            "bleed",
            "burn",
            "overdrive",
            "reflect",
          ],
          "facing": 3.142,
          "hp": 480,
          "id": "p3",
          "kills": 0,
          "mana": 21.8,
          "shield": 190.714,
          "ult": 26.265,
          "x": 1193.128,
          "y": 915.018,
        },
        {
          "alive": true,
          "cd": {
            "basic": 0.171,
            "evade": 0.238,
            "skill1": 4.095,
            "skill2": 8.857,
            "ultimate": 0,
          },
          "effects": [
            "bleed",
            "haste",
          ],
          "facing": 3.142,
          "hp": 124.215,
          "id": "p4",
          "kills": 0,
          "mana": 61.1,
          "shield": 0,
          "ult": 30.998,
          "x": 1156.589,
          "y": 915.411,
        },
        {
          "alive": true,
          "cd": {
            "basic": 0.114,
            "evade": 0.825,
            "skill1": 4.38,
            "skill2": 8.337,
            "ultimate": 0,
          },
          "effects": [
            "bleed",
            "burn",
            "lifesteal",
            "rage",
          ],
          "facing": 3.142,
          "hp": 261.704,
          "id": "p5",
          "kills": 0,
          "mana": 35.4,
          "shield": 0,
          "ult": 31.144,
          "x": 1183.863,
          "y": 880.231,
        },
      ],
      "time": 3,
      "winner": null,
    },
    {
      "counts": {
        "fx": 57,
        "projectiles": 2,
        "zones": 1,
      },
      "phase": "playing",
      "players": [
        {
          "alive": true,
          "cd": {
            "basic": 0.026,
            "evade": 0,
            "skill1": 3.333,
            "skill2": 5.333,
            "ultimate": 0,
          },
          "effects": [
            "bleed",
            "burn",
          ],
          "facing": -2.356,
          "hp": 147.14,
          "id": "p0",
          "kills": 0,
          "mana": 16.9,
          "shield": 0,
          "ult": 44.621,
          "x": 1266.136,
          "y": 907.763,
        },
        {
          "alive": true,
          "cd": {
            "basic": 0.171,
            "evade": 0,
            "skill1": 0.667,
            "skill2": 2.857,
            "ultimate": 0,
          },
          "effects": [
            "burn",
          ],
          "facing": 1.571,
          "hp": 40.934,
          "id": "p1",
          "kills": 0,
          "mana": 69.2,
          "shield": 0,
          "ult": 38.502,
          "x": 1326.343,
          "y": 824.923,
        },
        {
          "alive": true,
          "cd": {
            "basic": 0,
            "evade": 0,
            "skill1": 1,
            "skill2": 3.381,
            "ultimate": 0,
          },
          "effects": [
            "burn",
            "lifesteal",
          ],
          "facing": 1.571,
          "hp": 114.861,
          "id": "p2",
          "kills": 0,
          "mana": 23.5,
          "shield": 0,
          "ult": 43.281,
          "x": 1232.143,
          "y": 919.614,
        },
        {
          "alive": true,
          "cd": {
            "basic": 0.274,
            "evade": 0,
            "skill1": 5.333,
            "skill2": 7.905,
            "ultimate": 0,
          },
          "effects": [
            "bleed",
            "burn",
            "overdrive",
            "reflect",
          ],
          "facing": 1.571,
          "hp": 480,
          "id": "p3",
          "kills": 0,
          "mana": 24.8,
          "shield": 80.718,
          "ult": 35.435,
          "x": 1167.117,
          "y": 921.386,
        },
        {
          "alive": true,
          "cd": {
            "basic": 0.457,
            "evade": 0,
            "skill1": 2.667,
            "skill2": 7.429,
            "ultimate": 0,
          },
          "effects": [
            "bleed",
            "haste",
          ],
          "facing": 1.571,
          "hp": 28.219,
          "id": "p4",
          "kills": 0,
          "mana": 64.1,
          "shield": 0,
          "ult": 47.298,
          "x": 1168.532,
          "y": 884.349,
        },
        {
          "alive": true,
          "cd": {
            "basic": 0.403,
            "evade": 0,
            "skill1": 2.683,
            "skill2": 6.64,
            "ultimate": 0,
          },
          "effects": [
            "bleed",
            "burn",
            "lifesteal",
            "rage",
            "slow",
          ],
          "facing": 1.571,
          "hp": 187.153,
          "id": "p5",
          "kills": 0,
          "mana": 38.4,
          "shield": 0,
          "ult": 45.271,
          "x": 1146.794,
          "y": 819.973,
        },
      ],
      "time": 4,
      "winner": null,
    },
    {
      "counts": {
        "fx": 30,
        "projectiles": 3,
        "zones": 0,
      },
      "phase": "playing",
      "players": [
        {
          "alive": true,
          "cd": {
            "basic": 0.312,
            "evade": 0,
            "skill1": 1.905,
            "skill2": 3.905,
            "ultimate": 0,
          },
          "effects": [
            "bleed",
            "burn",
          ],
          "facing": 1.571,
          "hp": 105.227,
          "id": "p0",
          "kills": 1,
          "mana": 19.9,
          "shield": 0,
          "ult": 57.805,
          "x": 1272.015,
          "y": 870.312,
        },
        {
          "alive": true,
          "cd": {
            "basic": 0.457,
            "evade": 0,
            "skill1": 0,
            "skill2": 1.429,
            "ultimate": 0,
          },
          "effects": [
            "burn",
          ],
          "facing": 1.571,
          "hp": 34.334,
          "id": "p1",
          "kills": 0,
          "mana": 72.2,
          "shield": 0,
          "ult": 46.902,
          "x": 1327.32,
          "y": 812.02,
        },
        {
          "alive": true,
          "cd": {
            "basic": 0.252,
            "evade": 0,
            "skill1": 0,
            "skill2": 1.952,
            "ultimate": 0,
          },
          "effects": [
            "burn",
          ],
          "facing": 1.571,
          "hp": 87.429,
          "id": "p2",
          "kills": 0,
          "mana": 26.5,
          "shield": 0,
          "ult": 54.944,
          "x": 1241.207,
          "y": 930.275,
        },
        {
          "alive": true,
          "cd": {
            "basic": 0,
            "evade": 0,
            "skill1": 3.905,
            "skill2": 6.476,
            "ultimate": 0,
          },
          "effects": [
            "bleed",
            "burn",
            "overdrive",
            "reflect",
          ],
          "facing": 1.571,
          "hp": 480,
          "id": "p3",
          "kills": 0,
          "mana": 27.8,
          "shield": 27.88,
          "ult": 44.17,
          "x": 1174.95,
          "y": 925.344,
        },
        {
          "alive": false,
          "cd": {
            "basic": 0.171,
            "evade": 0,
            "skill1": 2.381,
            "skill2": 7.143,
            "ultimate": 0,
          },
          "effects": [
            "bleed",
            "haste",
          ],
          "facing": 3.142,
          "hp": 0,
          "id": "p4",
          "kills": 0,
          "mana": 64.7,
          "shield": 0,
          "ult": 50.896,
          "x": 1137.316,
          "y": 903.916,
        },
        {
          "alive": true,
          "cd": {
            "basic": 0,
            "evade": 0,
            "skill1": 0.828,
            "skill2": 4.785,
            "ultimate": 0,
          },
          "effects": [
            "bleed",
            "burn",
            "lifesteal",
            "rage",
            "slow",
          ],
          "facing": 1.571,
          "hp": 125.393,
          "id": "p5",
          "kills": 0,
          "mana": 41.4,
          "shield": 0,
          "ult": 55.973,
          "x": 1115.782,
          "y": 806.7,
        },
      ],
      "time": 5,
      "winner": null,
    },
    {
      "counts": {
        "fx": 21,
        "projectiles": 2,
        "zones": 0,
      },
      "phase": "playing",
      "players": [
        {
          "alive": true,
          "cd": {
            "basic": 0,
            "evade": 0,
            "skill1": 0.476,
            "skill2": 2.476,
            "ultimate": 0,
          },
          "effects": [
            "bleed",
            "slow",
          ],
          "facing": 1.571,
          "hp": 60.311,
          "id": "p0",
          "kills": 1,
          "mana": 22.9,
          "shield": 0,
          "ult": 68.958,
          "x": 1287.27,
          "y": 834.298,
        },
        {
          "alive": true,
          "cd": {
            "basic": 0,
            "evade": 0,
            "skill1": 0,
            "skill2": 0,
            "ultimate": 0,
          },
          "effects": [],
          "facing": 1.571,
          "hp": 6.734,
          "id": "p1",
          "kills": 0,
          "mana": 75.2,
          "shield": 0,
          "ult": 56.142,
          "x": 1323.448,
          "y": 787.89,
        },
        {
          "alive": true,
          "cd": {
            "basic": 0,
            "evade": 0,
            "skill1": 0,
            "skill2": 0.524,
            "ultimate": 0,
          },
          "effects": [],
          "facing": 1.571,
          "hp": 28.517,
          "id": "p2",
          "kills": 0,
          "mana": 29.5,
          "shield": 0,
          "ult": 66.533,
          "x": 1263.358,
          "y": 870.162,
        },
        {
          "alive": true,
          "cd": {
            "basic": 0,
            "evade": 0,
            "skill1": 2.476,
            "skill2": 5.048,
            "ultimate": 0,
          },
          "effects": [
            "bleed",
            "overdrive",
            "reflect",
          ],
          "facing": 1.571,
          "hp": 480,
          "id": "p3",
          "kills": 0,
          "mana": 30.8,
          "shield": 3.957,
          "ult": 52.667,
          "x": 1210.322,
          "y": 898.399,
        },
        {
          "alive": false,
          "cd": {
            "basic": 0.171,
            "evade": 0,
            "skill1": 2.381,
            "skill2": 7.143,
            "ultimate": 0,
          },
          "effects": [
            "bleed",
            "haste",
          ],
          "facing": 3.142,
          "hp": 0,
          "id": "p4",
          "kills": 0,
          "mana": 64.7,
          "shield": 0,
          "ult": 50.896,
          "x": 1137.316,
          "y": 903.916,
        },
        {
          "alive": true,
          "cd": {
            "basic": 0.003,
            "evade": 0,
            "skill1": 0,
            "skill2": 2.805,
            "ultimate": 0,
          },
          "effects": [
            "bleed",
            "lifesteal",
            "rage",
          ],
          "facing": 1.571,
          "hp": 111.092,
          "id": "p5",
          "kills": 0,
          "mana": 44.4,
          "shield": 0,
          "ult": 67.196,
          "x": 1137.473,
          "y": 799.955,
        },
      ],
      "time": 6,
      "winner": null,
    },
    {
      "counts": {
        "fx": 18,
        "projectiles": 2,
        "zones": 0,
      },
      "phase": "playing",
      "players": [
        {
          "alive": false,
          "cd": {
            "basic": 0,
            "evade": 0,
            "skill1": 0,
            "skill2": 1.762,
            "ultimate": 0,
          },
          "effects": [
            "bleed",
            "burn",
            "mark",
          ],
          "facing": -1.571,
          "hp": 0,
          "id": "p0",
          "kills": 1,
          "mana": 24.4,
          "shield": 0,
          "ult": 77.926,
          "x": 1239.766,
          "y": 851.4,
        },
        {
          "alive": false,
          "cd": {
            "basic": 0.029,
            "evade": 0,
            "skill1": 5.667,
            "skill2": 0,
            "ultimate": 0,
          },
          "effects": [
            "mark",
          ],
          "facing": -1.571,
          "hp": 0,
          "id": "p1",
          "kills": 0,
          "mana": 47.7,
          "shield": 0,
          "ult": 62.662,
          "x": 1279.035,
          "y": 804.353,
        },
        {
          "alive": true,
          "cd": {
            "basic": 0,
            "evade": 0,
            "skill1": 5.286,
            "skill2": 0,
            "ultimate": 0,
          },
          "effects": [],
          "facing": 1.571,
          "hp": 9.864,
          "id": "p2",
          "kills": 2,
          "mana": 10.5,
          "shield": 0,
          "ult": 78.222,
          "x": 1242.812,
          "y": 723.706,
        },
        {
          "alive": true,
          "cd": {
            "basic": 0.274,
            "evade": 0,
            "skill1": 1.048,
            "skill2": 3.619,
            "ultimate": 0,
          },
          "effects": [
            "bleed",
            "overdrive",
            "reflect",
          ],
          "facing": 1.571,
          "hp": 465.082,
          "id": "p3",
          "kills": 0,
          "mana": 33.8,
          "shield": 0,
          "ult": 62.29,
          "x": 1207.417,
          "y": 887.903,
        },
        {
          "alive": false,
          "cd": {
            "basic": 0.171,
            "evade": 0,
            "skill1": 2.381,
            "skill2": 7.143,
            "ultimate": 0,
          },
          "effects": [
            "bleed",
            "haste",
          ],
          "facing": 3.142,
          "hp": 0,
          "id": "p4",
          "kills": 0,
          "mana": 64.7,
          "shield": 0,
          "ult": 50.896,
          "x": 1137.316,
          "y": 903.916,
        },
        {
          "alive": true,
          "cd": {
            "basic": 0.39,
            "evade": 0,
            "skill1": 0,
            "skill2": 0.753,
            "ultimate": 0,
          },
          "effects": [
            "burn",
            "lifesteal",
            "rage",
            "slow",
          ],
          "facing": 1.571,
          "hp": 62.682,
          "id": "p5",
          "kills": 0,
          "mana": 47.4,
          "shield": 0,
          "ult": 77.364,
          "x": 1117.91,
          "y": 786.16,
        },
      ],
      "time": 7,
      "winner": null,
    },
    {
      "counts": {
        "fx": 5,
        "projectiles": 0,
        "zones": 0,
      },
      "phase": "playing",
      "players": [
        {
          "alive": false,
          "cd": {
            "basic": 0,
            "evade": 0,
            "skill1": 0,
            "skill2": 1.762,
            "ultimate": 0,
          },
          "effects": [
            "bleed",
            "burn",
            "mark",
          ],
          "facing": -1.571,
          "hp": 0,
          "id": "p0",
          "kills": 1,
          "mana": 24.4,
          "shield": 0,
          "ult": 77.926,
          "x": 1239.766,
          "y": 851.4,
        },
        {
          "alive": false,
          "cd": {
            "basic": 0.029,
            "evade": 0,
            "skill1": 5.667,
            "skill2": 0,
            "ultimate": 0,
          },
          "effects": [
            "mark",
          ],
          "facing": -1.571,
          "hp": 0,
          "id": "p1",
          "kills": 0,
          "mana": 47.7,
          "shield": 0,
          "ult": 62.662,
          "x": 1279.035,
          "y": 804.353,
        },
        {
          "alive": true,
          "cd": {
            "basic": 0.252,
            "evade": 1.381,
            "skill1": 3.857,
            "skill2": 0,
            "ultimate": 0,
          },
          "effects": [],
          "facing": 1.571,
          "hp": 13.664,
          "id": "p2",
          "kills": 2,
          "mana": 13.5,
          "shield": 0,
          "ult": 86.222,
          "x": 1199.606,
          "y": 663.94,
        },
        {
          "alive": true,
          "cd": {
            "basic": 0,
            "evade": 2,
            "skill1": 0,
            "skill2": 2.19,
            "ultimate": 0,
          },
          "effects": [
            "evading",
            "overdrive",
            "reflect",
          ],
          "facing": 0,
          "hp": 475.6,
          "id": "p3",
          "kills": 0,
          "mana": 36.8,
          "shield": 0,
          "ult": 70.69,
          "x": 1212.653,
          "y": 876.849,
        },
        {
          "alive": false,
          "cd": {
            "basic": 0.171,
            "evade": 0,
            "skill1": 2.381,
            "skill2": 7.143,
            "ultimate": 0,
          },
          "effects": [
            "bleed",
            "haste",
          ],
          "facing": 3.142,
          "hp": 0,
          "id": "p4",
          "kills": 0,
          "mana": 64.7,
          "shield": 0,
          "ult": 50.896,
          "x": 1137.316,
          "y": 903.916,
        },
        {
          "alive": true,
          "cd": {
            "basic": 0,
            "evade": 0,
            "skill1": 5.27,
            "skill2": 0,
            "ultimate": 0,
          },
          "effects": [
            "burn",
            "lifesteal",
            "rage",
            "slow",
          ],
          "facing": -0.785,
          "hp": 35.532,
          "id": "p5",
          "kills": 0,
          "mana": 30.4,
          "shield": 0,
          "ult": 86.682,
          "x": 1139.193,
          "y": 1071.448,
        },
      ],
      "time": 8,
      "winner": null,
    },
    {
      "counts": {
        "fx": 4,
        "projectiles": 0,
        "zones": 0,
      },
      "phase": "playing",
      "players": [
        {
          "alive": false,
          "cd": {
            "basic": 0,
            "evade": 0,
            "skill1": 0,
            "skill2": 1.762,
            "ultimate": 0,
          },
          "effects": [
            "bleed",
            "burn",
            "mark",
          ],
          "facing": -1.571,
          "hp": 0,
          "id": "p0",
          "kills": 1,
          "mana": 24.4,
          "shield": 0,
          "ult": 77.926,
          "x": 1239.766,
          "y": 851.4,
        },
        {
          "alive": false,
          "cd": {
            "basic": 0.029,
            "evade": 0,
            "skill1": 5.667,
            "skill2": 0,
            "ultimate": 0,
          },
          "effects": [
            "mark",
          ],
          "facing": -1.571,
          "hp": 0,
          "id": "p1",
          "kills": 0,
          "mana": 47.7,
          "shield": 0,
          "ult": 62.662,
          "x": 1279.035,
          "y": 804.353,
        },
        {
          "alive": true,
          "cd": {
            "basic": 0,
            "evade": 0,
            "skill1": 2.429,
            "skill2": 0,
            "ultimate": 0,
          },
          "effects": [],
          "facing": 0,
          "hp": 17.464,
          "id": "p2",
          "kills": 2,
          "mana": 16.5,
          "shield": 0,
          "ult": 94.222,
          "x": 1177.018,
          "y": 690.392,
        },
        {
          "alive": true,
          "cd": {
            "basic": 0,
            "evade": 0.571,
            "skill1": 0,
            "skill2": 0.762,
            "ultimate": 0,
          },
          "effects": [
            "overdrive",
          ],
          "facing": 0,
          "hp": 445.338,
          "id": "p3",
          "kills": 0,
          "mana": 39.8,
          "shield": 0,
          "ult": 80.167,
          "x": 1324.43,
          "y": 813.705,
        },
        {
          "alive": false,
          "cd": {
            "basic": 0.171,
            "evade": 0,
            "skill1": 2.381,
            "skill2": 7.143,
            "ultimate": 0,
          },
          "effects": [
            "bleed",
            "haste",
          ],
          "facing": 3.142,
          "hp": 0,
          "id": "p4",
          "kills": 0,
          "mana": 64.7,
          "shield": 0,
          "ult": 50.896,
          "x": 1137.316,
          "y": 903.916,
        },
        {
          "alive": true,
          "cd": {
            "basic": 0,
            "evade": 1.72,
            "skill1": 3.102,
            "skill2": 0,
            "ultimate": 0,
          },
          "effects": [
            "evading",
            "lifesteal",
            "rage",
          ],
          "facing": 0,
          "hp": 62.069,
          "id": "p5",
          "kills": 0,
          "mana": 33.4,
          "shield": 0,
          "ult": 96.122,
          "x": 1304.867,
          "y": 875.624,
        },
      ],
      "time": 9,
      "winner": null,
    },
    {
      "counts": {
        "fx": 5,
        "projectiles": 0,
        "zones": 0,
      },
      "phase": "playing",
      "players": [
        {
          "alive": false,
          "cd": {
            "basic": 0,
            "evade": 0,
            "skill1": 0,
            "skill2": 1.762,
            "ultimate": 0,
          },
          "effects": [
            "bleed",
            "burn",
            "mark",
          ],
          "facing": -1.571,
          "hp": 0,
          "id": "p0",
          "kills": 1,
          "mana": 24.4,
          "shield": 0,
          "ult": 77.926,
          "x": 1239.766,
          "y": 851.4,
        },
        {
          "alive": false,
          "cd": {
            "basic": 0.029,
            "evade": 0,
            "skill1": 5.667,
            "skill2": 0,
            "ultimate": 0,
          },
          "effects": [
            "mark",
          ],
          "facing": -1.571,
          "hp": 0,
          "id": "p1",
          "kills": 0,
          "mana": 47.7,
          "shield": 0,
          "ult": 62.662,
          "x": 1279.035,
          "y": 804.353,
        },
        {
          "alive": true,
          "cd": {
            "basic": 0,
            "evade": 0,
            "skill1": 1,
            "skill2": 0,
            "ultimate": 0,
          },
          "effects": [],
          "facing": 0,
          "hp": 21.264,
          "id": "p2",
          "kills": 2,
          "mana": 19.5,
          "shield": 0,
          "ult": 100,
          "x": 1158.673,
          "y": 691.364,
        },
        {
          "alive": true,
          "cd": {
            "basic": 0.274,
            "evade": 0,
            "skill1": 9.619,
            "skill2": 0,
            "ultimate": 0,
          },
          "effects": [
            "overdrive",
            "reflect",
          ],
          "facing": 0,
          "hp": 455.856,
          "id": "p3",
          "kills": 0,
          "mana": 17.8,
          "shield": 280,
          "ult": 88.567,
          "x": 1295.265,
          "y": 767.886,
        },
        {
          "alive": false,
          "cd": {
            "basic": 0.171,
            "evade": 0,
            "skill1": 2.381,
            "skill2": 7.143,
            "ultimate": 0,
          },
          "effects": [
            "bleed",
            "haste",
          ],
          "facing": 3.142,
          "hp": 0,
          "id": "p4",
          "kills": 0,
          "mana": 64.7,
          "shield": 0,
          "ult": 50.896,
          "x": 1137.316,
          "y": 903.916,
        },
        {
          "alive": true,
          "cd": {
            "basic": 0.388,
            "evade": 0,
            "skill1": 0.954,
            "skill2": 0,
            "ultimate": 0,
          },
          "effects": [
            "slow",
          ],
          "facing": 0,
          "hp": 44.919,
          "id": "p5",
          "kills": 0,
          "mana": 36.4,
          "shield": 0,
          "ult": 100,
          "x": 1287.206,
          "y": 803.423,
        },
      ],
      "time": 10,
      "winner": null,
    },
    {
      "counts": {
        "fx": 7,
        "projectiles": 0,
        "zones": 0,
      },
      "phase": "playing",
      "players": [
        {
          "alive": false,
          "cd": {
            "basic": 0,
            "evade": 0,
            "skill1": 0,
            "skill2": 1.762,
            "ultimate": 0,
          },
          "effects": [
            "bleed",
            "burn",
            "mark",
          ],
          "facing": -1.571,
          "hp": 0,
          "id": "p0",
          "kills": 1,
          "mana": 24.4,
          "shield": 0,
          "ult": 77.926,
          "x": 1239.766,
          "y": 851.4,
        },
        {
          "alive": false,
          "cd": {
            "basic": 0.029,
            "evade": 0,
            "skill1": 5.667,
            "skill2": 0,
            "ultimate": 0,
          },
          "effects": [
            "mark",
          ],
          "facing": -1.571,
          "hp": 0,
          "id": "p1",
          "kills": 0,
          "mana": 47.7,
          "shield": 0,
          "ult": 62.662,
          "x": 1279.035,
          "y": 804.353,
        },
        {
          "alive": true,
          "cd": {
            "basic": 0.252,
            "evade": 0,
            "skill1": 0,
            "skill2": 0,
            "ultimate": 10.095,
          },
          "effects": [
            "haste",
            "lifesteal",
          ],
          "facing": 0.785,
          "hp": 77.938,
          "id": "p2",
          "kills": 3,
          "mana": 22.5,
          "shield": 0,
          "ult": 13.339,
          "x": 1125.612,
          "y": 702.736,
        },
        {
          "alive": true,
          "cd": {
            "basic": 0,
            "evade": 0,
            "skill1": 8.19,
            "skill2": 0,
            "ultimate": 0,
          },
          "effects": [
            "overdrive",
            "reflect",
          ],
          "facing": 0,
          "hp": 465.456,
          "id": "p3",
          "kills": 0,
          "mana": 20.8,
          "shield": 223.475,
          "ult": 96.962,
          "x": 1316.894,
          "y": 758.316,
        },
        {
          "alive": false,
          "cd": {
            "basic": 0.171,
            "evade": 0,
            "skill1": 2.381,
            "skill2": 7.143,
            "ultimate": 0,
          },
          "effects": [
            "bleed",
            "haste",
          ],
          "facing": 3.142,
          "hp": 0,
          "id": "p4",
          "kills": 0,
          "mana": 64.7,
          "shield": 0,
          "ult": 50.896,
          "x": 1137.316,
          "y": 903.916,
        },
        {
          "alive": false,
          "cd": {
            "basic": 0,
            "evade": 0,
            "skill1": 0.237,
            "skill2": 0,
            "ultimate": 0,
          },
          "effects": [],
          "facing": 1.571,
          "hp": 0,
          "id": "p5",
          "kills": 0,
          "mana": 37.4,
          "shield": 0,
          "ult": 100,
          "x": 1315.897,
          "y": 832.284,
        },
      ],
      "time": 11,
      "winner": null,
    },
    {
      "counts": {
        "fx": 0,
        "projectiles": 0,
        "zones": 0,
      },
      "phase": "playing",
      "players": [
        {
          "alive": false,
          "cd": {
            "basic": 0,
            "evade": 0,
            "skill1": 0,
            "skill2": 1.762,
            "ultimate": 0,
          },
          "effects": [
            "bleed",
            "burn",
            "mark",
          ],
          "facing": -1.571,
          "hp": 0,
          "id": "p0",
          "kills": 1,
          "mana": 24.4,
          "shield": 0,
          "ult": 77.926,
          "x": 1239.766,
          "y": 851.4,
        },
        {
          "alive": false,
          "cd": {
            "basic": 0.029,
            "evade": 0,
            "skill1": 5.667,
            "skill2": 0,
            "ultimate": 0,
          },
          "effects": [
            "mark",
          ],
          "facing": -1.571,
          "hp": 0,
          "id": "p1",
          "kills": 0,
          "mana": 47.7,
          "shield": 0,
          "ult": 62.662,
          "x": 1279.035,
          "y": 804.353,
        },
        {
          "alive": true,
          "cd": {
            "basic": 0,
            "evade": 0,
            "skill1": 0,
            "skill2": 0,
            "ultimate": 8.667,
          },
          "effects": [
            "haste",
            "lifesteal",
          ],
          "facing": -1.571,
          "hp": 81.738,
          "id": "p2",
          "kills": 3,
          "mana": 25.5,
          "shield": 0,
          "ult": 21.339,
          "x": 1109.448,
          "y": 723.103,
        },
        {
          "alive": true,
          "cd": {
            "basic": 0,
            "evade": 0,
            "skill1": 6.762,
            "skill2": 0,
            "ultimate": 0,
          },
          "effects": [
            "overdrive",
            "reflect",
          ],
          "facing": -1.571,
          "hp": 475.056,
          "id": "p3",
          "kills": 0,
          "mana": 23.8,
          "shield": 223.475,
          "ult": 100,
          "x": 1280.109,
          "y": 775.646,
        },
        {
          "alive": false,
          "cd": {
            "basic": 0.171,
            "evade": 0,
            "skill1": 2.381,
            "skill2": 7.143,
            "ultimate": 0,
          },
          "effects": [
            "bleed",
            "haste",
          ],
          "facing": 3.142,
          "hp": 0,
          "id": "p4",
          "kills": 0,
          "mana": 64.7,
          "shield": 0,
          "ult": 50.896,
          "x": 1137.316,
          "y": 903.916,
        },
        {
          "alive": false,
          "cd": {
            "basic": 0,
            "evade": 0,
            "skill1": 0.237,
            "skill2": 0,
            "ultimate": 0,
          },
          "effects": [],
          "facing": 1.571,
          "hp": 0,
          "id": "p5",
          "kills": 0,
          "mana": 37.4,
          "shield": 0,
          "ult": 100,
          "x": 1315.897,
          "y": 832.284,
        },
      ],
      "time": 12,
      "winner": null,
    },
    {
      "counts": {
        "fx": 4,
        "projectiles": 0,
        "zones": 1,
      },
      "phase": "playing",
      "players": [
        {
          "alive": false,
          "cd": {
            "basic": 0,
            "evade": 0,
            "skill1": 0,
            "skill2": 1.762,
            "ultimate": 0,
          },
          "effects": [
            "bleed",
            "burn",
            "mark",
          ],
          "facing": -1.571,
          "hp": 0,
          "id": "p0",
          "kills": 1,
          "mana": 24.4,
          "shield": 0,
          "ult": 77.926,
          "x": 1239.766,
          "y": 851.4,
        },
        {
          "alive": false,
          "cd": {
            "basic": 0.029,
            "evade": 0,
            "skill1": 5.667,
            "skill2": 0,
            "ultimate": 0,
          },
          "effects": [
            "mark",
          ],
          "facing": -1.571,
          "hp": 0,
          "id": "p1",
          "kills": 0,
          "mana": 47.7,
          "shield": 0,
          "ult": 62.662,
          "x": 1279.035,
          "y": 804.353,
        },
        {
          "alive": true,
          "cd": {
            "basic": 0,
            "evade": 0,
            "skill1": 5.286,
            "skill2": 0,
            "ultimate": 7.238,
          },
          "effects": [
            "haste",
            "lifesteal",
            "stun",
          ],
          "facing": 1.571,
          "hp": 9.038,
          "id": "p2",
          "kills": 3,
          "mana": 6.5,
          "shield": 0,
          "ult": 32.399,
          "x": 1149.8,
          "y": 909.852,
        },
        {
          "alive": true,
          "cd": {
            "basic": 0.304,
            "evade": 0,
            "skill1": 5.333,
            "skill2": 0,
            "ultimate": 13.333,
          },
          "effects": [
            "protect",
            "reflect",
          ],
          "facing": -1.571,
          "hp": 480,
          "id": "p3",
          "kills": 0,
          "mana": 26.8,
          "shield": 223.475,
          "ult": 5.533,
          "x": 1280.22,
          "y": 790.452,
        },
        {
          "alive": false,
          "cd": {
            "basic": 0.171,
            "evade": 0,
            "skill1": 2.381,
            "skill2": 7.143,
            "ultimate": 0,
          },
          "effects": [
            "bleed",
            "haste",
          ],
          "facing": 3.142,
          "hp": 0,
          "id": "p4",
          "kills": 0,
          "mana": 64.7,
          "shield": 0,
          "ult": 50.896,
          "x": 1137.316,
          "y": 903.916,
        },
        {
          "alive": false,
          "cd": {
            "basic": 0,
            "evade": 0,
            "skill1": 0.237,
            "skill2": 0,
            "ultimate": 0,
          },
          "effects": [],
          "facing": 1.571,
          "hp": 0,
          "id": "p5",
          "kills": 0,
          "mana": 37.4,
          "shield": 0,
          "ult": 100,
          "x": 1315.897,
          "y": 832.284,
        },
      ],
      "time": 13,
      "winner": null,
    },
    {
      "counts": {
        "fx": 1,
        "projectiles": 0,
        "zones": 0,
      },
      "phase": "playing",
      "players": [
        {
          "alive": false,
          "cd": {
            "basic": 0,
            "evade": 0,
            "skill1": 0,
            "skill2": 1.762,
            "ultimate": 0,
          },
          "effects": [
            "bleed",
            "burn",
            "mark",
          ],
          "facing": -1.571,
          "hp": 0,
          "id": "p0",
          "kills": 1,
          "mana": 24.4,
          "shield": 0,
          "ult": 77.926,
          "x": 1239.766,
          "y": 851.4,
        },
        {
          "alive": false,
          "cd": {
            "basic": 0.029,
            "evade": 0,
            "skill1": 5.667,
            "skill2": 0,
            "ultimate": 0,
          },
          "effects": [
            "mark",
          ],
          "facing": -1.571,
          "hp": 0,
          "id": "p1",
          "kills": 0,
          "mana": 47.7,
          "shield": 0,
          "ult": 62.662,
          "x": 1279.035,
          "y": 804.353,
        },
        {
          "alive": true,
          "cd": {
            "basic": 0.252,
            "evade": 0,
            "skill1": 3.857,
            "skill2": 0,
            "ultimate": 5.81,
          },
          "effects": [
            "lifesteal",
          ],
          "facing": -1.571,
          "hp": 12.838,
          "id": "p2",
          "kills": 3,
          "mana": 9.5,
          "shield": 0,
          "ult": 40.399,
          "x": 1148.315,
          "y": 891.937,
        },
        {
          "alive": true,
          "cd": {
            "basic": 0,
            "evade": 0,
            "skill1": 3.905,
            "skill2": 0,
            "ultimate": 11.905,
          },
          "effects": [
            "protect",
            "reflect",
          ],
          "facing": -1.571,
          "hp": 480,
          "id": "p3",
          "kills": 0,
          "mana": 29.8,
          "shield": 223.475,
          "ult": 13.533,
          "x": 1280.531,
          "y": 800.227,
        },
        {
          "alive": false,
          "cd": {
            "basic": 0.171,
            "evade": 0,
            "skill1": 2.381,
            "skill2": 7.143,
            "ultimate": 0,
          },
          "effects": [
            "bleed",
            "haste",
          ],
          "facing": 3.142,
          "hp": 0,
          "id": "p4",
          "kills": 0,
          "mana": 64.7,
          "shield": 0,
          "ult": 50.896,
          "x": 1137.316,
          "y": 903.916,
        },
        {
          "alive": false,
          "cd": {
            "basic": 0,
            "evade": 0,
            "skill1": 0.237,
            "skill2": 0,
            "ultimate": 0,
          },
          "effects": [],
          "facing": 1.571,
          "hp": 0,
          "id": "p5",
          "kills": 0,
          "mana": 37.4,
          "shield": 0,
          "ult": 100,
          "x": 1315.897,
          "y": 832.284,
        },
      ],
      "time": 14,
      "winner": null,
    },
    {
      "counts": {
        "fx": 6,
        "projectiles": 0,
        "zones": 0,
      },
      "phase": "gameover",
      "players": [
        {
          "alive": false,
          "cd": {
            "basic": 0,
            "evade": 0,
            "skill1": 0,
            "skill2": 1.762,
            "ultimate": 0,
          },
          "effects": [
            "bleed",
            "burn",
            "mark",
          ],
          "facing": -1.571,
          "hp": 0,
          "id": "p0",
          "kills": 1,
          "mana": 24.4,
          "shield": 0,
          "ult": 77.926,
          "x": 1239.766,
          "y": 851.4,
        },
        {
          "alive": false,
          "cd": {
            "basic": 0.029,
            "evade": 0,
            "skill1": 5.667,
            "skill2": 0,
            "ultimate": 0,
          },
          "effects": [
            "mark",
          ],
          "facing": -1.571,
          "hp": 0,
          "id": "p1",
          "kills": 0,
          "mana": 47.7,
          "shield": 0,
          "ult": 62.662,
          "x": 1279.035,
          "y": 804.353,
        },
        {
          "alive": false,
          "cd": {
            "basic": 0.205,
            "evade": 1.429,
            "skill1": 2.952,
            "skill2": 0,
            "ultimate": 4.905,
          },
          "effects": [
            "lifesteal",
            "slow",
          ],
          "facing": -2.356,
          "hp": 0,
          "id": "p2",
          "kills": 3,
          "mana": 11.4,
          "shield": 0,
          "ult": 46.675,
          "x": 1317.21,
          "y": 847.947,
        },
        {
          "alive": true,
          "cd": {
            "basic": 0.55,
            "evade": 0,
            "skill1": 3,
            "skill2": 0,
            "ultimate": 11,
          },
          "effects": [
            "bleed",
            "protect",
            "reflect",
          ],
          "facing": 1.571,
          "hp": 480,
          "id": "p3",
          "kills": 1,
          "mana": 31.7,
          "shield": 215.861,
          "ult": 19.069,
          "x": 1320.364,
          "y": 801.167,
        },
        {
          "alive": false,
          "cd": {
            "basic": 0.171,
            "evade": 0,
            "skill1": 2.381,
            "skill2": 7.143,
            "ultimate": 0,
          },
          "effects": [
            "bleed",
            "haste",
          ],
          "facing": 3.142,
          "hp": 0,
          "id": "p4",
          "kills": 0,
          "mana": 64.7,
          "shield": 0,
          "ult": 50.896,
          "x": 1137.316,
          "y": 903.916,
        },
        {
          "alive": false,
          "cd": {
            "basic": 0,
            "evade": 0,
            "skill1": 0.237,
            "skill2": 0,
            "ultimate": 0,
          },
          "effects": [],
          "facing": 1.571,
          "hp": 0,
          "id": "p5",
          "kills": 0,
          "mana": 37.4,
          "shield": 0,
          "ult": 100,
          "x": 1315.897,
          "y": 832.284,
        },
      ],
      "time": 14.633,
      "winner": "p3",
    },
    {
      "counts": {
        "fx": 6,
        "projectiles": 0,
        "zones": 0,
      },
      "phase": "gameover",
      "players": [
        {
          "alive": false,
          "cd": {
            "basic": 0,
            "evade": 0,
            "skill1": 0,
            "skill2": 1.762,
            "ultimate": 0,
          },
          "effects": [
            "bleed",
            "burn",
            "mark",
          ],
          "facing": -1.571,
          "hp": 0,
          "id": "p0",
          "kills": 1,
          "mana": 24.4,
          "shield": 0,
          "ult": 77.926,
          "x": 1239.766,
          "y": 851.4,
        },
        {
          "alive": false,
          "cd": {
            "basic": 0.029,
            "evade": 0,
            "skill1": 5.667,
            "skill2": 0,
            "ultimate": 0,
          },
          "effects": [
            "mark",
          ],
          "facing": -1.571,
          "hp": 0,
          "id": "p1",
          "kills": 0,
          "mana": 47.7,
          "shield": 0,
          "ult": 62.662,
          "x": 1279.035,
          "y": 804.353,
        },
        {
          "alive": false,
          "cd": {
            "basic": 0.205,
            "evade": 1.429,
            "skill1": 2.952,
            "skill2": 0,
            "ultimate": 4.905,
          },
          "effects": [
            "lifesteal",
            "slow",
          ],
          "facing": -2.356,
          "hp": 0,
          "id": "p2",
          "kills": 3,
          "mana": 11.4,
          "shield": 0,
          "ult": 46.675,
          "x": 1317.21,
          "y": 847.947,
        },
        {
          "alive": true,
          "cd": {
            "basic": 0.55,
            "evade": 0,
            "skill1": 3,
            "skill2": 0,
            "ultimate": 11,
          },
          "effects": [
            "bleed",
            "protect",
            "reflect",
          ],
          "facing": 1.571,
          "hp": 480,
          "id": "p3",
          "kills": 1,
          "mana": 31.7,
          "shield": 215.861,
          "ult": 19.069,
          "x": 1320.364,
          "y": 801.167,
        },
        {
          "alive": false,
          "cd": {
            "basic": 0.171,
            "evade": 0,
            "skill1": 2.381,
            "skill2": 7.143,
            "ultimate": 0,
          },
          "effects": [
            "bleed",
            "haste",
          ],
          "facing": 3.142,
          "hp": 0,
          "id": "p4",
          "kills": 0,
          "mana": 64.7,
          "shield": 0,
          "ult": 50.896,
          "x": 1137.316,
          "y": 903.916,
        },
        {
          "alive": false,
          "cd": {
            "basic": 0,
            "evade": 0,
            "skill1": 0.237,
            "skill2": 0,
            "ultimate": 0,
          },
          "effects": [],
          "facing": 1.571,
          "hp": 0,
          "id": "p5",
          "kills": 0,
          "mana": 37.4,
          "shield": 0,
          "ult": 100,
          "x": 1315.897,
          "y": 832.284,
        },
      ],
      "time": 14.633,
      "winner": "p3",
    },
    {
      "counts": {
        "fx": 6,
        "projectiles": 0,
        "zones": 0,
      },
      "phase": "gameover",
      "players": [
        {
          "alive": false,
          "cd": {
            "basic": 0,
            "evade": 0,
            "skill1": 0,
            "skill2": 1.762,
            "ultimate": 0,
          },
          "effects": [
            "bleed",
            "burn",
            "mark",
          ],
          "facing": -1.571,
          "hp": 0,
          "id": "p0",
          "kills": 1,
          "mana": 24.4,
          "shield": 0,
          "ult": 77.926,
          "x": 1239.766,
          "y": 851.4,
        },
        {
          "alive": false,
          "cd": {
            "basic": 0.029,
            "evade": 0,
            "skill1": 5.667,
            "skill2": 0,
            "ultimate": 0,
          },
          "effects": [
            "mark",
          ],
          "facing": -1.571,
          "hp": 0,
          "id": "p1",
          "kills": 0,
          "mana": 47.7,
          "shield": 0,
          "ult": 62.662,
          "x": 1279.035,
          "y": 804.353,
        },
        {
          "alive": false,
          "cd": {
            "basic": 0.205,
            "evade": 1.429,
            "skill1": 2.952,
            "skill2": 0,
            "ultimate": 4.905,
          },
          "effects": [
            "lifesteal",
            "slow",
          ],
          "facing": -2.356,
          "hp": 0,
          "id": "p2",
          "kills": 3,
          "mana": 11.4,
          "shield": 0,
          "ult": 46.675,
          "x": 1317.21,
          "y": 847.947,
        },
        {
          "alive": true,
          "cd": {
            "basic": 0.55,
            "evade": 0,
            "skill1": 3,
            "skill2": 0,
            "ultimate": 11,
          },
          "effects": [
            "bleed",
            "protect",
            "reflect",
          ],
          "facing": 1.571,
          "hp": 480,
          "id": "p3",
          "kills": 1,
          "mana": 31.7,
          "shield": 215.861,
          "ult": 19.069,
          "x": 1320.364,
          "y": 801.167,
        },
        {
          "alive": false,
          "cd": {
            "basic": 0.171,
            "evade": 0,
            "skill1": 2.381,
            "skill2": 7.143,
            "ultimate": 0,
          },
          "effects": [
            "bleed",
            "haste",
          ],
          "facing": 3.142,
          "hp": 0,
          "id": "p4",
          "kills": 0,
          "mana": 64.7,
          "shield": 0,
          "ult": 50.896,
          "x": 1137.316,
          "y": 903.916,
        },
        {
          "alive": false,
          "cd": {
            "basic": 0,
            "evade": 0,
            "skill1": 0.237,
            "skill2": 0,
            "ultimate": 0,
          },
          "effects": [],
          "facing": 1.571,
          "hp": 0,
          "id": "p5",
          "kills": 0,
          "mana": 37.4,
          "shield": 0,
          "ult": 100,
          "x": 1315.897,
          "y": 832.284,
        },
      ],
      "time": 14.633,
      "winner": "p3",
    },
    {
      "counts": {
        "fx": 6,
        "projectiles": 0,
        "zones": 0,
      },
      "phase": "gameover",
      "players": [
        {
          "alive": false,
          "cd": {
            "basic": 0,
            "evade": 0,
            "skill1": 0,
            "skill2": 1.762,
            "ultimate": 0,
          },
          "effects": [
            "bleed",
            "burn",
            "mark",
          ],
          "facing": -1.571,
          "hp": 0,
          "id": "p0",
          "kills": 1,
          "mana": 24.4,
          "shield": 0,
          "ult": 77.926,
          "x": 1239.766,
          "y": 851.4,
        },
        {
          "alive": false,
          "cd": {
            "basic": 0.029,
            "evade": 0,
            "skill1": 5.667,
            "skill2": 0,
            "ultimate": 0,
          },
          "effects": [
            "mark",
          ],
          "facing": -1.571,
          "hp": 0,
          "id": "p1",
          "kills": 0,
          "mana": 47.7,
          "shield": 0,
          "ult": 62.662,
          "x": 1279.035,
          "y": 804.353,
        },
        {
          "alive": false,
          "cd": {
            "basic": 0.205,
            "evade": 1.429,
            "skill1": 2.952,
            "skill2": 0,
            "ultimate": 4.905,
          },
          "effects": [
            "lifesteal",
            "slow",
          ],
          "facing": -2.356,
          "hp": 0,
          "id": "p2",
          "kills": 3,
          "mana": 11.4,
          "shield": 0,
          "ult": 46.675,
          "x": 1317.21,
          "y": 847.947,
        },
        {
          "alive": true,
          "cd": {
            "basic": 0.55,
            "evade": 0,
            "skill1": 3,
            "skill2": 0,
            "ultimate": 11,
          },
          "effects": [
            "bleed",
            "protect",
            "reflect",
          ],
          "facing": 1.571,
          "hp": 480,
          "id": "p3",
          "kills": 1,
          "mana": 31.7,
          "shield": 215.861,
          "ult": 19.069,
          "x": 1320.364,
          "y": 801.167,
        },
        {
          "alive": false,
          "cd": {
            "basic": 0.171,
            "evade": 0,
            "skill1": 2.381,
            "skill2": 7.143,
            "ultimate": 0,
          },
          "effects": [
            "bleed",
            "haste",
          ],
          "facing": 3.142,
          "hp": 0,
          "id": "p4",
          "kills": 0,
          "mana": 64.7,
          "shield": 0,
          "ult": 50.896,
          "x": 1137.316,
          "y": 903.916,
        },
        {
          "alive": false,
          "cd": {
            "basic": 0,
            "evade": 0,
            "skill1": 0.237,
            "skill2": 0,
            "ultimate": 0,
          },
          "effects": [],
          "facing": 1.571,
          "hp": 0,
          "id": "p5",
          "kills": 0,
          "mana": 37.4,
          "shield": 0,
          "ult": 100,
          "x": 1315.897,
          "y": 832.284,
        },
      ],
      "time": 14.633,
      "winner": "p3",
    },
    {
      "counts": {
        "fx": 6,
        "projectiles": 0,
        "zones": 0,
      },
      "phase": "gameover",
      "players": [
        {
          "alive": false,
          "cd": {
            "basic": 0,
            "evade": 0,
            "skill1": 0,
            "skill2": 1.762,
            "ultimate": 0,
          },
          "effects": [
            "bleed",
            "burn",
            "mark",
          ],
          "facing": -1.571,
          "hp": 0,
          "id": "p0",
          "kills": 1,
          "mana": 24.4,
          "shield": 0,
          "ult": 77.926,
          "x": 1239.766,
          "y": 851.4,
        },
        {
          "alive": false,
          "cd": {
            "basic": 0.029,
            "evade": 0,
            "skill1": 5.667,
            "skill2": 0,
            "ultimate": 0,
          },
          "effects": [
            "mark",
          ],
          "facing": -1.571,
          "hp": 0,
          "id": "p1",
          "kills": 0,
          "mana": 47.7,
          "shield": 0,
          "ult": 62.662,
          "x": 1279.035,
          "y": 804.353,
        },
        {
          "alive": false,
          "cd": {
            "basic": 0.205,
            "evade": 1.429,
            "skill1": 2.952,
            "skill2": 0,
            "ultimate": 4.905,
          },
          "effects": [
            "lifesteal",
            "slow",
          ],
          "facing": -2.356,
          "hp": 0,
          "id": "p2",
          "kills": 3,
          "mana": 11.4,
          "shield": 0,
          "ult": 46.675,
          "x": 1317.21,
          "y": 847.947,
        },
        {
          "alive": true,
          "cd": {
            "basic": 0.55,
            "evade": 0,
            "skill1": 3,
            "skill2": 0,
            "ultimate": 11,
          },
          "effects": [
            "bleed",
            "protect",
            "reflect",
          ],
          "facing": 1.571,
          "hp": 480,
          "id": "p3",
          "kills": 1,
          "mana": 31.7,
          "shield": 215.861,
          "ult": 19.069,
          "x": 1320.364,
          "y": 801.167,
        },
        {
          "alive": false,
          "cd": {
            "basic": 0.171,
            "evade": 0,
            "skill1": 2.381,
            "skill2": 7.143,
            "ultimate": 0,
          },
          "effects": [
            "bleed",
            "haste",
          ],
          "facing": 3.142,
          "hp": 0,
          "id": "p4",
          "kills": 0,
          "mana": 64.7,
          "shield": 0,
          "ult": 50.896,
          "x": 1137.316,
          "y": 903.916,
        },
        {
          "alive": false,
          "cd": {
            "basic": 0,
            "evade": 0,
            "skill1": 0.237,
            "skill2": 0,
            "ultimate": 0,
          },
          "effects": [],
          "facing": 1.571,
          "hp": 0,
          "id": "p5",
          "kills": 0,
          "mana": 37.4,
          "shield": 0,
          "ult": 100,
          "x": 1315.897,
          "y": 832.284,
        },
      ],
      "time": 14.633,
      "winner": "p3",
    },
    {
      "counts": {
        "fx": 6,
        "projectiles": 0,
        "zones": 0,
      },
      "phase": "gameover",
      "players": [
        {
          "alive": false,
          "cd": {
            "basic": 0,
            "evade": 0,
            "skill1": 0,
            "skill2": 1.762,
            "ultimate": 0,
          },
          "effects": [
            "bleed",
            "burn",
            "mark",
          ],
          "facing": -1.571,
          "hp": 0,
          "id": "p0",
          "kills": 1,
          "mana": 24.4,
          "shield": 0,
          "ult": 77.926,
          "x": 1239.766,
          "y": 851.4,
        },
        {
          "alive": false,
          "cd": {
            "basic": 0.029,
            "evade": 0,
            "skill1": 5.667,
            "skill2": 0,
            "ultimate": 0,
          },
          "effects": [
            "mark",
          ],
          "facing": -1.571,
          "hp": 0,
          "id": "p1",
          "kills": 0,
          "mana": 47.7,
          "shield": 0,
          "ult": 62.662,
          "x": 1279.035,
          "y": 804.353,
        },
        {
          "alive": false,
          "cd": {
            "basic": 0.205,
            "evade": 1.429,
            "skill1": 2.952,
            "skill2": 0,
            "ultimate": 4.905,
          },
          "effects": [
            "lifesteal",
            "slow",
          ],
          "facing": -2.356,
          "hp": 0,
          "id": "p2",
          "kills": 3,
          "mana": 11.4,
          "shield": 0,
          "ult": 46.675,
          "x": 1317.21,
          "y": 847.947,
        },
        {
          "alive": true,
          "cd": {
            "basic": 0.55,
            "evade": 0,
            "skill1": 3,
            "skill2": 0,
            "ultimate": 11,
          },
          "effects": [
            "bleed",
            "protect",
            "reflect",
          ],
          "facing": 1.571,
          "hp": 480,
          "id": "p3",
          "kills": 1,
          "mana": 31.7,
          "shield": 215.861,
          "ult": 19.069,
          "x": 1320.364,
          "y": 801.167,
        },
        {
          "alive": false,
          "cd": {
            "basic": 0.171,
            "evade": 0,
            "skill1": 2.381,
            "skill2": 7.143,
            "ultimate": 0,
          },
          "effects": [
            "bleed",
            "haste",
          ],
          "facing": 3.142,
          "hp": 0,
          "id": "p4",
          "kills": 0,
          "mana": 64.7,
          "shield": 0,
          "ult": 50.896,
          "x": 1137.316,
          "y": 903.916,
        },
        {
          "alive": false,
          "cd": {
            "basic": 0,
            "evade": 0,
            "skill1": 0.237,
            "skill2": 0,
            "ultimate": 0,
          },
          "effects": [],
          "facing": 1.571,
          "hp": 0,
          "id": "p5",
          "kills": 0,
          "mana": 37.4,
          "shield": 0,
          "ult": 100,
          "x": 1315.897,
          "y": 832.284,
        },
      ],
      "time": 14.633,
      "winner": "p3",
    },
    {
      "counts": {
        "fx": 6,
        "projectiles": 0,
        "zones": 0,
      },
      "phase": "gameover",
      "players": [
        {
          "alive": false,
          "cd": {
            "basic": 0,
            "evade": 0,
            "skill1": 0,
            "skill2": 1.762,
            "ultimate": 0,
          },
          "effects": [
            "bleed",
            "burn",
            "mark",
          ],
          "facing": -1.571,
          "hp": 0,
          "id": "p0",
          "kills": 1,
          "mana": 24.4,
          "shield": 0,
          "ult": 77.926,
          "x": 1239.766,
          "y": 851.4,
        },
        {
          "alive": false,
          "cd": {
            "basic": 0.029,
            "evade": 0,
            "skill1": 5.667,
            "skill2": 0,
            "ultimate": 0,
          },
          "effects": [
            "mark",
          ],
          "facing": -1.571,
          "hp": 0,
          "id": "p1",
          "kills": 0,
          "mana": 47.7,
          "shield": 0,
          "ult": 62.662,
          "x": 1279.035,
          "y": 804.353,
        },
        {
          "alive": false,
          "cd": {
            "basic": 0.205,
            "evade": 1.429,
            "skill1": 2.952,
            "skill2": 0,
            "ultimate": 4.905,
          },
          "effects": [
            "lifesteal",
            "slow",
          ],
          "facing": -2.356,
          "hp": 0,
          "id": "p2",
          "kills": 3,
          "mana": 11.4,
          "shield": 0,
          "ult": 46.675,
          "x": 1317.21,
          "y": 847.947,
        },
        {
          "alive": true,
          "cd": {
            "basic": 0.55,
            "evade": 0,
            "skill1": 3,
            "skill2": 0,
            "ultimate": 11,
          },
          "effects": [
            "bleed",
            "protect",
            "reflect",
          ],
          "facing": 1.571,
          "hp": 480,
          "id": "p3",
          "kills": 1,
          "mana": 31.7,
          "shield": 215.861,
          "ult": 19.069,
          "x": 1320.364,
          "y": 801.167,
        },
        {
          "alive": false,
          "cd": {
            "basic": 0.171,
            "evade": 0,
            "skill1": 2.381,
            "skill2": 7.143,
            "ultimate": 0,
          },
          "effects": [
            "bleed",
            "haste",
          ],
          "facing": 3.142,
          "hp": 0,
          "id": "p4",
          "kills": 0,
          "mana": 64.7,
          "shield": 0,
          "ult": 50.896,
          "x": 1137.316,
          "y": 903.916,
        },
        {
          "alive": false,
          "cd": {
            "basic": 0,
            "evade": 0,
            "skill1": 0.237,
            "skill2": 0,
            "ultimate": 0,
          },
          "effects": [],
          "facing": 1.571,
          "hp": 0,
          "id": "p5",
          "kills": 0,
          "mana": 37.4,
          "shield": 0,
          "ult": 100,
          "x": 1315.897,
          "y": 832.284,
        },
      ],
      "time": 14.633,
      "winner": "p3",
    },
    {
      "counts": {
        "fx": 6,
        "projectiles": 0,
        "zones": 0,
      },
      "phase": "gameover",
      "players": [
        {
          "alive": false,
          "cd": {
            "basic": 0,
            "evade": 0,
            "skill1": 0,
            "skill2": 1.762,
            "ultimate": 0,
          },
          "effects": [
            "bleed",
            "burn",
            "mark",
          ],
          "facing": -1.571,
          "hp": 0,
          "id": "p0",
          "kills": 1,
          "mana": 24.4,
          "shield": 0,
          "ult": 77.926,
          "x": 1239.766,
          "y": 851.4,
        },
        {
          "alive": false,
          "cd": {
            "basic": 0.029,
            "evade": 0,
            "skill1": 5.667,
            "skill2": 0,
            "ultimate": 0,
          },
          "effects": [
            "mark",
          ],
          "facing": -1.571,
          "hp": 0,
          "id": "p1",
          "kills": 0,
          "mana": 47.7,
          "shield": 0,
          "ult": 62.662,
          "x": 1279.035,
          "y": 804.353,
        },
        {
          "alive": false,
          "cd": {
            "basic": 0.205,
            "evade": 1.429,
            "skill1": 2.952,
            "skill2": 0,
            "ultimate": 4.905,
          },
          "effects": [
            "lifesteal",
            "slow",
          ],
          "facing": -2.356,
          "hp": 0,
          "id": "p2",
          "kills": 3,
          "mana": 11.4,
          "shield": 0,
          "ult": 46.675,
          "x": 1317.21,
          "y": 847.947,
        },
        {
          "alive": true,
          "cd": {
            "basic": 0.55,
            "evade": 0,
            "skill1": 3,
            "skill2": 0,
            "ultimate": 11,
          },
          "effects": [
            "bleed",
            "protect",
            "reflect",
          ],
          "facing": 1.571,
          "hp": 480,
          "id": "p3",
          "kills": 1,
          "mana": 31.7,
          "shield": 215.861,
          "ult": 19.069,
          "x": 1320.364,
          "y": 801.167,
        },
        {
          "alive": false,
          "cd": {
            "basic": 0.171,
            "evade": 0,
            "skill1": 2.381,
            "skill2": 7.143,
            "ultimate": 0,
          },
          "effects": [
            "bleed",
            "haste",
          ],
          "facing": 3.142,
          "hp": 0,
          "id": "p4",
          "kills": 0,
          "mana": 64.7,
          "shield": 0,
          "ult": 50.896,
          "x": 1137.316,
          "y": 903.916,
        },
        {
          "alive": false,
          "cd": {
            "basic": 0,
            "evade": 0,
            "skill1": 0.237,
            "skill2": 0,
            "ultimate": 0,
          },
          "effects": [],
          "facing": 1.571,
          "hp": 0,
          "id": "p5",
          "kills": 0,
          "mana": 37.4,
          "shield": 0,
          "ult": 100,
          "x": 1315.897,
          "y": 832.284,
        },
      ],
      "time": 14.633,
      "winner": "p3",
    },
    {
      "counts": {
        "fx": 6,
        "projectiles": 0,
        "zones": 0,
      },
      "phase": "gameover",
      "players": [
        {
          "alive": false,
          "cd": {
            "basic": 0,
            "evade": 0,
            "skill1": 0,
            "skill2": 1.762,
            "ultimate": 0,
          },
          "effects": [
            "bleed",
            "burn",
            "mark",
          ],
          "facing": -1.571,
          "hp": 0,
          "id": "p0",
          "kills": 1,
          "mana": 24.4,
          "shield": 0,
          "ult": 77.926,
          "x": 1239.766,
          "y": 851.4,
        },
        {
          "alive": false,
          "cd": {
            "basic": 0.029,
            "evade": 0,
            "skill1": 5.667,
            "skill2": 0,
            "ultimate": 0,
          },
          "effects": [
            "mark",
          ],
          "facing": -1.571,
          "hp": 0,
          "id": "p1",
          "kills": 0,
          "mana": 47.7,
          "shield": 0,
          "ult": 62.662,
          "x": 1279.035,
          "y": 804.353,
        },
        {
          "alive": false,
          "cd": {
            "basic": 0.205,
            "evade": 1.429,
            "skill1": 2.952,
            "skill2": 0,
            "ultimate": 4.905,
          },
          "effects": [
            "lifesteal",
            "slow",
          ],
          "facing": -2.356,
          "hp": 0,
          "id": "p2",
          "kills": 3,
          "mana": 11.4,
          "shield": 0,
          "ult": 46.675,
          "x": 1317.21,
          "y": 847.947,
        },
        {
          "alive": true,
          "cd": {
            "basic": 0.55,
            "evade": 0,
            "skill1": 3,
            "skill2": 0,
            "ultimate": 11,
          },
          "effects": [
            "bleed",
            "protect",
            "reflect",
          ],
          "facing": 1.571,
          "hp": 480,
          "id": "p3",
          "kills": 1,
          "mana": 31.7,
          "shield": 215.861,
          "ult": 19.069,
          "x": 1320.364,
          "y": 801.167,
        },
        {
          "alive": false,
          "cd": {
            "basic": 0.171,
            "evade": 0,
            "skill1": 2.381,
            "skill2": 7.143,
            "ultimate": 0,
          },
          "effects": [
            "bleed",
            "haste",
          ],
          "facing": 3.142,
          "hp": 0,
          "id": "p4",
          "kills": 0,
          "mana": 64.7,
          "shield": 0,
          "ult": 50.896,
          "x": 1137.316,
          "y": 903.916,
        },
        {
          "alive": false,
          "cd": {
            "basic": 0,
            "evade": 0,
            "skill1": 0.237,
            "skill2": 0,
            "ultimate": 0,
          },
          "effects": [],
          "facing": 1.571,
          "hp": 0,
          "id": "p5",
          "kills": 0,
          "mana": 37.4,
          "shield": 0,
          "ult": 100,
          "x": 1315.897,
          "y": 832.284,
        },
      ],
      "time": 14.633,
      "winner": "p3",
    },
    {
      "counts": {
        "fx": 6,
        "projectiles": 0,
        "zones": 0,
      },
      "phase": "gameover",
      "players": [
        {
          "alive": false,
          "cd": {
            "basic": 0,
            "evade": 0,
            "skill1": 0,
            "skill2": 1.762,
            "ultimate": 0,
          },
          "effects": [
            "bleed",
            "burn",
            "mark",
          ],
          "facing": -1.571,
          "hp": 0,
          "id": "p0",
          "kills": 1,
          "mana": 24.4,
          "shield": 0,
          "ult": 77.926,
          "x": 1239.766,
          "y": 851.4,
        },
        {
          "alive": false,
          "cd": {
            "basic": 0.029,
            "evade": 0,
            "skill1": 5.667,
            "skill2": 0,
            "ultimate": 0,
          },
          "effects": [
            "mark",
          ],
          "facing": -1.571,
          "hp": 0,
          "id": "p1",
          "kills": 0,
          "mana": 47.7,
          "shield": 0,
          "ult": 62.662,
          "x": 1279.035,
          "y": 804.353,
        },
        {
          "alive": false,
          "cd": {
            "basic": 0.205,
            "evade": 1.429,
            "skill1": 2.952,
            "skill2": 0,
            "ultimate": 4.905,
          },
          "effects": [
            "lifesteal",
            "slow",
          ],
          "facing": -2.356,
          "hp": 0,
          "id": "p2",
          "kills": 3,
          "mana": 11.4,
          "shield": 0,
          "ult": 46.675,
          "x": 1317.21,
          "y": 847.947,
        },
        {
          "alive": true,
          "cd": {
            "basic": 0.55,
            "evade": 0,
            "skill1": 3,
            "skill2": 0,
            "ultimate": 11,
          },
          "effects": [
            "bleed",
            "protect",
            "reflect",
          ],
          "facing": 1.571,
          "hp": 480,
          "id": "p3",
          "kills": 1,
          "mana": 31.7,
          "shield": 215.861,
          "ult": 19.069,
          "x": 1320.364,
          "y": 801.167,
        },
        {
          "alive": false,
          "cd": {
            "basic": 0.171,
            "evade": 0,
            "skill1": 2.381,
            "skill2": 7.143,
            "ultimate": 0,
          },
          "effects": [
            "bleed",
            "haste",
          ],
          "facing": 3.142,
          "hp": 0,
          "id": "p4",
          "kills": 0,
          "mana": 64.7,
          "shield": 0,
          "ult": 50.896,
          "x": 1137.316,
          "y": 903.916,
        },
        {
          "alive": false,
          "cd": {
            "basic": 0,
            "evade": 0,
            "skill1": 0.237,
            "skill2": 0,
            "ultimate": 0,
          },
          "effects": [],
          "facing": 1.571,
          "hp": 0,
          "id": "p5",
          "kills": 0,
          "mana": 37.4,
          "shield": 0,
          "ult": 100,
          "x": 1315.897,
          "y": 832.284,
        },
      ],
      "time": 14.633,
      "winner": "p3",
    },
    {
      "counts": {
        "fx": 6,
        "projectiles": 0,
        "zones": 0,
      },
      "phase": "gameover",
      "players": [
        {
          "alive": false,
          "cd": {
            "basic": 0,
            "evade": 0,
            "skill1": 0,
            "skill2": 1.762,
            "ultimate": 0,
          },
          "effects": [
            "bleed",
            "burn",
            "mark",
          ],
          "facing": -1.571,
          "hp": 0,
          "id": "p0",
          "kills": 1,
          "mana": 24.4,
          "shield": 0,
          "ult": 77.926,
          "x": 1239.766,
          "y": 851.4,
        },
        {
          "alive": false,
          "cd": {
            "basic": 0.029,
            "evade": 0,
            "skill1": 5.667,
            "skill2": 0,
            "ultimate": 0,
          },
          "effects": [
            "mark",
          ],
          "facing": -1.571,
          "hp": 0,
          "id": "p1",
          "kills": 0,
          "mana": 47.7,
          "shield": 0,
          "ult": 62.662,
          "x": 1279.035,
          "y": 804.353,
        },
        {
          "alive": false,
          "cd": {
            "basic": 0.205,
            "evade": 1.429,
            "skill1": 2.952,
            "skill2": 0,
            "ultimate": 4.905,
          },
          "effects": [
            "lifesteal",
            "slow",
          ],
          "facing": -2.356,
          "hp": 0,
          "id": "p2",
          "kills": 3,
          "mana": 11.4,
          "shield": 0,
          "ult": 46.675,
          "x": 1317.21,
          "y": 847.947,
        },
        {
          "alive": true,
          "cd": {
            "basic": 0.55,
            "evade": 0,
            "skill1": 3,
            "skill2": 0,
            "ultimate": 11,
          },
          "effects": [
            "bleed",
            "protect",
            "reflect",
          ],
          "facing": 1.571,
          "hp": 480,
          "id": "p3",
          "kills": 1,
          "mana": 31.7,
          "shield": 215.861,
          "ult": 19.069,
          "x": 1320.364,
          "y": 801.167,
        },
        {
          "alive": false,
          "cd": {
            "basic": 0.171,
            "evade": 0,
            "skill1": 2.381,
            "skill2": 7.143,
            "ultimate": 0,
          },
          "effects": [
            "bleed",
            "haste",
          ],
          "facing": 3.142,
          "hp": 0,
          "id": "p4",
          "kills": 0,
          "mana": 64.7,
          "shield": 0,
          "ult": 50.896,
          "x": 1137.316,
          "y": 903.916,
        },
        {
          "alive": false,
          "cd": {
            "basic": 0,
            "evade": 0,
            "skill1": 0.237,
            "skill2": 0,
            "ultimate": 0,
          },
          "effects": [],
          "facing": 1.571,
          "hp": 0,
          "id": "p5",
          "kills": 0,
          "mana": 37.4,
          "shield": 0,
          "ult": 100,
          "x": 1315.897,
          "y": 832.284,
        },
      ],
      "time": 14.633,
      "winner": "p3",
    },
    {
      "counts": {
        "fx": 6,
        "projectiles": 0,
        "zones": 0,
      },
      "phase": "gameover",
      "players": [
        {
          "alive": false,
          "cd": {
            "basic": 0,
            "evade": 0,
            "skill1": 0,
            "skill2": 1.762,
            "ultimate": 0,
          },
          "effects": [
            "bleed",
            "burn",
            "mark",
          ],
          "facing": -1.571,
          "hp": 0,
          "id": "p0",
          "kills": 1,
          "mana": 24.4,
          "shield": 0,
          "ult": 77.926,
          "x": 1239.766,
          "y": 851.4,
        },
        {
          "alive": false,
          "cd": {
            "basic": 0.029,
            "evade": 0,
            "skill1": 5.667,
            "skill2": 0,
            "ultimate": 0,
          },
          "effects": [
            "mark",
          ],
          "facing": -1.571,
          "hp": 0,
          "id": "p1",
          "kills": 0,
          "mana": 47.7,
          "shield": 0,
          "ult": 62.662,
          "x": 1279.035,
          "y": 804.353,
        },
        {
          "alive": false,
          "cd": {
            "basic": 0.205,
            "evade": 1.429,
            "skill1": 2.952,
            "skill2": 0,
            "ultimate": 4.905,
          },
          "effects": [
            "lifesteal",
            "slow",
          ],
          "facing": -2.356,
          "hp": 0,
          "id": "p2",
          "kills": 3,
          "mana": 11.4,
          "shield": 0,
          "ult": 46.675,
          "x": 1317.21,
          "y": 847.947,
        },
        {
          "alive": true,
          "cd": {
            "basic": 0.55,
            "evade": 0,
            "skill1": 3,
            "skill2": 0,
            "ultimate": 11,
          },
          "effects": [
            "bleed",
            "protect",
            "reflect",
          ],
          "facing": 1.571,
          "hp": 480,
          "id": "p3",
          "kills": 1,
          "mana": 31.7,
          "shield": 215.861,
          "ult": 19.069,
          "x": 1320.364,
          "y": 801.167,
        },
        {
          "alive": false,
          "cd": {
            "basic": 0.171,
            "evade": 0,
            "skill1": 2.381,
            "skill2": 7.143,
            "ultimate": 0,
          },
          "effects": [
            "bleed",
            "haste",
          ],
          "facing": 3.142,
          "hp": 0,
          "id": "p4",
          "kills": 0,
          "mana": 64.7,
          "shield": 0,
          "ult": 50.896,
          "x": 1137.316,
          "y": 903.916,
        },
        {
          "alive": false,
          "cd": {
            "basic": 0,
            "evade": 0,
            "skill1": 0.237,
            "skill2": 0,
            "ultimate": 0,
          },
          "effects": [],
          "facing": 1.571,
          "hp": 0,
          "id": "p5",
          "kills": 0,
          "mana": 37.4,
          "shield": 0,
          "ult": 100,
          "x": 1315.897,
          "y": 832.284,
        },
      ],
      "time": 14.633,
      "winner": "p3",
    },
    {
      "counts": {
        "fx": 6,
        "projectiles": 0,
        "zones": 0,
      },
      "phase": "gameover",
      "players": [
        {
          "alive": false,
          "cd": {
            "basic": 0,
            "evade": 0,
            "skill1": 0,
            "skill2": 1.762,
            "ultimate": 0,
          },
          "effects": [
            "bleed",
            "burn",
            "mark",
          ],
          "facing": -1.571,
          "hp": 0,
          "id": "p0",
          "kills": 1,
          "mana": 24.4,
          "shield": 0,
          "ult": 77.926,
          "x": 1239.766,
          "y": 851.4,
        },
        {
          "alive": false,
          "cd": {
            "basic": 0.029,
            "evade": 0,
            "skill1": 5.667,
            "skill2": 0,
            "ultimate": 0,
          },
          "effects": [
            "mark",
          ],
          "facing": -1.571,
          "hp": 0,
          "id": "p1",
          "kills": 0,
          "mana": 47.7,
          "shield": 0,
          "ult": 62.662,
          "x": 1279.035,
          "y": 804.353,
        },
        {
          "alive": false,
          "cd": {
            "basic": 0.205,
            "evade": 1.429,
            "skill1": 2.952,
            "skill2": 0,
            "ultimate": 4.905,
          },
          "effects": [
            "lifesteal",
            "slow",
          ],
          "facing": -2.356,
          "hp": 0,
          "id": "p2",
          "kills": 3,
          "mana": 11.4,
          "shield": 0,
          "ult": 46.675,
          "x": 1317.21,
          "y": 847.947,
        },
        {
          "alive": true,
          "cd": {
            "basic": 0.55,
            "evade": 0,
            "skill1": 3,
            "skill2": 0,
            "ultimate": 11,
          },
          "effects": [
            "bleed",
            "protect",
            "reflect",
          ],
          "facing": 1.571,
          "hp": 480,
          "id": "p3",
          "kills": 1,
          "mana": 31.7,
          "shield": 215.861,
          "ult": 19.069,
          "x": 1320.364,
          "y": 801.167,
        },
        {
          "alive": false,
          "cd": {
            "basic": 0.171,
            "evade": 0,
            "skill1": 2.381,
            "skill2": 7.143,
            "ultimate": 0,
          },
          "effects": [
            "bleed",
            "haste",
          ],
          "facing": 3.142,
          "hp": 0,
          "id": "p4",
          "kills": 0,
          "mana": 64.7,
          "shield": 0,
          "ult": 50.896,
          "x": 1137.316,
          "y": 903.916,
        },
        {
          "alive": false,
          "cd": {
            "basic": 0,
            "evade": 0,
            "skill1": 0.237,
            "skill2": 0,
            "ultimate": 0,
          },
          "effects": [],
          "facing": 1.571,
          "hp": 0,
          "id": "p5",
          "kills": 0,
          "mana": 37.4,
          "shield": 0,
          "ult": 100,
          "x": 1315.897,
          "y": 832.284,
        },
      ],
      "time": 14.633,
      "winner": "p3",
    },
    {
      "counts": {
        "fx": 6,
        "projectiles": 0,
        "zones": 0,
      },
      "phase": "gameover",
      "players": [
        {
          "alive": false,
          "cd": {
            "basic": 0,
            "evade": 0,
            "skill1": 0,
            "skill2": 1.762,
            "ultimate": 0,
          },
          "effects": [
            "bleed",
            "burn",
            "mark",
          ],
          "facing": -1.571,
          "hp": 0,
          "id": "p0",
          "kills": 1,
          "mana": 24.4,
          "shield": 0,
          "ult": 77.926,
          "x": 1239.766,
          "y": 851.4,
        },
        {
          "alive": false,
          "cd": {
            "basic": 0.029,
            "evade": 0,
            "skill1": 5.667,
            "skill2": 0,
            "ultimate": 0,
          },
          "effects": [
            "mark",
          ],
          "facing": -1.571,
          "hp": 0,
          "id": "p1",
          "kills": 0,
          "mana": 47.7,
          "shield": 0,
          "ult": 62.662,
          "x": 1279.035,
          "y": 804.353,
        },
        {
          "alive": false,
          "cd": {
            "basic": 0.205,
            "evade": 1.429,
            "skill1": 2.952,
            "skill2": 0,
            "ultimate": 4.905,
          },
          "effects": [
            "lifesteal",
            "slow",
          ],
          "facing": -2.356,
          "hp": 0,
          "id": "p2",
          "kills": 3,
          "mana": 11.4,
          "shield": 0,
          "ult": 46.675,
          "x": 1317.21,
          "y": 847.947,
        },
        {
          "alive": true,
          "cd": {
            "basic": 0.55,
            "evade": 0,
            "skill1": 3,
            "skill2": 0,
            "ultimate": 11,
          },
          "effects": [
            "bleed",
            "protect",
            "reflect",
          ],
          "facing": 1.571,
          "hp": 480,
          "id": "p3",
          "kills": 1,
          "mana": 31.7,
          "shield": 215.861,
          "ult": 19.069,
          "x": 1320.364,
          "y": 801.167,
        },
        {
          "alive": false,
          "cd": {
            "basic": 0.171,
            "evade": 0,
            "skill1": 2.381,
            "skill2": 7.143,
            "ultimate": 0,
          },
          "effects": [
            "bleed",
            "haste",
          ],
          "facing": 3.142,
          "hp": 0,
          "id": "p4",
          "kills": 0,
          "mana": 64.7,
          "shield": 0,
          "ult": 50.896,
          "x": 1137.316,
          "y": 903.916,
        },
        {
          "alive": false,
          "cd": {
            "basic": 0,
            "evade": 0,
            "skill1": 0.237,
            "skill2": 0,
            "ultimate": 0,
          },
          "effects": [],
          "facing": 1.571,
          "hp": 0,
          "id": "p5",
          "kills": 0,
          "mana": 37.4,
          "shield": 0,
          "ult": 100,
          "x": 1315.897,
          "y": 832.284,
        },
      ],
      "time": 14.633,
      "winner": "p3",
    },
    {
      "counts": {
        "fx": 6,
        "projectiles": 0,
        "zones": 0,
      },
      "phase": "gameover",
      "players": [
        {
          "alive": false,
          "cd": {
            "basic": 0,
            "evade": 0,
            "skill1": 0,
            "skill2": 1.762,
            "ultimate": 0,
          },
          "effects": [
            "bleed",
            "burn",
            "mark",
          ],
          "facing": -1.571,
          "hp": 0,
          "id": "p0",
          "kills": 1,
          "mana": 24.4,
          "shield": 0,
          "ult": 77.926,
          "x": 1239.766,
          "y": 851.4,
        },
        {
          "alive": false,
          "cd": {
            "basic": 0.029,
            "evade": 0,
            "skill1": 5.667,
            "skill2": 0,
            "ultimate": 0,
          },
          "effects": [
            "mark",
          ],
          "facing": -1.571,
          "hp": 0,
          "id": "p1",
          "kills": 0,
          "mana": 47.7,
          "shield": 0,
          "ult": 62.662,
          "x": 1279.035,
          "y": 804.353,
        },
        {
          "alive": false,
          "cd": {
            "basic": 0.205,
            "evade": 1.429,
            "skill1": 2.952,
            "skill2": 0,
            "ultimate": 4.905,
          },
          "effects": [
            "lifesteal",
            "slow",
          ],
          "facing": -2.356,
          "hp": 0,
          "id": "p2",
          "kills": 3,
          "mana": 11.4,
          "shield": 0,
          "ult": 46.675,
          "x": 1317.21,
          "y": 847.947,
        },
        {
          "alive": true,
          "cd": {
            "basic": 0.55,
            "evade": 0,
            "skill1": 3,
            "skill2": 0,
            "ultimate": 11,
          },
          "effects": [
            "bleed",
            "protect",
            "reflect",
          ],
          "facing": 1.571,
          "hp": 480,
          "id": "p3",
          "kills": 1,
          "mana": 31.7,
          "shield": 215.861,
          "ult": 19.069,
          "x": 1320.364,
          "y": 801.167,
        },
        {
          "alive": false,
          "cd": {
            "basic": 0.171,
            "evade": 0,
            "skill1": 2.381,
            "skill2": 7.143,
            "ultimate": 0,
          },
          "effects": [
            "bleed",
            "haste",
          ],
          "facing": 3.142,
          "hp": 0,
          "id": "p4",
          "kills": 0,
          "mana": 64.7,
          "shield": 0,
          "ult": 50.896,
          "x": 1137.316,
          "y": 903.916,
        },
        {
          "alive": false,
          "cd": {
            "basic": 0,
            "evade": 0,
            "skill1": 0.237,
            "skill2": 0,
            "ultimate": 0,
          },
          "effects": [],
          "facing": 1.571,
          "hp": 0,
          "id": "p5",
          "kills": 0,
          "mana": 37.4,
          "shield": 0,
          "ult": 100,
          "x": 1315.897,
          "y": 832.284,
        },
      ],
      "time": 14.633,
      "winner": "p3",
    },
    {
      "counts": {
        "fx": 6,
        "projectiles": 0,
        "zones": 0,
      },
      "phase": "gameover",
      "players": [
        {
          "alive": false,
          "cd": {
            "basic": 0,
            "evade": 0,
            "skill1": 0,
            "skill2": 1.762,
            "ultimate": 0,
          },
          "effects": [
            "bleed",
            "burn",
            "mark",
          ],
          "facing": -1.571,
          "hp": 0,
          "id": "p0",
          "kills": 1,
          "mana": 24.4,
          "shield": 0,
          "ult": 77.926,
          "x": 1239.766,
          "y": 851.4,
        },
        {
          "alive": false,
          "cd": {
            "basic": 0.029,
            "evade": 0,
            "skill1": 5.667,
            "skill2": 0,
            "ultimate": 0,
          },
          "effects": [
            "mark",
          ],
          "facing": -1.571,
          "hp": 0,
          "id": "p1",
          "kills": 0,
          "mana": 47.7,
          "shield": 0,
          "ult": 62.662,
          "x": 1279.035,
          "y": 804.353,
        },
        {
          "alive": false,
          "cd": {
            "basic": 0.205,
            "evade": 1.429,
            "skill1": 2.952,
            "skill2": 0,
            "ultimate": 4.905,
          },
          "effects": [
            "lifesteal",
            "slow",
          ],
          "facing": -2.356,
          "hp": 0,
          "id": "p2",
          "kills": 3,
          "mana": 11.4,
          "shield": 0,
          "ult": 46.675,
          "x": 1317.21,
          "y": 847.947,
        },
        {
          "alive": true,
          "cd": {
            "basic": 0.55,
            "evade": 0,
            "skill1": 3,
            "skill2": 0,
            "ultimate": 11,
          },
          "effects": [
            "bleed",
            "protect",
            "reflect",
          ],
          "facing": 1.571,
          "hp": 480,
          "id": "p3",
          "kills": 1,
          "mana": 31.7,
          "shield": 215.861,
          "ult": 19.069,
          "x": 1320.364,
          "y": 801.167,
        },
        {
          "alive": false,
          "cd": {
            "basic": 0.171,
            "evade": 0,
            "skill1": 2.381,
            "skill2": 7.143,
            "ultimate": 0,
          },
          "effects": [
            "bleed",
            "haste",
          ],
          "facing": 3.142,
          "hp": 0,
          "id": "p4",
          "kills": 0,
          "mana": 64.7,
          "shield": 0,
          "ult": 50.896,
          "x": 1137.316,
          "y": 903.916,
        },
        {
          "alive": false,
          "cd": {
            "basic": 0,
            "evade": 0,
            "skill1": 0.237,
            "skill2": 0,
            "ultimate": 0,
          },
          "effects": [],
          "facing": 1.571,
          "hp": 0,
          "id": "p5",
          "kills": 0,
          "mana": 37.4,
          "shield": 0,
          "ult": 100,
          "x": 1315.897,
          "y": 832.284,
        },
      ],
      "time": 14.633,
      "winner": "p3",
    },
  ],
}
`;
