// Vitest Snapshot v1, https://vitest.dev/guide/snapshot.html

exports[`simulation determinism (golden regression) > matches the golden behavior snapshot 1`] = `
{
  "final": {
    "counts": {
      "fx": 3,
      "projectiles": 0,
      "zones": 0,
    },
    "phase": "playing",
    "players": [
      {
        "alive": false,
        "cd": {
          "basic": 0.455,
          "evade": 0,
          "skill1": 5.476,
          "skill2": 0,
          "ultimate": 0,
        },
        "effects": [],
        "facing": 3.142,
        "hp": 0,
        "id": "p0",
        "kills": 2,
        "mana": 14.4,
        "shield": 0,
        "ult": 100,
        "x": 1202.806,
        "y": 713.353,
      },
      {
        "alive": false,
        "cd": {
          "basic": 0,
          "evade": 0.786,
          "skill1": 2.048,
          "skill2": 0,
          "ultimate": 0,
        },
        "effects": [
          "stun",
        ],
        "facing": 0,
        "hp": 0,
        "id": "p1",
        "kills": 0,
        "mana": 95.3,
        "shield": 0,
        "ult": 82.7,
        "x": 1301.425,
        "y": 768.106,
      },
      {
        "alive": false,
        "cd": {
          "basic": 0,
          "evade": 2.31,
          "skill1": 4.286,
          "skill2": 0,
          "ultimate": 0,
        },
        "effects": [],
        "facing": 3.142,
        "hp": 0,
        "id": "p2",
        "kills": 0,
        "mana": 8.7,
        "shield": 0,
        "ult": 77.119,
        "x": 1178.324,
        "y": 741.537,
      },
      {
        "alive": true,
        "cd": {
          "basic": 0.096,
          "evade": 0.643,
          "skill1": 0,
          "skill2": 0,
          "ultimate": 4.19,
        },
        "effects": [
          "protect",
        ],
        "facing": -1.571,
        "hp": 140.182,
        "id": "p3",
        "kills": 0,
        "mana": 27.8,
        "shield": 0,
        "ult": 48.279,
        "x": 1224.879,
        "y": 730.282,
      },
      {
        "alive": false,
        "cd": {
          "basic": 0.362,
          "evade": 0,
          "skill1": 0,
          "skill2": 0,
          "ultimate": 0,
        },
        "effects": [
          "bleed",
        ],
        "facing": 1.571,
        "hp": 0,
        "id": "p4",
        "kills": 1,
        "mana": 29.7,
        "shield": 0,
        "ult": 100,
        "x": 1181.667,
        "y": 753.612,
      },
      {
        "alive": true,
        "cd": {
          "basic": 0,
          "evade": 1.066,
          "skill1": 3.131,
          "skill2": 9.719,
          "ultimate": 0,
        },
        "effects": [
          "lifesteal",
          "rage",
        ],
        "facing": -1.571,
        "hp": 59.971,
        "id": "p5",
        "kills": 1,
        "mana": 35.4,
        "shield": 0,
        "ult": 97.972,
        "x": 1242.144,
        "y": 842.125,
      },
    ],
    "time": 30,
    "winner": null,
  },
  "trail": [
    {
      "counts": {
        "fx": 13,
        "projectiles": 5,
        "zones": 0,
      },
      "phase": "playing",
      "players": [
        {
          "alive": true,
          "cd": {
            "basic": 0,
            "evade": 2.119,
            "skill1": 7.619,
            "skill2": 9.619,
            "ultimate": 0,
          },
          "effects": [],
          "facing": 3.142,
          "hp": 300,
          "id": "p0",
          "kills": 0,
          "mana": 7.9,
          "shield": 0,
          "ult": 8,
          "x": 1168.095,
          "y": 692.278,
        },
        {
          "alive": true,
          "cd": {
            "basic": 0.171,
            "evade": 2.738,
            "skill1": 4.952,
            "skill2": 7.143,
            "ultimate": 0,
          },
          "effects": [],
          "facing": 2.356,
          "hp": 170,
          "id": "p1",
          "kills": 0,
          "mana": 52.2,
          "shield": 0,
          "ult": 8,
          "x": 1541.295,
          "y": 681.249,
        },
        {
          "alive": true,
          "cd": {
            "basic": 0.007,
            "evade": 3.357,
            "skill1": 6.286,
            "skill2": 8.667,
            "ultimate": 0,
          },
          "effects": [
            "evading",
            "invis",
            "lifesteal",
          ],
          "facing": 3.142,
          "hp": 190,
          "id": "p2",
          "kills": 0,
          "mana": 11.5,
          "shield": 0,
          "ult": 8,
          "x": 1223.996,
          "y": 799.271,
        },
        {
          "alive": true,
          "cd": {
            "basic": 0.382,
            "evade": 0,
            "skill1": 10.619,
            "skill2": 0,
            "ultimate": 0,
          },
          "effects": [
            "reflect",
          ],
          "facing": -1.571,
          "hp": 460,
          "id": "p3",
          "kills": 0,
          "mana": 40.8,
          "shield": 260,
          "ult": 8,
          "x": 1200,
          "y": 1273.333,
        },
        {
          "alive": true,
          "cd": {
            "basic": 0.457,
            "evade": 0,
            "skill1": 6.952,
            "skill2": 0,
            "ultimate": 0,
          },
          "effects": [],
          "facing": -0.785,
          "hp": 200,
          "id": "p4",
          "kills": 0,
          "mana": 95.1,
          "shield": 0,
          "ult": 8,
          "x": 789.085,
          "y": 988.371,
        },
        {
          "alive": true,
          "cd": {
            "basic": 0.412,
            "evade": 0,
            "skill1": 0,
            "skill2": 0,
            "ultimate": 0,
          },
          "effects": [],
          "facing": 0.785,
          "hp": 290,
          "id": "p5",
          "kills": 0,
          "mana": 50,
          "shield": 0,
          "ult": 8,
          "x": 789.249,
          "y": 611.792,
        },
      ],
      "time": 1,
      "winner": null,
    },
    {
      "counts": {
        "fx": 9,
        "projectiles": 5,
        "zones": 2,
      },
      "phase": "playing",
      "players": [
        {
          "alive": true,
          "cd": {
            "basic": 0.312,
            "evade": 0.69,
            "skill1": 6.19,
            "skill2": 8.19,
            "ultimate": 0,
          },
          "effects": [],
          "facing": 3.142,
          "hp": 300,
          "id": "p0",
          "kills": 0,
          "mana": 10.9,
          "shield": 0,
          "ult": 16,
          "x": 1192.671,
          "y": 730.879,
        },
        {
          "alive": true,
          "cd": {
            "basic": 0.457,
            "evade": 1.31,
            "skill1": 3.524,
            "skill2": 5.714,
            "ultimate": 0,
          },
          "effects": [],
          "facing": 2.356,
          "hp": 170,
          "id": "p1",
          "kills": 0,
          "mana": 55.2,
          "shield": 0,
          "ult": 16,
          "x": 1429.572,
          "y": 792.971,
        },
        {
          "alive": true,
          "cd": {
            "basic": 0.292,
            "evade": 1.929,
            "skill1": 4.857,
            "skill2": 7.238,
            "ultimate": 0,
          },
          "effects": [
            "lifesteal",
          ],
          "facing": 3.142,
          "hp": 190,
          "id": "p2",
          "kills": 0,
          "mana": 14.5,
          "shield": 0,
          "ult": 16,
          "x": 1241.085,
          "y": 798.441,
        },
        {
          "alive": true,
          "cd": {
            "basic": 0,
            "evade": 2.548,
            "skill1": 9.19,
            "skill2": 10.762,
            "ultimate": 0,
          },
          "effects": [
            "reflect",
          ],
          "facing": -1.571,
          "hp": 460,
          "id": "p3",
          "kills": 0,
          "mana": 3.8,
          "shield": 260,
          "ult": 16,
          "x": 1200,
          "y": 1054.001,
        },
        {
          "alive": true,
          "cd": {
            "basic": 0,
            "evade": 3.167,
            "skill1": 5.524,
            "skill2": 10.286,
            "ultimate": 0,
          },
          "effects": [
            "evading",
            "haste",
          ],
          "facing": -0.785,
          "hp": 200,
          "id": "p4",
          "kills": 0,
          "mana": 58.1,
          "shield": 0,
          "ult": 16.16,
          "x": 965.969,
          "y": 811.487,
        },
        {
          "alive": true,
          "cd": {
            "basic": 0,
            "evade": 0,
            "skill1": 5.857,
            "skill2": 9.81,
            "ultimate": 0,
          },
          "effects": [
            "burn",
            "lifesteal",
            "rage",
          ],
          "facing": 0,
          "hp": 283.2,
          "id": "p5",
          "kills": 0,
          "mana": 32.4,
          "shield": 0,
          "ult": 16.272,
          "x": 1051.389,
          "y": 803.073,
        },
      ],
      "time": 2,
      "winner": null,
    },
    {
      "counts": {
        "fx": 14,
        "projectiles": 2,
        "zones": 1,
      },
      "phase": "playing",
      "players": [
        {
          "alive": true,
          "cd": {
            "basic": 0,
            "evade": 0,
            "skill1": 4.762,
            "skill2": 6.762,
            "ultimate": 0,
          },
          "effects": [
            "burn",
          ],
          "facing": 3.142,
          "hp": 293.2,
          "id": "p0",
          "kills": 0,
          "mana": 13.9,
          "shield": 0,
          "ult": 24.272,
          "x": 1204.208,
          "y": 729.37,
        },
        {
          "alive": true,
          "cd": {
            "basic": 0,
            "evade": 0,
            "skill1": 2.095,
            "skill2": 4.286,
            "ultimate": 0,
          },
          "effects": [],
          "facing": 3.142,
          "hp": 154.53,
          "id": "p1",
          "kills": 0,
          "mana": 58.2,
          "shield": 0,
          "ult": 25.659,
          "x": 1313.767,
          "y": 837.66,
        },
        {
          "alive": true,
          "cd": {
            "basic": 0,
            "evade": 0.5,
            "skill1": 3.429,
            "skill2": 5.81,
            "ultimate": 0,
          },
          "effects": [
            "burn",
            "lifesteal",
          ],
          "facing": 3.142,
          "hp": 183.2,
          "id": "p2",
          "kills": 0,
          "mana": 17.5,
          "shield": 0,
          "ult": 24.272,
          "x": 1256.907,
          "y": 796.371,
        },
        {
          "alive": true,
          "cd": {
            "basic": 0.096,
            "evade": 1.119,
            "skill1": 7.762,
            "skill2": 9.333,
            "ultimate": 0,
          },
          "effects": [
            "burn",
            "reflect",
          ],
          "facing": -1.571,
          "hp": 460,
          "id": "p3",
          "kills": 0,
          "mana": 6.8,
          "shield": 209,
          "ult": 24.357,
          "x": 1193.227,
          "y": 929.351,
        },
        {
          "alive": true,
          "cd": {
            "basic": 0.171,
            "evade": 1.738,
            "skill1": 4.095,
            "skill2": 8.857,
            "ultimate": 0,
          },
          "effects": [
            "haste",
          ],
          "facing": 3.142,
          "hp": 176.868,
          "id": "p4",
          "kills": 0,
          "mana": 61.1,
          "shield": 0,
          "ult": 26.891,
          "x": 1097.932,
          "y": 861.562,
        },
        {
          "alive": true,
          "cd": {
            "basic": 0.119,
            "evade": 2.31,
            "skill1": 4.376,
            "skill2": 8.328,
            "ultimate": 0,
          },
          "effects": [
            "burn",
            "lifesteal",
            "rage",
          ],
          "facing": 3.142,
          "hp": 271.767,
          "id": "p5",
          "kills": 0,
          "mana": 35.4,
          "shield": 0,
          "ult": 26.19,
          "x": 1156.247,
          "y": 766.685,
        },
      ],
      "time": 3,
      "winner": null,
    },
    {
      "counts": {
        "fx": 26,
        "projectiles": 4,
        "zones": 1,
      },
      "phase": "playing",
      "players": [
        {
          "alive": true,
          "cd": {
            "basic": 0.026,
            "evade": 0,
            "skill1": 3.333,
            "skill2": 5.333,
            "ultimate": 0,
          },
          "effects": [
            "burn",
          ],
          "facing": 1.571,
          "hp": 271.984,
          "id": "p0",
          "kills": 0,
          "mana": 16.9,
          "shield": 0,
          "ult": 33.676,
          "x": 1211.897,
          "y": 724.063,
        },
        {
          "alive": true,
          "cd": {
            "basic": 0.171,
            "evade": 0,
            "skill1": 0.667,
            "skill2": 2.857,
            "ultimate": 0,
          },
          "effects": [],
          "facing": 1.571,
          "hp": 154.53,
          "id": "p1",
          "kills": 0,
          "mana": 61.2,
          "shield": 0,
          "ult": 33.659,
          "x": 1319.943,
          "y": 833.381,
        },
        {
          "alive": true,
          "cd": {
            "basic": 0.007,
            "evade": 0,
            "skill1": 2,
            "skill2": 4.381,
            "ultimate": 0,
          },
          "effects": [
            "burn",
            "lifesteal",
          ],
          "facing": 1.571,
          "hp": 141.55,
          "id": "p2",
          "kills": 0,
          "mana": 20.5,
          "shield": 0,
          "ult": 34.78,
          "x": 1277.642,
          "y": 751.977,
        },
        {
          "alive": true,
          "cd": {
            "basic": 0.382,
            "evade": 0,
            "skill1": 6.333,
            "skill2": 7.905,
            "ultimate": 0,
          },
          "effects": [
            "burn",
            "reflect",
          ],
          "facing": 1.571,
          "hp": 460,
          "id": "p3",
          "kills": 0,
          "mana": 9.8,
          "shield": 191.15,
          "ult": 32.842,
          "x": 1202.308,
          "y": 918.941,
        },
        {
          "alive": true,
          "cd": {
            "basic": 0.457,
            "evade": 0.31,
            "skill1": 2.667,
            "skill2": 7.429,
            "ultimate": 0,
          },
          "effects": [
            "haste",
          ],
          "facing": 1.571,
          "hp": 164.549,
          "id": "p4",
          "kills": 0,
          "mana": 64.1,
          "shield": 0,
          "ult": 38.883,
          "x": 1137.806,
          "y": 849.338,
        },
        {
          "alive": true,
          "cd": {
            "basic": 0.408,
            "evade": 0.716,
            "skill1": 2.782,
            "skill2": 6.735,
            "ultimate": 0,
          },
          "effects": [
            "burn",
            "lifesteal",
            "rage",
          ],
          "facing": 1.571,
          "hp": 234.336,
          "id": "p5",
          "kills": 0,
          "mana": 38.4,
          "shield": 0,
          "ult": 37.391,
          "x": 1154.508,
          "y": 771.146,
        },
      ],
      "time": 4,
      "winner": null,
    },
    {
      "counts": {
        "fx": 24,
        "projectiles": 4,
        "zones": 1,
      },
      "phase": "playing",
      "players": [
        {
          "alive": true,
          "cd": {
            "basic": 0.312,
            "evade": 0,
            "skill1": 1.905,
            "skill2": 3.905,
            "ultimate": 0,
          },
          "effects": [
            "burn",
          ],
          "facing": 1.571,
          "hp": 250.109,
          "id": "p0",
          "kills": 0,
          "mana": 19.9,
          "shield": 0,
          "ult": 43.071,
          "x": 1211.775,
          "y": 711.12,
        },
        {
          "alive": true,
          "cd": {
            "basic": 0.457,
            "evade": 0,
            "skill1": 0,
            "skill2": 1.429,
            "ultimate": 0,
          },
          "effects": [],
          "facing": 1.571,
          "hp": 124.53,
          "id": "p1",
          "kills": 0,
          "mana": 64.2,
          "shield": 0,
          "ult": 42.859,
          "x": 1320.925,
          "y": 825.386,
        },
        {
          "alive": true,
          "cd": {
            "basic": 0.292,
            "evade": 0,
            "skill1": 0.571,
            "skill2": 2.952,
            "ultimate": 0,
          },
          "effects": [
            "burn",
          ],
          "facing": 1.571,
          "hp": 134.25,
          "id": "p2",
          "kills": 0,
          "mana": 23.5,
          "shield": 0,
          "ult": 43.52,
          "x": 1279.078,
          "y": 734.317,
        },
        {
          "alive": true,
          "cd": {
            "basic": 0,
            "evade": 0,
            "skill1": 4.905,
            "skill2": 6.476,
            "ultimate": 0,
          },
          "effects": [
            "burn",
            "reflect",
          ],
          "facing": 1.571,
          "hp": 460,
          "id": "p3",
          "kills": 0,
          "mana": 12.8,
          "shield": 146.95,
          "ult": 41.151,
          "x": 1201.06,
          "y": 931.386,
        },
        {
          "alive": true,
          "cd": {
            "basic": 0,
            "evade": 0,
            "skill1": 1.238,
            "skill2": 6,
            "ultimate": 0,
          },
          "effects": [
            "haste",
          ],
          "facing": 1.571,
          "hp": 150.739,
          "id": "p4",
          "kills": 0,
          "mana": 67.1,
          "shield": 0,
          "ult": 50.716,
          "x": 1143.753,
          "y": 875.792,
        },
        {
          "alive": true,
          "cd": {
            "basic": 0,
            "evade": 0,
            "skill1": 1.177,
            "skill2": 5.129,
            "ultimate": 0,
          },
          "effects": [
            "burn",
            "lifesteal",
            "rage",
          ],
          "facing": 1.571,
          "hp": 222.409,
          "id": "p5",
          "kills": 0,
          "mana": 41.4,
          "shield": 0,
          "ult": 47.573,
          "x": 1149.678,
          "y": 757.577,
        },
      ],
      "time": 5,
      "winner": null,
    },
    {
      "counts": {
        "fx": 23,
        "projectiles": 4,
        "zones": 1,
      },
      "phase": "playing",
      "players": [
        {
          "alive": true,
          "cd": {
            "basic": 0,
            "evade": 0,
            "skill1": 0.476,
            "skill2": 2.476,
            "ultimate": 0,
          },
          "effects": [
            "burn",
          ],
          "facing": 1.571,
          "hp": 198.742,
          "id": "p0",
          "kills": 0,
          "mana": 22.9,
          "shield": 0,
          "ult": 53.126,
          "x": 1224.198,
          "y": 687.738,
        },
        {
          "alive": true,
          "cd": {
            "basic": 0,
            "evade": 0,
            "skill1": 0,
            "skill2": 0,
            "ultimate": 0,
          },
          "effects": [
            "burn",
          ],
          "facing": 1.571,
          "hp": 116.53,
          "id": "p1",
          "kills": 0,
          "mana": 67.2,
          "shield": 0,
          "ult": 51.179,
          "x": 1324.684,
          "y": 824.473,
        },
        {
          "alive": true,
          "cd": {
            "basic": 0,
            "evade": 0,
            "skill1": 0,
            "skill2": 1.524,
            "ultimate": 0,
          },
          "effects": [
            "burn",
          ],
          "facing": 1.571,
          "hp": 87.132,
          "id": "p2",
          "kills": 0,
          "mana": 26.5,
          "shield": 0,
          "ult": 53.405,
          "x": 1273.898,
          "y": 715.255,
        },
        {
          "alive": true,
          "cd": {
            "basic": 0.096,
            "evade": 0,
            "skill1": 3.476,
            "skill2": 5.048,
            "ultimate": 0,
          },
          "effects": [
            "burn",
            "reflect",
          ],
          "facing": 1.571,
          "hp": 460,
          "id": "p3",
          "kills": 0,
          "mana": 15.8,
          "shield": 124.85,
          "ult": 49.306,
          "x": 1213.007,
          "y": 902.823,
        },
        {
          "alive": true,
          "cd": {
            "basic": 0.171,
            "evade": 0,
            "skill1": 0,
            "skill2": 4.571,
            "ultimate": 0,
          },
          "effects": [
            "haste",
          ],
          "facing": 1.571,
          "hp": 178.004,
          "id": "p4",
          "kills": 0,
          "mana": 70.1,
          "shield": 0,
          "ult": 60.845,
          "x": 1166.512,
          "y": 854.045,
        },
        {
          "alive": true,
          "cd": {
            "basic": 0.096,
            "evade": 0,
            "skill1": 0,
            "skill2": 3.499,
            "ultimate": 0,
          },
          "effects": [
            "burn",
            "lifesteal",
            "rage",
          ],
          "facing": 1.571,
          "hp": 239.319,
          "id": "p5",
          "kills": 0,
          "mana": 44.4,
          "shield": 0,
          "ult": 58.154,
          "x": 1154.771,
          "y": 755.04,
        },
      ],
      "time": 6,
      "winner": null,
    },
    {
      "counts": {
        "fx": 35,
        "projectiles": 4,
        "zones": 1,
      },
      "phase": "playing",
      "players": [
        {
          "alive": true,
          "cd": {
            "basic": 0.026,
            "evade": 3.071,
            "skill1": 0,
            "skill2": 1.048,
            "ultimate": 0,
          },
          "effects": [
            "burn",
          ],
          "facing": 1.571,
          "hp": 159.051,
          "id": "p0",
          "kills": 0,
          "mana": 25.9,
          "shield": 0,
          "ult": 63.789,
          "x": 1280.84,
          "y": 714.604,
        },
        {
          "alive": true,
          "cd": {
            "basic": 0.171,
            "evade": 0,
            "skill1": 4.952,
            "skill2": 0,
            "ultimate": 0,
          },
          "effects": [
            "burn",
          ],
          "facing": 1.571,
          "hp": 92.175,
          "id": "p1",
          "kills": 0,
          "mana": 65.2,
          "shield": 0,
          "ult": 62.213,
          "x": 1327.164,
          "y": 793.475,
        },
        {
          "alive": true,
          "cd": {
            "basic": 0.007,
            "evade": 0,
            "skill1": 6.286,
            "skill2": 0.095,
            "ultimate": 0,
          },
          "effects": [
            "burn",
            "invis",
          ],
          "facing": 1.571,
          "hp": 20.152,
          "id": "p2",
          "kills": 0,
          "mana": 4.5,
          "shield": 0,
          "ult": 64.525,
          "x": 1204.701,
          "y": 539.38,
        },
        {
          "alive": true,
          "cd": {
            "basic": 0.382,
            "evade": 0,
            "skill1": 2.048,
            "skill2": 3.619,
            "ultimate": 0,
          },
          "effects": [
            "burn",
            "reflect",
          ],
          "facing": 1.571,
          "hp": 460,
          "id": "p3",
          "kills": 0,
          "mana": 18.8,
          "shield": 65.35,
          "ult": 58.083,
          "x": 1218.656,
          "y": 898.533,
        },
        {
          "alive": true,
          "cd": {
            "basic": 0.457,
            "evade": 0,
            "skill1": 6.952,
            "skill2": 3.143,
            "ultimate": 0,
          },
          "effects": [
            "haste",
          ],
          "facing": 1.571,
          "hp": 169.604,
          "id": "p4",
          "kills": 0,
          "mana": 28.1,
          "shield": 0,
          "ult": 74.005,
          "x": 1127.223,
          "y": 813.6,
        },
        {
          "alive": true,
          "cd": {
            "basic": 0.407,
            "evade": 0,
            "skill1": 0,
            "skill2": 1.877,
            "ultimate": 0,
          },
          "effects": [
            "burn",
            "lifesteal",
            "rage",
          ],
          "facing": 1.571,
          "hp": 224.981,
          "id": "p5",
          "kills": 0,
          "mana": 47.4,
          "shield": 0,
          "ult": 68.495,
          "x": 1147.225,
          "y": 739.122,
        },
      ],
      "time": 7,
      "winner": null,
    },
    {
      "counts": {
        "fx": 16,
        "projectiles": 5,
        "zones": 0,
      },
      "phase": "playing",
      "players": [
        {
          "alive": true,
          "cd": {
            "basic": 0.312,
            "evade": 1.643,
            "skill1": 0,
            "skill2": 0,
            "ultimate": 0,
          },
          "effects": [],
          "facing": 0,
          "hp": 155.685,
          "id": "p0",
          "kills": 0,
          "mana": 28.9,
          "shield": 0,
          "ult": 72.479,
          "x": 1284.443,
          "y": 710.929,
        },
        {
          "alive": true,
          "cd": {
            "basic": 0.457,
            "evade": 2.262,
            "skill1": 3.524,
            "skill2": 0,
            "ultimate": 0,
          },
          "effects": [],
          "facing": 0,
          "hp": 82.175,
          "id": "p1",
          "kills": 0,
          "mana": 84.2,
          "shield": 0,
          "ult": 70.813,
          "x": 1322.915,
          "y": 852.558,
        },
        {
          "alive": true,
          "cd": {
            "basic": 0.292,
            "evade": 2.881,
            "skill1": 4.857,
            "skill2": 0,
            "ultimate": 0,
          },
          "effects": [
            "burn",
          ],
          "facing": 1.571,
          "hp": 11.652,
          "id": "p2",
          "kills": 0,
          "mana": 7.5,
          "shield": 0,
          "ult": 72.865,
          "x": 1204.753,
          "y": 660.451,
        },
        {
          "alive": true,
          "cd": {
            "basic": 0,
            "evade": 3.5,
            "skill1": 0.619,
            "skill2": 2.19,
            "ultimate": 0,
          },
          "effects": [
            "burn",
            "evading",
            "reflect",
          ],
          "facing": 0,
          "hp": 460,
          "id": "p3",
          "kills": 0,
          "mana": 21.8,
          "shield": 50.05,
          "ult": 66.91,
          "x": 1216.133,
          "y": 889.84,
        },
        {
          "alive": true,
          "cd": {
            "basic": 0,
            "evade": 0,
            "skill1": 5.524,
            "skill2": 1.714,
            "ultimate": 0,
          },
          "effects": [],
          "facing": 0,
          "hp": 167.249,
          "id": "p4",
          "kills": 0,
          "mana": 31.1,
          "shield": 0,
          "ult": 83.959,
          "x": 1110.128,
          "y": 806.422,
        },
        {
          "alive": true,
          "cd": {
            "basic": 0,
            "evade": 0,
            "skill1": 5.598,
            "skill2": 0.149,
            "ultimate": 0,
          },
          "effects": [
            "burn",
            "lifesteal",
            "rage",
          ],
          "facing": -0.785,
          "hp": 172.281,
          "id": "p5",
          "kills": 0,
          "mana": 30.4,
          "shield": 0,
          "ult": 78.603,
          "x": 1137.634,
          "y": 990.431,
        },
      ],
      "time": 8,
      "winner": null,
    },
    {
      "counts": {
        "fx": 6,
        "projectiles": 4,
        "zones": 0,
      },
      "phase": "playing",
      "players": [
        {
          "alive": true,
          "cd": {
            "basic": 0,
            "evade": 0.214,
            "skill1": 0,
            "skill2": 0,
            "ultimate": 0,
          },
          "effects": [],
          "facing": 0,
          "hp": 156.569,
          "id": "p0",
          "kills": 1,
          "mana": 31.9,
          "shield": 0,
          "ult": 80.999,
          "x": 1271.508,
          "y": 711.055,
        },
        {
          "alive": true,
          "cd": {
            "basic": 0,
            "evade": 0.833,
            "skill1": 2.095,
            "skill2": 0,
            "ultimate": 0,
          },
          "effects": [],
          "facing": 0,
          "hp": 64.175,
          "id": "p1",
          "kills": 0,
          "mana": 95.2,
          "shield": 0,
          "ult": 79.633,
          "x": 1296.269,
          "y": 768.885,
        },
        {
          "alive": false,
          "cd": {
            "basic": 0,
            "evade": 2.31,
            "skill1": 4.286,
            "skill2": 0,
            "ultimate": 0,
          },
          "effects": [],
          "facing": 3.142,
          "hp": 0,
          "id": "p2",
          "kills": 0,
          "mana": 8.7,
          "shield": 0,
          "ult": 77.119,
          "x": 1178.324,
          "y": 741.537,
        },
        {
          "alive": true,
          "cd": {
            "basic": 0.096,
            "evade": 2.071,
            "skill1": 0,
            "skill2": 0.762,
            "ultimate": 0,
          },
          "effects": [
            "burn",
          ],
          "facing": 0,
          "hp": 460,
          "id": "p3",
          "kills": 0,
          "mana": 24.8,
          "shield": 0,
          "ult": 75.27,
          "x": 1299.969,
          "y": 850.027,
        },
        {
          "alive": true,
          "cd": {
            "basic": 0.171,
            "evade": 2.69,
            "skill1": 4.095,
            "skill2": 0.286,
            "ultimate": 0,
          },
          "effects": [],
          "facing": 0,
          "hp": 174.249,
          "id": "p4",
          "kills": 0,
          "mana": 34.1,
          "shield": 0,
          "ult": 92.259,
          "x": 1066.375,
          "y": 803.541,
        },
        {
          "alive": true,
          "cd": {
            "basic": 0.04,
            "evade": 3.26,
            "skill1": 3.804,
            "skill2": 0,
            "ultimate": 0,
          },
          "effects": [
            "burn",
            "evading",
            "lifesteal",
            "rage",
          ],
          "facing": 0,
          "hp": 163.781,
          "id": "p5",
          "kills": 0,
          "mana": 33.4,
          "shield": 0,
          "ult": 86.943,
          "x": 1243.484,
          "y": 839.494,
        },
      ],
      "time": 9,
      "winner": null,
    },
    {
      "counts": {
        "fx": 8,
        "projectiles": 3,
        "zones": 0,
      },
      "phase": "playing",
      "players": [
        {
          "alive": true,
          "cd": {
            "basic": 0.026,
            "evade": 0,
            "skill1": 7.619,
            "skill2": 0,
            "ultimate": 0,
          },
          "effects": [],
          "facing": 0,
          "hp": 141.269,
          "id": "p0",
          "kills": 2,
          "mana": 9.9,
          "shield": 0,
          "ult": 91.011,
          "x": 1243.803,
          "y": 676.515,
        },
        {
          "alive": false,
          "cd": {
            "basic": 0,
            "evade": 0.786,
            "skill1": 2.048,
            "skill2": 0,
            "ultimate": 0,
          },
          "effects": [
            "stun",
          ],
          "facing": 0,
          "hp": 0,
          "id": "p1",
          "kills": 0,
          "mana": 95.3,
          "shield": 0,
          "ult": 82.7,
          "x": 1301.425,
          "y": 768.106,
        },
        {
          "alive": false,
          "cd": {
            "basic": 0,
            "evade": 2.31,
            "skill1": 4.286,
            "skill2": 0,
            "ultimate": 0,
          },
          "effects": [],
          "facing": 3.142,
          "hp": 0,
          "id": "p2",
          "kills": 0,
          "mana": 8.7,
          "shield": 0,
          "ult": 77.119,
          "x": 1178.324,
          "y": 741.537,
        },
        {
          "alive": true,
          "cd": {
            "basic": 0.382,
            "evade": 0.643,
            "skill1": 0,
            "skill2": 0,
            "ultimate": 0,
          },
          "effects": [],
          "facing": 0,
          "hp": 429.148,
          "id": "p3",
          "kills": 0,
          "mana": 27.8,
          "shield": 0,
          "ult": 85.273,
          "x": 1291.16,
          "y": 829.298,
        },
        {
          "alive": true,
          "cd": {
            "basic": 0.457,
            "evade": 1.262,
            "skill1": 2.667,
            "skill2": 0,
            "ultimate": 0,
          },
          "effects": [],
          "facing": 0,
          "hp": 181.249,
          "id": "p4",
          "kills": 0,
          "mana": 37.1,
          "shield": 0,
          "ult": 100,
          "x": 1094.794,
          "y": 796.388,
        },
        {
          "alive": true,
          "cd": {
            "basic": 0.399,
            "evade": 1.423,
            "skill1": 1.966,
            "skill2": 0,
            "ultimate": 0,
          },
          "effects": [],
          "facing": 0,
          "hp": 155.745,
          "id": "p5",
          "kills": 0,
          "mana": 36.4,
          "shield": 0,
          "ult": 96.21,
          "x": 1201.949,
          "y": 814.168,
        },
      ],
      "time": 10,
      "winner": null,
    },
    {
      "counts": {
        "fx": 23,
        "projectiles": 1,
        "zones": 2,
      },
      "phase": "playing",
      "players": [
        {
          "alive": true,
          "cd": {
            "basic": 0.312,
            "evade": 0,
            "skill1": 6.19,
            "skill2": 0,
            "ultimate": 0,
          },
          "effects": [],
          "facing": 2.356,
          "hp": 40.153,
          "id": "p0",
          "kills": 2,
          "mana": 12.9,
          "shield": 0,
          "ult": 100,
          "x": 1213.489,
          "y": 659.843,
        },
        {
          "alive": false,
          "cd": {
            "basic": 0,
            "evade": 0.786,
            "skill1": 2.048,
            "skill2": 0,
            "ultimate": 0,
          },
          "effects": [
            "stun",
          ],
          "facing": 0,
          "hp": 0,
          "id": "p1",
          "kills": 0,
          "mana": 95.3,
          "shield": 0,
          "ult": 82.7,
          "x": 1301.425,
          "y": 768.106,
        },
        {
          "alive": false,
          "cd": {
            "basic": 0,
            "evade": 2.31,
            "skill1": 4.286,
            "skill2": 0,
            "ultimate": 0,
          },
          "effects": [],
          "facing": 3.142,
          "hp": 0,
          "id": "p2",
          "kills": 0,
          "mana": 8.7,
          "shield": 0,
          "ult": 77.119,
          "x": 1178.324,
          "y": 741.537,
        },
        {
          "alive": true,
          "cd": {
            "basic": 0,
            "evade": 0,
            "skill1": 0,
            "skill2": 0,
            "ultimate": 0,
          },
          "effects": [],
          "facing": 0,
          "hp": 327.76,
          "id": "p3",
          "kills": 0,
          "mana": 30.8,
          "shield": 0,
          "ult": 97.713,
          "x": 1327.031,
          "y": 799.354,
        },
        {
          "alive": true,
          "cd": {
            "basic": 0,
            "evade": 0,
            "skill1": 1.238,
            "skill2": 11,
            "ultimate": 11.571,
          },
          "effects": [
            "haste",
          ],
          "facing": 0.785,
          "hp": 200,
          "id": "p4",
          "kills": 0,
          "mana": 0.1,
          "shield": 160,
          "ult": 4.36,
          "x": 1062.49,
          "y": 778.139,
        },
        {
          "alive": true,
          "cd": {
            "basic": 0,
            "evade": 0,
            "skill1": 0.086,
            "skill2": 0,
            "ultimate": 10.797,
          },
          "effects": [
            "burn",
            "lifesteal",
            "rage",
          ],
          "facing": 0,
          "hp": 250.441,
          "id": "p5",
          "kills": 0,
          "mana": 39.4,
          "shield": 0,
          "ult": 6.739,
          "x": 1167.586,
          "y": 763.532,
        },
      ],
      "time": 11,
      "winner": null,
    },
    {
      "counts": {
        "fx": 12,
        "projectiles": 2,
        "zones": 2,
      },
      "phase": "playing",
      "players": [
        {
          "alive": false,
          "cd": {
            "basic": 0.455,
            "evade": 0,
            "skill1": 5.476,
            "skill2": 0,
            "ultimate": 0,
          },
          "effects": [],
          "facing": 3.142,
          "hp": 0,
          "id": "p0",
          "kills": 2,
          "mana": 14.4,
          "shield": 0,
          "ult": 100,
          "x": 1202.806,
          "y": 713.353,
        },
        {
          "alive": false,
          "cd": {
            "basic": 0,
            "evade": 0.786,
            "skill1": 2.048,
            "skill2": 0,
            "ultimate": 0,
          },
          "effects": [
            "stun",
          ],
          "facing": 0,
          "hp": 0,
          "id": "p1",
          "kills": 0,
          "mana": 95.3,
          "shield": 0,
          "ult": 82.7,
          "x": 1301.425,
          "y": 768.106,
        },
        {
          "alive": false,
          "cd": {
            "basic": 0,
            "evade": 2.31,
            "skill1": 4.286,
            "skill2": 0,
            "ultimate": 0,
          },
          "effects": [],
          "facing": 3.142,
          "hp": 0,
          "id": "p2",
          "kills": 0,
          "mana": 8.7,
          "shield": 0,
          "ult": 77.119,
          "x": 1178.324,
          "y": 741.537,
        },
        {
          "alive": true,
          "cd": {
            "basic": 0.096,
            "evade": 0,
            "skill1": 0,
            "skill2": 0,
            "ultimate": 0,
          },
          "effects": [],
          "facing": -1.571,
          "hp": 251.872,
          "id": "p3",
          "kills": 0,
          "mana": 33.8,
          "shield": 0,
          "ult": 100,
          "x": 1310.945,
          "y": 776.648,
        },
        {
          "alive": true,
          "cd": {
            "basic": 0.171,
            "evade": 0,
            "skill1": 0,
            "skill2": 9.571,
            "ultimate": 10.143,
          },
          "effects": [
            "haste",
          ],
          "facing": -1.571,
          "hp": 200,
          "id": "p4",
          "kills": 1,
          "mana": 3.1,
          "shield": 160,
          "ult": 17.42,
          "x": 1076.635,
          "y": 785.907,
        },
        {
          "alive": true,
          "cd": {
            "basic": 0.054,
            "evade": 0,
            "skill1": 0,
            "skill2": 8.67,
            "ultimate": 9.15,
          },
          "effects": [
            "burn",
            "lifesteal",
            "rage",
          ],
          "facing": 0.785,
          "hp": 162.591,
          "id": "p5",
          "kills": 0,
          "mana": 42.4,
          "shield": 0,
          "ult": 18.853,
          "x": 1164.096,
          "y": 671.983,
        },
      ],
      "time": 12,
      "winner": null,
    },
    {
      "counts": {
        "fx": 9,
        "projectiles": 2,
        "zones": 2,
      },
      "phase": "playing",
      "players": [
        {
          "alive": false,
          "cd": {
            "basic": 0.455,
            "evade": 0,
            "skill1": 5.476,
            "skill2": 0,
            "ultimate": 0,
          },
          "effects": [],
          "facing": 3.142,
          "hp": 0,
          "id": "p0",
          "kills": 2,
          "mana": 14.4,
          "shield": 0,
          "ult": 100,
          "x": 1202.806,
          "y": 713.353,
        },
        {
          "alive": false,
          "cd": {
            "basic": 0,
            "evade": 0.786,
            "skill1": 2.048,
            "skill2": 0,
            "ultimate": 0,
          },
          "effects": [
            "stun",
          ],
          "facing": 0,
          "hp": 0,
          "id": "p1",
          "kills": 0,
          "mana": 95.3,
          "shield": 0,
          "ult": 82.7,
          "x": 1301.425,
          "y": 768.106,
        },
        {
          "alive": false,
          "cd": {
            "basic": 0,
            "evade": 2.31,
            "skill1": 4.286,
            "skill2": 0,
            "ultimate": 0,
          },
          "effects": [],
          "facing": 3.142,
          "hp": 0,
          "id": "p2",
          "kills": 0,
          "mana": 8.7,
          "shield": 0,
          "ult": 77.119,
          "x": 1178.324,
          "y": 741.537,
        },
        {
          "alive": true,
          "cd": {
            "basic": 0.382,
            "evade": 0,
            "skill1": 10.619,
            "skill2": 0,
            "ultimate": 11.333,
          },
          "effects": [
            "protect",
            "reflect",
          ],
          "facing": -1.571,
          "hp": 251.872,
          "id": "p3",
          "kills": 0,
          "mana": 6.8,
          "shield": 260,
          "ult": 3.733,
          "x": 1286.691,
          "y": 797.834,
        },
        {
          "alive": true,
          "cd": {
            "basic": 0.457,
            "evade": 0,
            "skill1": 0,
            "skill2": 8.143,
            "ultimate": 8.714,
          },
          "effects": [
            "haste",
          ],
          "facing": -1.571,
          "hp": 200,
          "id": "p4",
          "kills": 1,
          "mana": 6.1,
          "shield": 160,
          "ult": 25.94,
          "x": 1076.862,
          "y": 799.395,
        },
        {
          "alive": true,
          "cd": {
            "basic": 0.398,
            "evade": 0,
            "skill1": 0,
            "skill2": 6.836,
            "ultimate": 7.316,
          },
          "effects": [
            "burn",
            "lifesteal",
            "rage",
          ],
          "facing": -1.571,
          "hp": 140.491,
          "id": "p5",
          "kills": 0,
          "mana": 45.4,
          "shield": 0,
          "ult": 27.737,
          "x": 1164.643,
          "y": 698.492,
        },
      ],
      "time": 13,
      "winner": null,
    },
    {
      "counts": {
        "fx": 3,
        "projectiles": 2,
        "zones": 1,
      },
      "phase": "playing",
      "players": [
        {
          "alive": false,
          "cd": {
            "basic": 0.455,
            "evade": 0,
            "skill1": 5.476,
            "skill2": 0,
            "ultimate": 0,
          },
          "effects": [],
          "facing": 3.142,
          "hp": 0,
          "id": "p0",
          "kills": 2,
          "mana": 14.4,
          "shield": 0,
          "ult": 100,
          "x": 1202.806,
          "y": 713.353,
        },
        {
          "alive": false,
          "cd": {
            "basic": 0,
            "evade": 0.786,
            "skill1": 2.048,
            "skill2": 0,
            "ultimate": 0,
          },
          "effects": [
            "stun",
          ],
          "facing": 0,
          "hp": 0,
          "id": "p1",
          "kills": 0,
          "mana": 95.3,
          "shield": 0,
          "ult": 82.7,
          "x": 1301.425,
          "y": 768.106,
        },
        {
          "alive": false,
          "cd": {
            "basic": 0,
            "evade": 2.31,
            "skill1": 4.286,
            "skill2": 0,
            "ultimate": 0,
          },
          "effects": [],
          "facing": 3.142,
          "hp": 0,
          "id": "p2",
          "kills": 0,
          "mana": 8.7,
          "shield": 0,
          "ult": 77.119,
          "x": 1178.324,
          "y": 741.537,
        },
        {
          "alive": true,
          "cd": {
            "basic": 0,
            "evade": 0,
            "skill1": 9.19,
            "skill2": 0,
            "ultimate": 9.905,
          },
          "effects": [
            "protect",
            "reflect",
          ],
          "facing": -1.571,
          "hp": 251.872,
          "id": "p3",
          "kills": 0,
          "mana": 9.8,
          "shield": 260,
          "ult": 11.733,
          "x": 1287.004,
          "y": 806.855,
        },
        {
          "alive": true,
          "cd": {
            "basic": 0,
            "evade": 0,
            "skill1": 0,
            "skill2": 6.714,
            "ultimate": 7.286,
          },
          "effects": [
            "haste",
          ],
          "facing": -1.571,
          "hp": 200,
          "id": "p4",
          "kills": 1,
          "mana": 9.1,
          "shield": 160,
          "ult": 34.14,
          "x": 1077.308,
          "y": 812.543,
        },
        {
          "alive": true,
          "cd": {
            "basic": 0,
            "evade": 0,
            "skill1": 5.488,
            "skill2": 4.948,
            "ultimate": 5.428,
          },
          "effects": [
            "burn",
            "lifesteal",
            "rage",
          ],
          "facing": 2.356,
          "hp": 131.991,
          "id": "p5",
          "kills": 0,
          "mana": 28.4,
          "shield": 0,
          "ult": 36.077,
          "x": 1408.107,
          "y": 724.224,
        },
      ],
      "time": 14,
      "winner": null,
    },
    {
      "counts": {
        "fx": 4,
        "projectiles": 2,
        "zones": 1,
      },
      "phase": "playing",
      "players": [
        {
          "alive": false,
          "cd": {
            "basic": 0.455,
            "evade": 0,
            "skill1": 5.476,
            "skill2": 0,
            "ultimate": 0,
          },
          "effects": [],
          "facing": 3.142,
          "hp": 0,
          "id": "p0",
          "kills": 2,
          "mana": 14.4,
          "shield": 0,
          "ult": 100,
          "x": 1202.806,
          "y": 713.353,
        },
        {
          "alive": false,
          "cd": {
            "basic": 0,
            "evade": 0.786,
            "skill1": 2.048,
            "skill2": 0,
            "ultimate": 0,
          },
          "effects": [
            "stun",
          ],
          "facing": 0,
          "hp": 0,
          "id": "p1",
          "kills": 0,
          "mana": 95.3,
          "shield": 0,
          "ult": 82.7,
          "x": 1301.425,
          "y": 768.106,
        },
        {
          "alive": false,
          "cd": {
            "basic": 0,
            "evade": 2.31,
            "skill1": 4.286,
            "skill2": 0,
            "ultimate": 0,
          },
          "effects": [],
          "facing": 3.142,
          "hp": 0,
          "id": "p2",
          "kills": 0,
          "mana": 8.7,
          "shield": 0,
          "ult": 77.119,
          "x": 1178.324,
          "y": 741.537,
        },
        {
          "alive": true,
          "cd": {
            "basic": 0.096,
            "evade": 3.024,
            "skill1": 7.762,
            "skill2": 0,
            "ultimate": 8.476,
          },
          "effects": [
            "burn",
            "protect",
            "reflect",
          ],
          "facing": -1.571,
          "hp": 251.872,
          "id": "p3",
          "kills": 0,
          "mana": 12.8,
          "shield": 222.092,
          "ult": 19.999,
          "x": 1238.421,
          "y": 903.566,
        },
        {
          "alive": true,
          "cd": {
            "basic": 0.171,
            "evade": 0,
            "skill1": 0,
            "skill2": 5.286,
            "ultimate": 5.857,
          },
          "effects": [
            "haste",
          ],
          "facing": -1.571,
          "hp": 200,
          "id": "p4",
          "kills": 1,
          "mana": 12.1,
          "shield": 158.215,
          "ult": 42.5,
          "x": 1078.88,
          "y": 824.55,
        },
        {
          "alive": true,
          "cd": {
            "basic": 0.005,
            "evade": 0,
            "skill1": 3.55,
            "skill2": 3.01,
            "ultimate": 3.49,
          },
          "effects": [
            "lifesteal",
            "rage",
          ],
          "facing": -1.571,
          "hp": 113.731,
          "id": "p5",
          "kills": 0,
          "mana": 31.4,
          "shield": 0,
          "ult": 45.836,
          "x": 1262.258,
          "y": 828.518,
        },
      ],
      "time": 15,
      "winner": null,
    },
    {
      "counts": {
        "fx": 7,
        "projectiles": 1,
        "zones": 1,
      },
      "phase": "playing",
      "players": [
        {
          "alive": false,
          "cd": {
            "basic": 0.455,
            "evade": 0,
            "skill1": 5.476,
            "skill2": 0,
            "ultimate": 0,
          },
          "effects": [],
          "facing": 3.142,
          "hp": 0,
          "id": "p0",
          "kills": 2,
          "mana": 14.4,
          "shield": 0,
          "ult": 100,
          "x": 1202.806,
          "y": 713.353,
        },
        {
          "alive": false,
          "cd": {
            "basic": 0,
            "evade": 0.786,
            "skill1": 2.048,
            "skill2": 0,
            "ultimate": 0,
          },
          "effects": [
            "stun",
          ],
          "facing": 0,
          "hp": 0,
          "id": "p1",
          "kills": 0,
          "mana": 95.3,
          "shield": 0,
          "ult": 82.7,
          "x": 1301.425,
          "y": 768.106,
        },
        {
          "alive": false,
          "cd": {
            "basic": 0,
            "evade": 2.31,
            "skill1": 4.286,
            "skill2": 0,
            "ultimate": 0,
          },
          "effects": [],
          "facing": 3.142,
          "hp": 0,
          "id": "p2",
          "kills": 0,
          "mana": 8.7,
          "shield": 0,
          "ult": 77.119,
          "x": 1178.324,
          "y": 741.537,
        },
        {
          "alive": true,
          "cd": {
            "basic": 0.382,
            "evade": 1.595,
            "skill1": 6.333,
            "skill2": 0,
            "ultimate": 7.048,
          },
          "effects": [
            "burn",
            "protect",
            "reflect",
          ],
          "facing": 3.142,
          "hp": 251.872,
          "id": "p3",
          "kills": 0,
          "mana": 15.8,
          "shield": 206.792,
          "ult": 28.106,
          "x": 1242.772,
          "y": 913.86,
        },
        {
          "alive": true,
          "cd": {
            "basic": 0.457,
            "evade": 2.214,
            "skill1": 0,
            "skill2": 3.857,
            "ultimate": 4.429,
          },
          "effects": [
            "haste",
          ],
          "facing": 3.142,
          "hp": 200,
          "id": "p4",
          "kills": 1,
          "mana": 15.1,
          "shield": 0,
          "ult": 51.105,
          "x": 1070.867,
          "y": 776.737,
        },
        {
          "alive": true,
          "cd": {
            "basic": 0.395,
            "evade": 2.59,
            "skill1": 1.601,
            "skill2": 1.061,
            "ultimate": 1.541,
          },
          "effects": [
            "lifesteal",
            "rage",
          ],
          "facing": 3.142,
          "hp": 113.731,
          "id": "p5",
          "kills": 0,
          "mana": 34.4,
          "shield": 0,
          "ult": 53.836,
          "x": 1279.245,
          "y": 844.205,
        },
      ],
      "time": 16,
      "winner": null,
    },
    {
      "counts": {
        "fx": 3,
        "projectiles": 2,
        "zones": 0,
      },
      "phase": "playing",
      "players": [
        {
          "alive": false,
          "cd": {
            "basic": 0.455,
            "evade": 0,
            "skill1": 5.476,
            "skill2": 0,
            "ultimate": 0,
          },
          "effects": [],
          "facing": 3.142,
          "hp": 0,
          "id": "p0",
          "kills": 2,
          "mana": 14.4,
          "shield": 0,
          "ult": 100,
          "x": 1202.806,
          "y": 713.353,
        },
        {
          "alive": false,
          "cd": {
            "basic": 0,
            "evade": 0.786,
            "skill1": 2.048,
            "skill2": 0,
            "ultimate": 0,
          },
          "effects": [
            "stun",
          ],
          "facing": 0,
          "hp": 0,
          "id": "p1",
          "kills": 0,
          "mana": 95.3,
          "shield": 0,
          "ult": 82.7,
          "x": 1301.425,
          "y": 768.106,
        },
        {
          "alive": false,
          "cd": {
            "basic": 0,
            "evade": 2.31,
            "skill1": 4.286,
            "skill2": 0,
            "ultimate": 0,
          },
          "effects": [],
          "facing": 3.142,
          "hp": 0,
          "id": "p2",
          "kills": 0,
          "mana": 8.7,
          "shield": 0,
          "ult": 77.119,
          "x": 1178.324,
          "y": 741.537,
        },
        {
          "alive": true,
          "cd": {
            "basic": 0,
            "evade": 0.167,
            "skill1": 4.905,
            "skill2": 0,
            "ultimate": 5.619,
          },
          "effects": [
            "protect",
            "reflect",
          ],
          "facing": 3.142,
          "hp": 251.872,
          "id": "p3",
          "kills": 0,
          "mana": 18.8,
          "shield": 169.78,
          "ult": 36.365,
          "x": 1237.803,
          "y": 912.965,
        },
        {
          "alive": true,
          "cd": {
            "basic": 0,
            "evade": 0.786,
            "skill1": 0,
            "skill2": 2.429,
            "ultimate": 3,
          },
          "effects": [
            "haste",
          ],
          "facing": 3.142,
          "hp": 200,
          "id": "p4",
          "kills": 1,
          "mana": 18.1,
          "shield": 0,
          "ult": 59.25,
          "x": 1098.757,
          "y": 811.288,
        },
        {
          "alive": true,
          "cd": {
            "basic": 0,
            "evade": 0.628,
            "skill1": 0,
            "skill2": 0,
            "ultimate": 0,
          },
          "effects": [
            "lifesteal",
            "rage",
          ],
          "facing": 3.142,
          "hp": 103.668,
          "id": "p5",
          "kills": 0,
          "mana": 37.4,
          "shield": 0,
          "ult": 63.3,
          "x": 1284.915,
          "y": 830.895,
        },
      ],
      "time": 17,
      "winner": null,
    },
    {
      "counts": {
        "fx": 2,
        "projectiles": 2,
        "zones": 0,
      },
      "phase": "playing",
      "players": [
        {
          "alive": false,
          "cd": {
            "basic": 0.455,
            "evade": 0,
            "skill1": 5.476,
            "skill2": 0,
            "ultimate": 0,
          },
          "effects": [],
          "facing": 3.142,
          "hp": 0,
          "id": "p0",
          "kills": 2,
          "mana": 14.4,
          "shield": 0,
          "ult": 100,
          "x": 1202.806,
          "y": 713.353,
        },
        {
          "alive": false,
          "cd": {
            "basic": 0,
            "evade": 0.786,
            "skill1": 2.048,
            "skill2": 0,
            "ultimate": 0,
          },
          "effects": [
            "stun",
          ],
          "facing": 0,
          "hp": 0,
          "id": "p1",
          "kills": 0,
          "mana": 95.3,
          "shield": 0,
          "ult": 82.7,
          "x": 1301.425,
          "y": 768.106,
        },
        {
          "alive": false,
          "cd": {
            "basic": 0,
            "evade": 2.31,
            "skill1": 4.286,
            "skill2": 0,
            "ultimate": 0,
          },
          "effects": [],
          "facing": 3.142,
          "hp": 0,
          "id": "p2",
          "kills": 0,
          "mana": 8.7,
          "shield": 0,
          "ult": 77.119,
          "x": 1178.324,
          "y": 741.537,
        },
        {
          "alive": true,
          "cd": {
            "basic": 0.096,
            "evade": 0,
            "skill1": 3.476,
            "skill2": 0,
            "ultimate": 4.19,
          },
          "effects": [
            "protect",
            "reflect",
          ],
          "facing": 3.142,
          "hp": 251.872,
          "id": "p3",
          "kills": 0,
          "mana": 21.8,
          "shield": 135.225,
          "ult": 44.607,
          "x": 1239.178,
          "y": 922.111,
        },
        {
          "alive": true,
          "cd": {
            "basic": 0.171,
            "evade": 0,
            "skill1": 0,
            "skill2": 1,
            "ultimate": 1.571,
          },
          "effects": [],
          "facing": 3.142,
          "hp": 200,
          "id": "p4",
          "kills": 1,
          "mana": 21.1,
          "shield": 0,
          "ult": 67.25,
          "x": 1108.447,
          "y": 810.945,
        },
        {
          "alive": true,
          "cd": {
            "basic": 0,
            "evade": 0,
            "skill1": 0,
            "skill2": 0,
            "ultimate": 0,
          },
          "effects": [
            "lifesteal",
            "rage",
          ],
          "facing": 3.142,
          "hp": 93.388,
          "id": "p5",
          "kills": 0,
          "mana": 40.4,
          "shield": 0,
          "ult": 72.795,
          "x": 1300.238,
          "y": 830.286,
        },
      ],
      "time": 18,
      "winner": null,
    },
    {
      "counts": {
        "fx": 2,
        "projectiles": 2,
        "zones": 0,
      },
      "phase": "playing",
      "players": [
        {
          "alive": false,
          "cd": {
            "basic": 0.455,
            "evade": 0,
            "skill1": 5.476,
            "skill2": 0,
            "ultimate": 0,
          },
          "effects": [],
          "facing": 3.142,
          "hp": 0,
          "id": "p0",
          "kills": 2,
          "mana": 14.4,
          "shield": 0,
          "ult": 100,
          "x": 1202.806,
          "y": 713.353,
        },
        {
          "alive": false,
          "cd": {
            "basic": 0,
            "evade": 0.786,
            "skill1": 2.048,
            "skill2": 0,
            "ultimate": 0,
          },
          "effects": [
            "stun",
          ],
          "facing": 0,
          "hp": 0,
          "id": "p1",
          "kills": 0,
          "mana": 95.3,
          "shield": 0,
          "ult": 82.7,
          "x": 1301.425,
          "y": 768.106,
        },
        {
          "alive": false,
          "cd": {
            "basic": 0,
            "evade": 2.31,
            "skill1": 4.286,
            "skill2": 0,
            "ultimate": 0,
          },
          "effects": [],
          "facing": 3.142,
          "hp": 0,
          "id": "p2",
          "kills": 0,
          "mana": 8.7,
          "shield": 0,
          "ult": 77.119,
          "x": 1178.324,
          "y": 741.537,
        },
        {
          "alive": true,
          "cd": {
            "basic": 0.382,
            "evade": 0,
            "skill1": 2.048,
            "skill2": 0,
            "ultimate": 2.762,
          },
          "effects": [
            "reflect",
          ],
          "facing": -2.356,
          "hp": 252.484,
          "id": "p3",
          "kills": 0,
          "mana": 24.8,
          "shield": 135.225,
          "ult": 52.967,
          "x": 1246.414,
          "y": 921.444,
        },
        {
          "alive": true,
          "cd": {
            "basic": 0.457,
            "evade": 0,
            "skill1": 0,
            "skill2": 0,
            "ultimate": 0.143,
          },
          "effects": [],
          "facing": 3.142,
          "hp": 200,
          "id": "p4",
          "kills": 1,
          "mana": 24.1,
          "shield": 0,
          "ult": 75.25,
          "x": 1118.454,
          "y": 809.635,
        },
        {
          "alive": true,
          "cd": {
            "basic": 0.392,
            "evade": 0,
            "skill1": 0,
            "skill2": 0,
            "ultimate": 0,
          },
          "effects": [
            "lifesteal",
            "rage",
          ],
          "facing": 3.142,
          "hp": 78.088,
          "id": "p5",
          "kills": 0,
          "mana": 43.4,
          "shield": 0,
          "ult": 81.407,
          "x": 1301.916,
          "y": 797.58,
        },
      ],
      "time": 19,
      "winner": null,
    },
    {
      "counts": {
        "fx": 4,
        "projectiles": 2,
        "zones": 0,
      },
      "phase": "playing",
      "players": [
        {
          "alive": false,
          "cd": {
            "basic": 0.455,
            "evade": 0,
            "skill1": 5.476,
            "skill2": 0,
            "ultimate": 0,
          },
          "effects": [],
          "facing": 3.142,
          "hp": 0,
          "id": "p0",
          "kills": 2,
          "mana": 14.4,
          "shield": 0,
          "ult": 100,
          "x": 1202.806,
          "y": 713.353,
        },
        {
          "alive": false,
          "cd": {
            "basic": 0,
            "evade": 0.786,
            "skill1": 2.048,
            "skill2": 0,
            "ultimate": 0,
          },
          "effects": [
            "stun",
          ],
          "facing": 0,
          "hp": 0,
          "id": "p1",
          "kills": 0,
          "mana": 95.3,
          "shield": 0,
          "ult": 82.7,
          "x": 1301.425,
          "y": 768.106,
        },
        {
          "alive": false,
          "cd": {
            "basic": 0,
            "evade": 2.31,
            "skill1": 4.286,
            "skill2": 0,
            "ultimate": 0,
          },
          "effects": [],
          "facing": 3.142,
          "hp": 0,
          "id": "p2",
          "kills": 0,
          "mana": 8.7,
          "shield": 0,
          "ult": 77.119,
          "x": 1178.324,
          "y": 741.537,
        },
        {
          "alive": true,
          "cd": {
            "basic": 0,
            "evade": 0,
            "skill1": 0.619,
            "skill2": 0,
            "ultimate": 1.333,
          },
          "effects": [
            "reflect",
          ],
          "facing": 1.571,
          "hp": 253.096,
          "id": "p3",
          "kills": 0,
          "mana": 27.8,
          "shield": 135.225,
          "ult": 61.327,
          "x": 1254,
          "y": 912.596,
        },
        {
          "alive": true,
          "cd": {
            "basic": 0,
            "evade": 0,
            "skill1": 0,
            "skill2": 0,
            "ultimate": 0,
          },
          "effects": [
            "bleed",
          ],
          "facing": 1.571,
          "hp": 122.333,
          "id": "p4",
          "kills": 1,
          "mana": 27.1,
          "shield": 0,
          "ult": 86.45,
          "x": 1152.031,
          "y": 793.08,
        },
        {
          "alive": true,
          "cd": {
            "basic": 0,
            "evade": 0,
            "skill1": 5.355,
            "skill2": 0,
            "ultimate": 0,
          },
          "effects": [],
          "facing": 0,
          "hp": 89.437,
          "id": "p5",
          "kills": 0,
          "mana": 26.4,
          "shield": 0,
          "ult": 91.619,
          "x": 999.661,
          "y": 795.265,
        },
      ],
      "time": 20,
      "winner": null,
    },
    {
      "counts": {
        "fx": 21,
        "projectiles": 1,
        "zones": 0,
      },
      "phase": "playing",
      "players": [
        {
          "alive": false,
          "cd": {
            "basic": 0.455,
            "evade": 0,
            "skill1": 5.476,
            "skill2": 0,
            "ultimate": 0,
          },
          "effects": [],
          "facing": 3.142,
          "hp": 0,
          "id": "p0",
          "kills": 2,
          "mana": 14.4,
          "shield": 0,
          "ult": 100,
          "x": 1202.806,
          "y": 713.353,
        },
        {
          "alive": false,
          "cd": {
            "basic": 0,
            "evade": 0.786,
            "skill1": 2.048,
            "skill2": 0,
            "ultimate": 0,
          },
          "effects": [
            "stun",
          ],
          "facing": 0,
          "hp": 0,
          "id": "p1",
          "kills": 0,
          "mana": 95.3,
          "shield": 0,
          "ult": 82.7,
          "x": 1301.425,
          "y": 768.106,
        },
        {
          "alive": false,
          "cd": {
            "basic": 0,
            "evade": 2.31,
            "skill1": 4.286,
            "skill2": 0,
            "ultimate": 0,
          },
          "effects": [],
          "facing": 3.142,
          "hp": 0,
          "id": "p2",
          "kills": 0,
          "mana": 8.7,
          "shield": 0,
          "ult": 77.119,
          "x": 1178.324,
          "y": 741.537,
        },
        {
          "alive": true,
          "cd": {
            "basic": 0.096,
            "evade": 0,
            "skill1": 0,
            "skill2": 0,
            "ultimate": 0,
          },
          "effects": [],
          "facing": -2.356,
          "hp": 138.346,
          "id": "p3",
          "kills": 0,
          "mana": 30.8,
          "shield": 0,
          "ult": 73.917,
          "x": 1273.895,
          "y": 916.286,
        },
        {
          "alive": false,
          "cd": {
            "basic": 0.362,
            "evade": 0,
            "skill1": 0,
            "skill2": 0,
            "ultimate": 0,
          },
          "effects": [
            "bleed",
          ],
          "facing": 1.571,
          "hp": 0,
          "id": "p4",
          "kills": 1,
          "mana": 29.7,
          "shield": 0,
          "ult": 100,
          "x": 1181.667,
          "y": 753.612,
        },
        {
          "alive": true,
          "cd": {
            "basic": 0.084,
            "evade": 0,
            "skill1": 3.451,
            "skill2": 9.167,
            "ultimate": 10.81,
          },
          "effects": [
            "lifesteal",
            "rage",
          ],
          "facing": 1.571,
          "hp": 290,
          "id": "p5",
          "kills": 1,
          "mana": 29.4,
          "shield": 0,
          "ult": 11.867,
          "x": 1176.247,
          "y": 921.108,
        },
      ],
      "time": 21,
      "winner": null,
    },
    {
      "counts": {
        "fx": 8,
        "projectiles": 0,
        "zones": 0,
      },
      "phase": "playing",
      "players": [
        {
          "alive": false,
          "cd": {
            "basic": 0.455,
            "evade": 0,
            "skill1": 5.476,
            "skill2": 0,
            "ultimate": 0,
          },
          "effects": [],
          "facing": 3.142,
          "hp": 0,
          "id": "p0",
          "kills": 2,
          "mana": 14.4,
          "shield": 0,
          "ult": 100,
          "x": 1202.806,
          "y": 713.353,
        },
        {
          "alive": false,
          "cd": {
            "basic": 0,
            "evade": 0.786,
            "skill1": 2.048,
            "skill2": 0,
            "ultimate": 0,
          },
          "effects": [
            "stun",
          ],
          "facing": 0,
          "hp": 0,
          "id": "p1",
          "kills": 0,
          "mana": 95.3,
          "shield": 0,
          "ult": 82.7,
          "x": 1301.425,
          "y": 768.106,
        },
        {
          "alive": false,
          "cd": {
            "basic": 0,
            "evade": 2.31,
            "skill1": 4.286,
            "skill2": 0,
            "ultimate": 0,
          },
          "effects": [],
          "facing": 3.142,
          "hp": 0,
          "id": "p2",
          "kills": 0,
          "mana": 8.7,
          "shield": 0,
          "ult": 77.119,
          "x": 1178.324,
          "y": 741.537,
        },
        {
          "alive": true,
          "cd": {
            "basic": 0.382,
            "evade": 2.548,
            "skill1": 10.619,
            "skill2": 0,
            "ultimate": 0,
          },
          "effects": [
            "reflect",
          ],
          "facing": 1.571,
          "hp": 139.57,
          "id": "p3",
          "kills": 0,
          "mana": 3.8,
          "shield": 224.856,
          "ult": 82.883,
          "x": 1202.698,
          "y": 865.468,
        },
        {
          "alive": false,
          "cd": {
            "basic": 0.362,
            "evade": 0,
            "skill1": 0,
            "skill2": 0,
            "ultimate": 0,
          },
          "effects": [
            "bleed",
          ],
          "facing": 1.571,
          "hp": 0,
          "id": "p4",
          "kills": 1,
          "mana": 29.7,
          "shield": 0,
          "ult": 100,
          "x": 1181.667,
          "y": 753.612,
        },
        {
          "alive": true,
          "cd": {
            "basic": 0.408,
            "evade": 0,
            "skill1": 1.976,
            "skill2": 7.692,
            "ultimate": 9.335,
          },
          "effects": [
            "lifesteal",
            "rage",
          ],
          "facing": -2.356,
          "hp": 248.945,
          "id": "p5",
          "kills": 1,
          "mana": 32.4,
          "shield": 0,
          "ult": 22.336,
          "x": 1278.488,
          "y": 902.14,
        },
      ],
      "time": 22,
      "winner": null,
    },
    {
      "counts": {
        "fx": 0,
        "projectiles": 0,
        "zones": 0,
      },
      "phase": "playing",
      "players": [
        {
          "alive": false,
          "cd": {
            "basic": 0.455,
            "evade": 0,
            "skill1": 5.476,
            "skill2": 0,
            "ultimate": 0,
          },
          "effects": [],
          "facing": 3.142,
          "hp": 0,
          "id": "p0",
          "kills": 2,
          "mana": 14.4,
          "shield": 0,
          "ult": 100,
          "x": 1202.806,
          "y": 713.353,
        },
        {
          "alive": false,
          "cd": {
            "basic": 0,
            "evade": 0.786,
            "skill1": 2.048,
            "skill2": 0,
            "ultimate": 0,
          },
          "effects": [
            "stun",
          ],
          "facing": 0,
          "hp": 0,
          "id": "p1",
          "kills": 0,
          "mana": 95.3,
          "shield": 0,
          "ult": 82.7,
          "x": 1301.425,
          "y": 768.106,
        },
        {
          "alive": false,
          "cd": {
            "basic": 0,
            "evade": 2.31,
            "skill1": 4.286,
            "skill2": 0,
            "ultimate": 0,
          },
          "effects": [],
          "facing": 3.142,
          "hp": 0,
          "id": "p2",
          "kills": 0,
          "mana": 8.7,
          "shield": 0,
          "ult": 77.119,
          "x": 1178.324,
          "y": 741.537,
        },
        {
          "alive": true,
          "cd": {
            "basic": 0,
            "evade": 1.119,
            "skill1": 9.19,
            "skill2": 0,
            "ultimate": 0,
          },
          "effects": [
            "reflect",
          ],
          "facing": 1.571,
          "hp": 139.57,
          "id": "p3",
          "kills": 0,
          "mana": 6.8,
          "shield": 224.856,
          "ult": 90.883,
          "x": 1203.631,
          "y": 843.815,
        },
        {
          "alive": false,
          "cd": {
            "basic": 0.362,
            "evade": 0,
            "skill1": 0,
            "skill2": 0,
            "ultimate": 0,
          },
          "effects": [
            "bleed",
          ],
          "facing": 1.571,
          "hp": 0,
          "id": "p4",
          "kills": 1,
          "mana": 29.7,
          "shield": 0,
          "ult": 100,
          "x": 1181.667,
          "y": 753.612,
        },
        {
          "alive": true,
          "cd": {
            "basic": 0,
            "evade": 2.26,
            "skill1": 0.426,
            "skill2": 6.142,
            "ultimate": 7.785,
          },
          "effects": [
            "lifesteal",
            "rage",
          ],
          "facing": 1.571,
          "hp": 248.945,
          "id": "p5",
          "kills": 1,
          "mana": 35.4,
          "shield": 0,
          "ult": 30.336,
          "x": 1167.643,
          "y": 844.731,
        },
      ],
      "time": 23,
      "winner": null,
    },
    {
      "counts": {
        "fx": 2,
        "projectiles": 0,
        "zones": 0,
      },
      "phase": "playing",
      "players": [
        {
          "alive": false,
          "cd": {
            "basic": 0.455,
            "evade": 0,
            "skill1": 5.476,
            "skill2": 0,
            "ultimate": 0,
          },
          "effects": [],
          "facing": 3.142,
          "hp": 0,
          "id": "p0",
          "kills": 2,
          "mana": 14.4,
          "shield": 0,
          "ult": 100,
          "x": 1202.806,
          "y": 713.353,
        },
        {
          "alive": false,
          "cd": {
            "basic": 0,
            "evade": 0.786,
            "skill1": 2.048,
            "skill2": 0,
            "ultimate": 0,
          },
          "effects": [
            "stun",
          ],
          "facing": 0,
          "hp": 0,
          "id": "p1",
          "kills": 0,
          "mana": 95.3,
          "shield": 0,
          "ult": 82.7,
          "x": 1301.425,
          "y": 768.106,
        },
        {
          "alive": false,
          "cd": {
            "basic": 0,
            "evade": 2.31,
            "skill1": 4.286,
            "skill2": 0,
            "ultimate": 0,
          },
          "effects": [],
          "facing": 3.142,
          "hp": 0,
          "id": "p2",
          "kills": 0,
          "mana": 8.7,
          "shield": 0,
          "ult": 77.119,
          "x": 1178.324,
          "y": 741.537,
        },
        {
          "alive": true,
          "cd": {
            "basic": 0.096,
            "evade": 0,
            "skill1": 7.762,
            "skill2": 0,
            "ultimate": 0,
          },
          "effects": [
            "reflect",
          ],
          "facing": 0,
          "hp": 139.57,
          "id": "p3",
          "kills": 0,
          "mana": 9.8,
          "shield": 188.565,
          "ult": 99.137,
          "x": 1216.3,
          "y": 845.167,
        },
        {
          "alive": false,
          "cd": {
            "basic": 0.362,
            "evade": 0,
            "skill1": 0,
            "skill2": 0,
            "ultimate": 0,
          },
          "effects": [
            "bleed",
          ],
          "facing": 1.571,
          "hp": 0,
          "id": "p4",
          "kills": 1,
          "mana": 29.7,
          "shield": 0,
          "ult": 100,
          "x": 1181.667,
          "y": 753.612,
        },
        {
          "alive": true,
          "cd": {
            "basic": 0.091,
            "evade": 0.703,
            "skill1": 0,
            "skill2": 4.585,
            "ultimate": 6.227,
          },
          "effects": [
            "lifesteal",
            "rage",
          ],
          "facing": 0,
          "hp": 238.148,
          "id": "p5",
          "kills": 1,
          "mana": 38.4,
          "shield": 0,
          "ult": 39.622,
          "x": 1191.578,
          "y": 818.998,
        },
      ],
      "time": 24,
      "winner": null,
    },
    {
      "counts": {
        "fx": 4,
        "projectiles": 0,
        "zones": 1,
      },
      "phase": "playing",
      "players": [
        {
          "alive": false,
          "cd": {
            "basic": 0.455,
            "evade": 0,
            "skill1": 5.476,
            "skill2": 0,
            "ultimate": 0,
          },
          "effects": [],
          "facing": 3.142,
          "hp": 0,
          "id": "p0",
          "kills": 2,
          "mana": 14.4,
          "shield": 0,
          "ult": 100,
          "x": 1202.806,
          "y": 713.353,
        },
        {
          "alive": false,
          "cd": {
            "basic": 0,
            "evade": 0.786,
            "skill1": 2.048,
            "skill2": 0,
            "ultimate": 0,
          },
          "effects": [
            "stun",
          ],
          "facing": 0,
          "hp": 0,
          "id": "p1",
          "kills": 0,
          "mana": 95.3,
          "shield": 0,
          "ult": 82.7,
          "x": 1301.425,
          "y": 768.106,
        },
        {
          "alive": false,
          "cd": {
            "basic": 0,
            "evade": 2.31,
            "skill1": 4.286,
            "skill2": 0,
            "ultimate": 0,
          },
          "effects": [],
          "facing": 3.142,
          "hp": 0,
          "id": "p2",
          "kills": 0,
          "mana": 8.7,
          "shield": 0,
          "ult": 77.119,
          "x": 1178.324,
          "y": 741.537,
        },
        {
          "alive": true,
          "cd": {
            "basic": 0.382,
            "evade": 0,
            "skill1": 6.333,
            "skill2": 0,
            "ultimate": 11.333,
          },
          "effects": [
            "protect",
            "reflect",
          ],
          "facing": 0,
          "hp": 139.57,
          "id": "p3",
          "kills": 0,
          "mana": 12.8,
          "shield": 188.565,
          "ult": 7.333,
          "x": 1217.649,
          "y": 851.232,
        },
        {
          "alive": false,
          "cd": {
            "basic": 0.362,
            "evade": 0,
            "skill1": 0,
            "skill2": 0,
            "ultimate": 0,
          },
          "effects": [
            "bleed",
          ],
          "facing": 1.571,
          "hp": 0,
          "id": "p4",
          "kills": 1,
          "mana": 29.7,
          "shield": 0,
          "ult": 100,
          "x": 1181.667,
          "y": 753.612,
        },
        {
          "alive": true,
          "cd": {
            "basic": 0,
            "evade": 0,
            "skill1": 0,
            "skill2": 2.837,
            "ultimate": 4.48,
          },
          "effects": [
            "lifesteal",
            "rage",
            "stun",
          ],
          "facing": 3.142,
          "hp": 85.148,
          "id": "p5",
          "kills": 1,
          "mana": 41.4,
          "shield": 0,
          "ult": 53.742,
          "x": 1240.545,
          "y": 940.949,
        },
      ],
      "time": 25,
      "winner": null,
    },
    {
      "counts": {
        "fx": 0,
        "projectiles": 0,
        "zones": 0,
      },
      "phase": "playing",
      "players": [
        {
          "alive": false,
          "cd": {
            "basic": 0.455,
            "evade": 0,
            "skill1": 5.476,
            "skill2": 0,
            "ultimate": 0,
          },
          "effects": [],
          "facing": 3.142,
          "hp": 0,
          "id": "p0",
          "kills": 2,
          "mana": 14.4,
          "shield": 0,
          "ult": 100,
          "x": 1202.806,
          "y": 713.353,
        },
        {
          "alive": false,
          "cd": {
            "basic": 0,
            "evade": 0.786,
            "skill1": 2.048,
            "skill2": 0,
            "ultimate": 0,
          },
          "effects": [
            "stun",
          ],
          "facing": 0,
          "hp": 0,
          "id": "p1",
          "kills": 0,
          "mana": 95.3,
          "shield": 0,
          "ult": 82.7,
          "x": 1301.425,
          "y": 768.106,
        },
        {
          "alive": false,
          "cd": {
            "basic": 0,
            "evade": 2.31,
            "skill1": 4.286,
            "skill2": 0,
            "ultimate": 0,
          },
          "effects": [],
          "facing": 3.142,
          "hp": 0,
          "id": "p2",
          "kills": 0,
          "mana": 8.7,
          "shield": 0,
          "ult": 77.119,
          "x": 1178.324,
          "y": 741.537,
        },
        {
          "alive": true,
          "cd": {
            "basic": 0,
            "evade": 0,
            "skill1": 4.905,
            "skill2": 0,
            "ultimate": 9.905,
          },
          "effects": [
            "protect",
            "reflect",
          ],
          "facing": 0,
          "hp": 139.57,
          "id": "p3",
          "kills": 0,
          "mana": 15.8,
          "shield": 188.565,
          "ult": 15.333,
          "x": 1212.921,
          "y": 828.414,
        },
        {
          "alive": false,
          "cd": {
            "basic": 0.362,
            "evade": 0,
            "skill1": 0,
            "skill2": 0,
            "ultimate": 0,
          },
          "effects": [
            "bleed",
          ],
          "facing": 1.571,
          "hp": 0,
          "id": "p4",
          "kills": 1,
          "mana": 29.7,
          "shield": 0,
          "ult": 100,
          "x": 1181.667,
          "y": 753.612,
        },
        {
          "alive": true,
          "cd": {
            "basic": 0,
            "evade": 0,
            "skill1": 0,
            "skill2": 0.803,
            "ultimate": 2.446,
          },
          "effects": [
            "lifesteal",
            "rage",
          ],
          "facing": 0,
          "hp": 85.148,
          "id": "p5",
          "kills": 1,
          "mana": 44.4,
          "shield": 0,
          "ult": 61.742,
          "x": 1212.37,
          "y": 864.41,
        },
      ],
      "time": 26,
      "winner": null,
    },
    {
      "counts": {
        "fx": 2,
        "projectiles": 0,
        "zones": 0,
      },
      "phase": "playing",
      "players": [
        {
          "alive": false,
          "cd": {
            "basic": 0.455,
            "evade": 0,
            "skill1": 5.476,
            "skill2": 0,
            "ultimate": 0,
          },
          "effects": [],
          "facing": 3.142,
          "hp": 0,
          "id": "p0",
          "kills": 2,
          "mana": 14.4,
          "shield": 0,
          "ult": 100,
          "x": 1202.806,
          "y": 713.353,
        },
        {
          "alive": false,
          "cd": {
            "basic": 0,
            "evade": 0.786,
            "skill1": 2.048,
            "skill2": 0,
            "ultimate": 0,
          },
          "effects": [
            "stun",
          ],
          "facing": 0,
          "hp": 0,
          "id": "p1",
          "kills": 0,
          "mana": 95.3,
          "shield": 0,
          "ult": 82.7,
          "x": 1301.425,
          "y": 768.106,
        },
        {
          "alive": false,
          "cd": {
            "basic": 0,
            "evade": 2.31,
            "skill1": 4.286,
            "skill2": 0,
            "ultimate": 0,
          },
          "effects": [],
          "facing": 3.142,
          "hp": 0,
          "id": "p2",
          "kills": 0,
          "mana": 8.7,
          "shield": 0,
          "ult": 77.119,
          "x": 1178.324,
          "y": 741.537,
        },
        {
          "alive": true,
          "cd": {
            "basic": 0.096,
            "evade": 0,
            "skill1": 3.476,
            "skill2": 0,
            "ultimate": 8.476,
          },
          "effects": [
            "protect",
            "reflect",
          ],
          "facing": 0,
          "hp": 139.57,
          "id": "p3",
          "kills": 0,
          "mana": 18.8,
          "shield": 147.881,
          "ult": 23.618,
          "x": 1213.959,
          "y": 811.213,
        },
        {
          "alive": false,
          "cd": {
            "basic": 0.362,
            "evade": 0,
            "skill1": 0,
            "skill2": 0,
            "ultimate": 0,
          },
          "effects": [
            "bleed",
          ],
          "facing": 1.571,
          "hp": 0,
          "id": "p4",
          "kills": 1,
          "mana": 29.7,
          "shield": 0,
          "ult": 100,
          "x": 1181.667,
          "y": 753.612,
        },
        {
          "alive": true,
          "cd": {
            "basic": 0,
            "evade": 0,
            "skill1": 0,
            "skill2": 0,
            "ultimate": 0.403,
          },
          "effects": [
            "lifesteal",
            "rage",
          ],
          "facing": 0,
          "hp": 73.044,
          "id": "p5",
          "kills": 1,
          "mana": 47.4,
          "shield": 0,
          "ult": 71.502,
          "x": 1191.671,
          "y": 839.485,
        },
      ],
      "time": 27,
      "winner": null,
    },
    {
      "counts": {
        "fx": 5,
        "projectiles": 0,
        "zones": 0,
      },
      "phase": "playing",
      "players": [
        {
          "alive": false,
          "cd": {
            "basic": 0.455,
            "evade": 0,
            "skill1": 5.476,
            "skill2": 0,
            "ultimate": 0,
          },
          "effects": [],
          "facing": 3.142,
          "hp": 0,
          "id": "p0",
          "kills": 2,
          "mana": 14.4,
          "shield": 0,
          "ult": 100,
          "x": 1202.806,
          "y": 713.353,
        },
        {
          "alive": false,
          "cd": {
            "basic": 0,
            "evade": 0.786,
            "skill1": 2.048,
            "skill2": 0,
            "ultimate": 0,
          },
          "effects": [
            "stun",
          ],
          "facing": 0,
          "hp": 0,
          "id": "p1",
          "kills": 0,
          "mana": 95.3,
          "shield": 0,
          "ult": 82.7,
          "x": 1301.425,
          "y": 768.106,
        },
        {
          "alive": false,
          "cd": {
            "basic": 0,
            "evade": 2.31,
            "skill1": 4.286,
            "skill2": 0,
            "ultimate": 0,
          },
          "effects": [],
          "facing": 3.142,
          "hp": 0,
          "id": "p2",
          "kills": 0,
          "mana": 8.7,
          "shield": 0,
          "ult": 77.119,
          "x": 1178.324,
          "y": 741.537,
        },
        {
          "alive": true,
          "cd": {
            "basic": 0.382,
            "evade": 3.5,
            "skill1": 2.048,
            "skill2": 0,
            "ultimate": 7.048,
          },
          "effects": [
            "evading",
            "protect",
            "reflect",
          ],
          "facing": -1.571,
          "hp": 140.182,
          "id": "p3",
          "kills": 0,
          "mana": 21.8,
          "shield": 104.943,
          "ult": 32.279,
          "x": 1214.356,
          "y": 804.689,
        },
        {
          "alive": false,
          "cd": {
            "basic": 0.362,
            "evade": 0,
            "skill1": 0,
            "skill2": 0,
            "ultimate": 0,
          },
          "effects": [
            "bleed",
          ],
          "facing": 1.571,
          "hp": 0,
          "id": "p4",
          "kills": 1,
          "mana": 29.7,
          "shield": 0,
          "ult": 100,
          "x": 1181.667,
          "y": 753.612,
        },
        {
          "alive": true,
          "cd": {
            "basic": 0.388,
            "evade": 0,
            "skill1": 0,
            "skill2": 0,
            "ultimate": 0,
          },
          "effects": [
            "lifesteal",
            "rage",
          ],
          "facing": -1.571,
          "hp": 44.971,
          "id": "p5",
          "kills": 1,
          "mana": 50,
          "shield": 0,
          "ult": 81.972,
          "x": 1167.15,
          "y": 855.529,
        },
      ],
      "time": 28,
      "winner": null,
    },
    {
      "counts": {
        "fx": 2,
        "projectiles": 0,
        "zones": 0,
      },
      "phase": "playing",
      "players": [
        {
          "alive": false,
          "cd": {
            "basic": 0.455,
            "evade": 0,
            "skill1": 5.476,
            "skill2": 0,
            "ultimate": 0,
          },
          "effects": [],
          "facing": 3.142,
          "hp": 0,
          "id": "p0",
          "kills": 2,
          "mana": 14.4,
          "shield": 0,
          "ult": 100,
          "x": 1202.806,
          "y": 713.353,
        },
        {
          "alive": false,
          "cd": {
            "basic": 0,
            "evade": 0.786,
            "skill1": 2.048,
            "skill2": 0,
            "ultimate": 0,
          },
          "effects": [
            "stun",
          ],
          "facing": 0,
          "hp": 0,
          "id": "p1",
          "kills": 0,
          "mana": 95.3,
          "shield": 0,
          "ult": 82.7,
          "x": 1301.425,
          "y": 768.106,
        },
        {
          "alive": false,
          "cd": {
            "basic": 0,
            "evade": 2.31,
            "skill1": 4.286,
            "skill2": 0,
            "ultimate": 0,
          },
          "effects": [],
          "facing": 3.142,
          "hp": 0,
          "id": "p2",
          "kills": 0,
          "mana": 8.7,
          "shield": 0,
          "ult": 77.119,
          "x": 1178.324,
          "y": 741.537,
        },
        {
          "alive": true,
          "cd": {
            "basic": 0,
            "evade": 2.071,
            "skill1": 0.619,
            "skill2": 0,
            "ultimate": 5.619,
          },
          "effects": [
            "protect",
            "reflect",
          ],
          "facing": -1.571,
          "hp": 140.182,
          "id": "p3",
          "kills": 0,
          "mana": 24.8,
          "shield": 104.943,
          "ult": 40.279,
          "x": 1224.563,
          "y": 721.344,
        },
        {
          "alive": false,
          "cd": {
            "basic": 0.362,
            "evade": 0,
            "skill1": 0,
            "skill2": 0,
            "ultimate": 0,
          },
          "effects": [
            "bleed",
          ],
          "facing": 1.571,
          "hp": 0,
          "id": "p4",
          "kills": 1,
          "mana": 29.7,
          "shield": 0,
          "ult": 100,
          "x": 1181.667,
          "y": 753.612,
        },
        {
          "alive": true,
          "cd": {
            "basic": 0,
            "evade": 3.213,
            "skill1": 5.278,
            "skill2": 0,
            "ultimate": 0,
          },
          "effects": [
            "evading",
            "lifesteal",
            "rage",
          ],
          "facing": 2.356,
          "hp": 44.971,
          "id": "p5",
          "kills": 1,
          "mana": 32.4,
          "shield": 0,
          "ult": 89.972,
          "x": 1386.997,
          "y": 772.112,
        },
      ],
      "time": 29,
      "winner": null,
    },
    {
      "counts": {
        "fx": 3,
        "projectiles": 0,
        "zones": 0,
      },
      "phase": "playing",
      "players": [
        {
          "alive": false,
          "cd": {
            "basic": 0.455,
            "evade": 0,
            "skill1": 5.476,
            "skill2": 0,
            "ultimate": 0,
          },
          "effects": [],
          "facing": 3.142,
          "hp": 0,
          "id": "p0",
          "kills": 2,
          "mana": 14.4,
          "shield": 0,
          "ult": 100,
          "x": 1202.806,
          "y": 713.353,
        },
        {
          "alive": false,
          "cd": {
            "basic": 0,
            "evade": 0.786,
            "skill1": 2.048,
            "skill2": 0,
            "ultimate": 0,
          },
          "effects": [
            "stun",
          ],
          "facing": 0,
          "hp": 0,
          "id": "p1",
          "kills": 0,
          "mana": 95.3,
          "shield": 0,
          "ult": 82.7,
          "x": 1301.425,
          "y": 768.106,
        },
        {
          "alive": false,
          "cd": {
            "basic": 0,
            "evade": 2.31,
            "skill1": 4.286,
            "skill2": 0,
            "ultimate": 0,
          },
          "effects": [],
          "facing": 3.142,
          "hp": 0,
          "id": "p2",
          "kills": 0,
          "mana": 8.7,
          "shield": 0,
          "ult": 77.119,
          "x": 1178.324,
          "y": 741.537,
        },
        {
          "alive": true,
          "cd": {
            "basic": 0.096,
            "evade": 0.643,
            "skill1": 0,
            "skill2": 0,
            "ultimate": 4.19,
          },
          "effects": [
            "protect",
          ],
          "facing": -1.571,
          "hp": 140.182,
          "id": "p3",
          "kills": 0,
          "mana": 27.8,
          "shield": 0,
          "ult": 48.279,
          "x": 1224.879,
          "y": 730.282,
        },
        {
          "alive": false,
          "cd": {
            "basic": 0.362,
            "evade": 0,
            "skill1": 0,
            "skill2": 0,
            "ultimate": 0,
          },
          "effects": [
            "bleed",
          ],
          "facing": 1.571,
          "hp": 0,
          "id": "p4",
          "kills": 1,
          "mana": 29.7,
          "shield": 0,
          "ult": 100,
          "x": 1181.667,
          "y": 753.612,
        },
        {
          "alive": true,
          "cd": {
            "basic": 0,
            "evade": 1.066,
            "skill1": 3.131,
            "skill2": 9.719,
            "ultimate": 0,
          },
          "effects": [
            "lifesteal",
            "rage",
          ],
          "facing": -1.571,
          "hp": 59.971,
          "id": "p5",
          "kills": 1,
          "mana": 35.4,
          "shield": 0,
          "ult": 97.972,
          "x": 1242.144,
          "y": 842.125,
        },
      ],
      "time": 30,
      "winner": null,
    },
  ],
}
`;
